Archive member included to satisfy reference by file (symbol)

/Users/leixiaoxiang/opt/gcc-arm-none-eabi/bin/../lib/gcc/arm-none-eabi/5.4.1/../../../../arm-none-eabi/lib/armv7-m/libc_nano.a(lib_a-exit.o)
                              /Users/leixiaoxiang/opt/gcc-arm-none-eabi/bin/../lib/gcc/arm-none-eabi/5.4.1/../../../../arm-none-eabi/lib/armv7-m/crt0.o (exit)
/Users/leixiaoxiang/opt/gcc-arm-none-eabi/bin/../lib/gcc/arm-none-eabi/5.4.1/../../../../arm-none-eabi/lib/armv7-m/libc_nano.a(lib_a-impure.o)
                              /Users/leixiaoxiang/opt/gcc-arm-none-eabi/bin/../lib/gcc/arm-none-eabi/5.4.1/../../../../arm-none-eabi/lib/armv7-m/libc_nano.a(lib_a-exit.o) (_global_impure_ptr)
/Users/leixiaoxiang/opt/gcc-arm-none-eabi/bin/../lib/gcc/arm-none-eabi/5.4.1/../../../../arm-none-eabi/lib/armv7-m/libc_nano.a(lib_a-init.o)
                              /Users/leixiaoxiang/opt/gcc-arm-none-eabi/bin/../lib/gcc/arm-none-eabi/5.4.1/../../../../arm-none-eabi/lib/armv7-m/crt0.o (__libc_init_array)
/Users/leixiaoxiang/opt/gcc-arm-none-eabi/bin/../lib/gcc/arm-none-eabi/5.4.1/../../../../arm-none-eabi/lib/armv7-m/libc_nano.a(lib_a-memset.o)
                              /Users/leixiaoxiang/opt/gcc-arm-none-eabi/bin/../lib/gcc/arm-none-eabi/5.4.1/../../../../arm-none-eabi/lib/armv7-m/crt0.o (memset)
/Users/leixiaoxiang/opt/gcc-arm-none-eabi/bin/../lib/gcc/arm-none-eabi/5.4.1/../../../../arm-none-eabi/lib/armv7-m/libnosys.a(_exit.o)
                              /Users/leixiaoxiang/opt/gcc-arm-none-eabi/bin/../lib/gcc/arm-none-eabi/5.4.1/../../../../arm-none-eabi/lib/armv7-m/libc_nano.a(lib_a-exit.o) (_exit)

Allocating common symbols
Common symbol       size              file

uart_data2          0x19              build/usart.o
hadc2               0x30              build/adc.o
hi2c1               0x54              build/i2c.o
hi2c2               0x54              build/i2c.o
uwTick              0x4               build/stm32f1xx_hal.o
pFlash              0x20              build/stm32f1xx_hal_flash.o
huart5              0x40              build/usart.o
hadc1               0x30              build/adc.o
huart4              0x40              build/usart.o
uart_data1          0x19              build/usart.o

Discarded input sections

 .text          0x0000000000000000        0x0 /Users/leixiaoxiang/opt/gcc-arm-none-eabi/bin/../lib/gcc/arm-none-eabi/5.4.1/armv7-m/crti.o
 .data          0x0000000000000000        0x0 /Users/leixiaoxiang/opt/gcc-arm-none-eabi/bin/../lib/gcc/arm-none-eabi/5.4.1/armv7-m/crti.o
 .bss           0x0000000000000000        0x0 /Users/leixiaoxiang/opt/gcc-arm-none-eabi/bin/../lib/gcc/arm-none-eabi/5.4.1/armv7-m/crti.o
 .data          0x0000000000000000        0x4 /Users/leixiaoxiang/opt/gcc-arm-none-eabi/bin/../lib/gcc/arm-none-eabi/5.4.1/armv7-m/crtbegin.o
 .text          0x0000000000000000       0x74 /Users/leixiaoxiang/opt/gcc-arm-none-eabi/bin/../lib/gcc/arm-none-eabi/5.4.1/../../../../arm-none-eabi/lib/armv7-m/crt0.o
 .data          0x0000000000000000        0x0 /Users/leixiaoxiang/opt/gcc-arm-none-eabi/bin/../lib/gcc/arm-none-eabi/5.4.1/../../../../arm-none-eabi/lib/armv7-m/crt0.o
 .bss           0x0000000000000000        0x0 /Users/leixiaoxiang/opt/gcc-arm-none-eabi/bin/../lib/gcc/arm-none-eabi/5.4.1/../../../../arm-none-eabi/lib/armv7-m/crt0.o
 .ARM.extab     0x0000000000000000        0x0 /Users/leixiaoxiang/opt/gcc-arm-none-eabi/bin/../lib/gcc/arm-none-eabi/5.4.1/../../../../arm-none-eabi/lib/armv7-m/crt0.o
 .ARM.exidx     0x0000000000000000        0x8 /Users/leixiaoxiang/opt/gcc-arm-none-eabi/bin/../lib/gcc/arm-none-eabi/5.4.1/../../../../arm-none-eabi/lib/armv7-m/crt0.o
 .ARM.attributes
                0x0000000000000000       0x1b /Users/leixiaoxiang/opt/gcc-arm-none-eabi/bin/../lib/gcc/arm-none-eabi/5.4.1/../../../../arm-none-eabi/lib/armv7-m/crt0.o
 .text          0x0000000000000000        0x0 build/main.o
 .data          0x0000000000000000        0x0 build/main.o
 .bss           0x0000000000000000        0x0 build/main.o
 .text          0x0000000000000000        0x0 build/gpio.o
 .data          0x0000000000000000        0x0 build/gpio.o
 .bss           0x0000000000000000        0x0 build/gpio.o
 .text          0x0000000000000000        0x0 build/adc.o
 .data          0x0000000000000000        0x0 build/adc.o
 .bss           0x0000000000000000        0x0 build/adc.o
 .text.HAL_ADC_MspDeInit
                0x0000000000000000       0x48 build/adc.o
 .text          0x0000000000000000        0x0 build/i2c.o
 .data          0x0000000000000000        0x0 build/i2c.o
 .bss           0x0000000000000000        0x0 build/i2c.o
 .text.HAL_I2C_MspDeInit
                0x0000000000000000       0x58 build/i2c.o
 .text          0x0000000000000000        0x0 build/usart.o
 .data          0x0000000000000000        0x0 build/usart.o
 .bss           0x0000000000000000        0x0 build/usart.o
 .text.HAL_UART_MspDeInit
                0x0000000000000000       0x64 build/usart.o
[...]
Memory Configuration

Name             Origin             Length             Attributes
RAM              0x0000000020000000 0x0000000000010000 xrw
FLASH            0x0000000008000000 0x0000000000080000 xr
*default*        0x0000000000000000 0xffffffffffffffff

Linker script and memory map

LOAD /Users/leixiaoxiang/opt/gcc-arm-none-eabi/bin/../lib/gcc/arm-none-eabi/5.4.1/armv7-m/crti.o
LOAD /Users/leixiaoxiang/opt/gcc-arm-none-eabi/bin/../lib/gcc/arm-none-eabi/5.4.1/armv7-m/crtbegin.o
LOAD /Users/leixiaoxiang/opt/gcc-arm-none-eabi/bin/../lib/gcc/arm-none-eabi/5.4.1/../../../../arm-none-eabi/lib/armv7-m/crt0.o
LOAD build/main.o
LOAD build/gpio.o
LOAD build/adc.o
LOAD build/i2c.o
LOAD build/usart.o
LOAD build/oled_i2c.o
LOAD build/stm32f1xx_it.o
LOAD build/stm32f1xx_hal_msp.o
LOAD build/stm32f1xx_hal_gpio_ex.o
LOAD build/stm32f1xx_hal_adc.o
LOAD build/stm32f1xx_hal_adc_ex.o
LOAD build/stm32f1xx_hal.o
LOAD build/stm32f1xx_hal_rcc.o
LOAD build/stm32f1xx_hal_rcc_ex.o
LOAD build/stm32f1xx_hal_gpio.o
LOAD build/stm32f1xx_hal_dma.o
LOAD build/stm32f1xx_hal_cortex.o
LOAD build/stm32f1xx_hal_pwr.o
LOAD build/stm32f1xx_hal_flash.o
LOAD build/stm32f1xx_hal_flash_ex.o
LOAD build/stm32f1xx_hal_exti.o
LOAD build/stm32f1xx_hal_i2c.o
LOAD build/stm32f1xx_hal_tim.o
LOAD build/stm32f1xx_hal_tim_ex.o
LOAD build/stm32f1xx_hal_uart.o
LOAD build/system_stm32f1xx.o
LOAD build/startup_stm32f103xe.o
LOAD /Users/leixiaoxiang/opt/gcc-arm-none-eabi/bin/../lib/gcc/arm-none-eabi/5.4.1/../../../../arm-none-eabi/lib/armv7-m/libc_nano.a
LOAD /Users/leixiaoxiang/opt/gcc-arm-none-eabi/bin/../lib/gcc/arm-none-eabi/5.4.1/../../../../arm-none-eabi/lib/armv7-m/libm.a
LOAD /Users/leixiaoxiang/opt/gcc-arm-none-eabi/bin/../lib/gcc/arm-none-eabi/5.4.1/../../../../arm-none-eabi/lib/armv7-m/libnosys.a
START GROUP
LOAD /Users/leixiaoxiang/opt/gcc-arm-none-eabi/bin/../lib/gcc/arm-none-eabi/5.4.1/armv7-m/libgcc.a
LOAD /Users/leixiaoxiang/opt/gcc-arm-none-eabi/bin/../lib/gcc/arm-none-eabi/5.4.1/../../../../arm-none-eabi/lib/armv7-m/libc_nano.a
END GROUP
START GROUP
LOAD /Users/leixiaoxiang/opt/gcc-arm-none-eabi/bin/../lib/gcc/arm-none-eabi/5.4.1/armv7-m/libgcc.a
LOAD /Users/leixiaoxiang/opt/gcc-arm-none-eabi/bin/../lib/gcc/arm-none-eabi/5.4.1/../../../../arm-none-eabi/lib/armv7-m/libc_nano.a
END GROUP
LOAD /Users/leixiaoxiang/opt/gcc-arm-none-eabi/bin/../lib/gcc/arm-none-eabi/5.4.1/armv7-m/crtend.o
LOAD /Users/leixiaoxiang/opt/gcc-arm-none-eabi/bin/../lib/gcc/arm-none-eabi/5.4.1/armv7-m/crtn.o
                0x0000000020010000                _estack = 0x20010000
                0x0000000000000200                _Min_Heap_Size = 0x200
                0x0000000000000400                _Min_Stack_Size = 0x400

.isr_vector     0x0000000008000000      0x1e4
                0x0000000008000000                . = ALIGN (0x4)
 *(.isr_vector)
 .isr_vector    0x0000000008000000      0x1e4 build/startup_stm32f103xe.o
                0x0000000008000000                g_pfnVectors
                0x00000000080001e4                . = ALIGN (0x4)

.text           0x00000000080001e4     0x38d4
                0x00000000080001e4                . = ALIGN (0x4)
 *(.text)
 .text          0x00000000080001e4       0x5c /Users/leixiaoxiang/opt/gcc-arm-none-eabi/bin/../lib/gcc/arm-none-eabi/5.4.1/armv7-m/crtbegin.o
 *(.text*)
 .text.SystemClock_Config
                0x0000000008000240       0x70 build/main.o
                0x0000000008000240                SystemClock_Config
 .text.main     0x00000000080002b0       0xa0 build/main.o
                0x00000000080002b0                main
 .text.Error_Handler
                0x0000000008000350        0x4 build/main.o
                0x0000000008000350                Error_Handler
 .text.MX_GPIO_Init
                0x0000000008000354       0xdc build/gpio.o
                0x0000000008000354                MX_GPIO_Init
 .text.HAL_GPIO_EXTI_Callback
                0x0000000008000430       0x10 build/gpio.o
                0x0000000008000430                HAL_GPIO_EXTI_Callback
 .text.MX_GPIO1_TEST_Error
                0x0000000008000440       0x28 build/gpio.o
                0x0000000008000440                MX_GPIO1_TEST_Error
 .text.MX_GPIO2_TEST_Error
                0x0000000008000468       0x28 build/gpio.o
                0x0000000008000468                MX_GPIO2_TEST_Error
 .text.MX_ADC1_Init
                0x0000000008000490       0x58 build/adc.o
                0x0000000008000490                MX_ADC1_Init
 .text.MX_ADC2_Init
                0x00000000080004e8       0x58 build/adc.o
                0x00000000080004e8                MX_ADC2_Init
 .text.HAL_ADC_MspInit
                0x0000000008000540       0xa0 build/adc.o
                0x0000000008000540                HAL_ADC_MspInit
 .text.MMX_ADC_Conversion
                0x00000000080005e0       0x28 build/adc.o
                0x00000000080005e0                MMX_ADC_Conversion
 .text.MX_I2C1_Init
                0x0000000008000608       0x38 build/i2c.o
                0x0000000008000608                MX_I2C1_Init
 .text.MX_I2C2_Init
                0x0000000008000640       0x38 build/i2c.o
                0x0000000008000640                MX_I2C2_Init
 .text.HAL_I2C_MspInit
                0x0000000008000678       0xc8 build/i2c.o
                0x0000000008000678                HAL_I2C_MspInit
 .text.MX_UART4_Init
                0x0000000008000740       0x40 build/usart.o
                0x0000000008000740                MX_UART4_Init
 .text.MX_UART5_Init
                0x0000000008000780       0x40 build/usart.o
                0x0000000008000780                MX_UART5_Init
 .text.HAL_UART_MspInit
                0x00000000080007c0      0x108 build/usart.o
                0x00000000080007c0                HAL_UART_MspInit
 .text.HAL_UART_RxCpltCallback
                0x00000000080008c8       0x30 build/usart.o
                0x00000000080008c8                HAL_UART_RxCpltCallback
 .text.OLED_Init
                0x00000000080008f8       0x68 build/oled_i2c.o
                0x00000000080008f8                OLED_Init
 .text.display_ctrl
                0x0000000008000960      0x3ec build/oled_i2c.o
                0x0000000008000960                display_ctrl
 .text.NMI_Handler
                0x0000000008000d4c        0x4 build/stm32f1xx_it.o
                0x0000000008000d4c                NMI_Handler
 .text.HardFault_Handler
                0x0000000008000d50        0x4 build/stm32f1xx_it.o
                0x0000000008000d50                HardFault_Handler
 .text.MemManage_Handler
                0x0000000008000d54        0x4 build/stm32f1xx_it.o
                0x0000000008000d54                MemManage_Handler
 .text.BusFault_Handler
                0x0000000008000d58        0x4 build/stm32f1xx_it.o
                0x0000000008000d58                BusFault_Handler
 .text.UsageFault_Handler
                0x0000000008000d5c        0x4 build/stm32f1xx_it.o
                0x0000000008000d5c                UsageFault_Handler
 .text.SVC_Handler
                0x0000000008000d60        0x4 build/stm32f1xx_it.o
                0x0000000008000d60                SVC_Handler
 .text.DebugMon_Handler
                0x0000000008000d64        0x4 build/stm32f1xx_it.o
                0x0000000008000d64                DebugMon_Handler
 .text.PendSV_Handler
                0x0000000008000d68        0x4 build/stm32f1xx_it.o
                0x0000000008000d68                PendSV_Handler
 .text.SysTick_Handler
                0x0000000008000d6c        0x8 build/stm32f1xx_it.o
                0x0000000008000d6c                SysTick_Handler
 .text.I2C1_EV_IRQHandler
                0x0000000008000d74       0x10 build/stm32f1xx_it.o
                0x0000000008000d74                I2C1_EV_IRQHandler
 .text.I2C2_EV_IRQHandler
                0x0000000008000d84       0x10 build/stm32f1xx_it.o
                0x0000000008000d84                I2C2_EV_IRQHandler
 .text.UART4_IRQHandler
                0x0000000008000d94       0x10 build/stm32f1xx_it.o
                0x0000000008000d94                UART4_IRQHandler
 .text.UART5_IRQHandler
                0x0000000008000da4       0x10 build/stm32f1xx_it.o
                0x0000000008000da4                UART5_IRQHandler
 .text.EXTI0_IRQHandler
                0x0000000008000db4        0xc build/stm32f1xx_it.o
                0x0000000008000db4                EXTI0_IRQHandler
 .text.HAL_MspInit
                0x0000000008000dc0       0x44 build/stm32f1xx_hal_msp.o
                0x0000000008000dc0                HAL_MspInit
 .text.HAL_ADC_PollForConversion
                0x0000000008000e04      0x174 build/stm32f1xx_hal_adc.o
                0x0000000008000e04                HAL_ADC_PollForConversion
 .text.HAL_ADC_GetValue
                0x0000000008000f78        0x8 build/stm32f1xx_hal_adc.o
                0x0000000008000f78                HAL_ADC_GetValue
 .text.HAL_ADC_ConfigChannel
                0x0000000008000f80      0x138 build/stm32f1xx_hal_adc.o
                0x0000000008000f80                HAL_ADC_ConfigChannel
 .text.HAL_ADC_GetState
                0x00000000080010b8        0x4 build/stm32f1xx_hal_adc.o
                0x00000000080010b8                HAL_ADC_GetState
 .text.ADC_Enable
                0x00000000080010bc       0x80 build/stm32f1xx_hal_adc.o
                0x00000000080010bc                ADC_Enable
 .text.HAL_ADC_Start
                0x000000000800113c       0xf8 build/stm32f1xx_hal_adc.o
                0x000000000800113c                HAL_ADC_Start
 .text.ADC_ConversionStop_Disable
                0x0000000008001234       0x50 build/stm32f1xx_hal_adc.o
                0x0000000008001234                ADC_ConversionStop_Disable
 .text.HAL_ADC_Init
                0x0000000008001284      0x128 build/stm32f1xx_hal_adc.o
                0x0000000008001284                HAL_ADC_Init
 .text.HAL_InitTick
                0x00000000080013ac       0x4c build/stm32f1xx_hal.o
                0x00000000080013ac                HAL_InitTick
 .text.HAL_Init
                0x00000000080013f8       0x24 build/stm32f1xx_hal.o
                0x00000000080013f8                HAL_Init
 .text.HAL_IncTick
                0x000000000800141c       0x18 build/stm32f1xx_hal.o
                0x000000000800141c                HAL_IncTick
 .text.HAL_GetTick
                0x0000000008001434        0xc build/stm32f1xx_hal.o
                0x0000000008001434                HAL_GetTick
 .text.HAL_Delay
                0x0000000008001440       0x28 build/stm32f1xx_hal.o
                0x0000000008001440                HAL_Delay
 .text.RCC_Delay
                0x0000000008001468       0x2c build/stm32f1xx_hal_rcc.o
 .text.HAL_RCC_OscConfig
                0x0000000008001494      0x434 build/stm32f1xx_hal_rcc.o
                0x0000000008001494                HAL_RCC_OscConfig
 .text.HAL_RCC_GetSysClockFreq
                0x00000000080018c8       0x70 build/stm32f1xx_hal_rcc.o
                0x00000000080018c8                HAL_RCC_GetSysClockFreq
 .text.HAL_RCC_ClockConfig
                0x0000000008001938      0x170 build/stm32f1xx_hal_rcc.o
                0x0000000008001938                HAL_RCC_ClockConfig
 .text.HAL_RCC_GetHCLKFreq
                0x0000000008001aa8        0xc build/stm32f1xx_hal_rcc.o
                0x0000000008001aa8                HAL_RCC_GetHCLKFreq
 .text.HAL_RCC_GetPCLK1Freq
                0x0000000008001ab4       0x20 build/stm32f1xx_hal_rcc.o
                0x0000000008001ab4                HAL_RCC_GetPCLK1Freq
 .text.HAL_RCC_GetPCLK2Freq
                0x0000000008001ad4       0x20 build/stm32f1xx_hal_rcc.o
                0x0000000008001ad4                HAL_RCC_GetPCLK2Freq
 .text.HAL_RCCEx_PeriphCLKConfig
                0x0000000008001af4      0x114 build/stm32f1xx_hal_rcc_ex.o
                0x0000000008001af4                HAL_RCCEx_PeriphCLKConfig
 .text.HAL_RCCEx_GetPeriphCLKFreq
                0x0000000008001c08      0x120 build/stm32f1xx_hal_rcc_ex.o
                0x0000000008001c08                HAL_RCCEx_GetPeriphCLKFreq
 .text.HAL_GPIO_Init
                0x0000000008001d28      0x1f0 build/stm32f1xx_hal_gpio.o
                0x0000000008001d28                HAL_GPIO_Init
 .text.HAL_GPIO_WritePin
                0x0000000008001f18        0xc build/stm32f1xx_hal_gpio.o
                0x0000000008001f18                HAL_GPIO_WritePin
 .text.HAL_GPIO_EXTI_IRQHandler
                0x0000000008001f24       0x18 build/stm32f1xx_hal_gpio.o
                0x0000000008001f24                HAL_GPIO_EXTI_IRQHandler
 .text.HAL_DMA_Abort_IT
                0x0000000008001f3c      0x168 build/stm32f1xx_hal_dma.o
                0x0000000008001f3c                HAL_DMA_Abort_IT
 .text.HAL_DMA_GetState
                0x00000000080020a4        0x8 build/stm32f1xx_hal_dma.o
                0x00000000080020a4                HAL_DMA_GetState
 .text.HAL_NVIC_SetPriorityGrouping
                0x00000000080020ac       0x24 build/stm32f1xx_hal_cortex.o
                0x00000000080020ac                HAL_NVIC_SetPriorityGrouping
 .text.HAL_NVIC_SetPriority
                0x00000000080020d0       0x64 build/stm32f1xx_hal_cortex.o
                0x00000000080020d0                HAL_NVIC_SetPriority
 .text.HAL_NVIC_EnableIRQ
                0x0000000008002134       0x1c build/stm32f1xx_hal_cortex.o
                0x0000000008002134                HAL_NVIC_EnableIRQ
 .text.HAL_SYSTICK_Config
                0x0000000008002150       0x2c build/stm32f1xx_hal_cortex.o
                0x0000000008002150                HAL_SYSTICK_Config
 .text.I2C_Master_SB
                0x000000000800217c       0xa0 build/stm32f1xx_hal_i2c.o
 .text.I2C_Master_ADD10
                0x000000000800221c       0x28 build/stm32f1xx_hal_i2c.o
 .text.I2C_Master_ADDR
                0x0000000008002244      0x214 build/stm32f1xx_hal_i2c.o
 .text.I2C_SlaveTransmit_BTF
                0x0000000008002458       0x20 build/stm32f1xx_hal_i2c.o
 .text.I2C_SlaveReceive_BTF
                0x0000000008002478       0x20 build/stm32f1xx_hal_i2c.o
 .text.I2C_IsAcknowledgeFailed
                0x0000000008002498       0x34 build/stm32f1xx_hal_i2c.o
 .text.I2C_ConvertOtherXferOptions
                0x00000000080024cc       0x1c build/stm32f1xx_hal_i2c.o
 .text.I2C_WaitOnFlagUntilTimeout
                0x00000000080024e8       0x70 build/stm32f1xx_hal_i2c.o
 .text.I2C_WaitOnMasterAddressFlagUntilTimeout
                0x0000000008002558       0xa8 build/stm32f1xx_hal_i2c.o
 .text.I2C_WaitOnTXEFlagUntilTimeout
                0x0000000008002600       0x54 build/stm32f1xx_hal_i2c.o
 .text.I2C_RequestMemoryWrite
                0x0000000008002654       0xd0 build/stm32f1xx_hal_i2c.o
 .text.I2C_WaitOnBTFFlagUntilTimeout
                0x0000000008002724       0x54 build/stm32f1xx_hal_i2c.o
 .text.HAL_I2C_Init
                0x0000000008002778      0x1a0 build/stm32f1xx_hal_i2c.o
                0x0000000008002778                HAL_I2C_Init
 .text.HAL_I2C_Mem_Write
                0x0000000008002918      0x16c build/stm32f1xx_hal_i2c.o
                0x0000000008002918                HAL_I2C_Mem_Write
 .text.HAL_I2C_MasterTxCpltCallback
                0x0000000008002a84        0x4 build/stm32f1xx_hal_i2c.o
                0x0000000008002a84                HAL_I2C_MasterTxCpltCallback
 .text.HAL_I2C_MasterRxCpltCallback
                0x0000000008002a88        0x4 build/stm32f1xx_hal_i2c.o
                0x0000000008002a88                HAL_I2C_MasterRxCpltCallback
 .text.HAL_I2C_SlaveTxCpltCallback
                0x0000000008002a8c        0x4 build/stm32f1xx_hal_i2c.o
                0x0000000008002a8c                HAL_I2C_SlaveTxCpltCallback
 .text.I2C_SlaveTransmit_TXE
                0x0000000008002a90       0x4c build/stm32f1xx_hal_i2c.o
 .text.HAL_I2C_SlaveRxCpltCallback
                0x0000000008002adc        0x4 build/stm32f1xx_hal_i2c.o
                0x0000000008002adc                HAL_I2C_SlaveRxCpltCallback
 .text.I2C_SlaveReceive_RXNE
                0x0000000008002ae0       0x4c build/stm32f1xx_hal_i2c.o
 .text.HAL_I2C_AddrCallback
                0x0000000008002b2c        0x4 build/stm32f1xx_hal_i2c.o
                0x0000000008002b2c                HAL_I2C_AddrCallback
 .text.I2C_Slave_ADDR
                0x0000000008002b30       0x50 build/stm32f1xx_hal_i2c.o
 .text.HAL_I2C_ListenCpltCallback
                0x0000000008002b80        0x4 build/stm32f1xx_hal_i2c.o
                0x0000000008002b80                HAL_I2C_ListenCpltCallback
 .text.HAL_I2C_MemTxCpltCallback
                0x0000000008002b84        0x4 build/stm32f1xx_hal_i2c.o
                0x0000000008002b84                HAL_I2C_MemTxCpltCallback
 .text.I2C_MasterTransmit_TXE
                0x0000000008002b88      0x14c build/stm32f1xx_hal_i2c.o
 .text.I2C_MasterTransmit_BTF
                0x0000000008002cd4       0x9c build/stm32f1xx_hal_i2c.o
 .text.HAL_I2C_MemRxCpltCallback
                0x0000000008002d70        0x4 build/stm32f1xx_hal_i2c.o
                0x0000000008002d70                HAL_I2C_MemRxCpltCallback
 .text.I2C_MasterReceive_RXNE
                0x0000000008002d74       0xa4 build/stm32f1xx_hal_i2c.o
 .text.I2C_MasterReceive_BTF
                0x0000000008002e18      0x12c build/stm32f1xx_hal_i2c.o
 .text.HAL_I2C_ErrorCallback
                0x0000000008002f44        0x4 build/stm32f1xx_hal_i2c.o
                0x0000000008002f44                HAL_I2C_ErrorCallback
 .text.HAL_I2C_AbortCpltCallback
                0x0000000008002f48        0x4 build/stm32f1xx_hal_i2c.o
                0x0000000008002f48                HAL_I2C_AbortCpltCallback
 .text.I2C_DMAAbort
                0x0000000008002f4c       0x8c build/stm32f1xx_hal_i2c.o
 .text.I2C_ITError
                0x0000000008002fd8      0x164 build/stm32f1xx_hal_i2c.o
 .text.I2C_Slave_STOPF
                0x000000000800313c      0x188 build/stm32f1xx_hal_i2c.o
 .text.HAL_I2C_EV_IRQHandler
                0x00000000080032c4      0x198 build/stm32f1xx_hal_i2c.o
                0x00000000080032c4                HAL_I2C_EV_IRQHandler
 .text.UART_EndRxTransfer
                0x000000000800345c       0x1c build/stm32f1xx_hal_uart.o
 .text.UART_Transmit_IT
                0x0000000008003478       0x6c build/stm32f1xx_hal_uart.o
 .text.UART_SetConfig
                0x00000000080034e4       0xcc build/stm32f1xx_hal_uart.o
 .text.UART_WaitOnFlagUntilTimeout
                0x00000000080035b0       0x68 build/stm32f1xx_hal_uart.o
 .text.HAL_UART_Init
                0x0000000008003618       0x64 build/stm32f1xx_hal_uart.o
                0x0000000008003618                HAL_UART_Init
 .text.HAL_UART_Transmit
                0x000000000800367c       0xe4 build/stm32f1xx_hal_uart.o
                0x000000000800367c                HAL_UART_Transmit
 .text.HAL_UART_Receive_IT
                0x0000000008003760       0x5c build/stm32f1xx_hal_uart.o
                0x0000000008003760                HAL_UART_Receive_IT
 .text.HAL_UART_TxCpltCallback
                0x00000000080037bc        0x4 build/stm32f1xx_hal_uart.o
                0x00000000080037bc                HAL_UART_TxCpltCallback
 .text.UART_EndTransmit_IT
                0x00000000080037c0       0x1c build/stm32f1xx_hal_uart.o
 .text.UART_Receive_IT
                0x00000000080037dc       0xa0 build/stm32f1xx_hal_uart.o
 .text.HAL_UART_ErrorCallback
                0x000000000800387c        0x4 build/stm32f1xx_hal_uart.o
                0x000000000800387c                HAL_UART_ErrorCallback
 .text.HAL_UART_IRQHandler
                0x0000000008003880      0x11c build/stm32f1xx_hal_uart.o
                0x0000000008003880                HAL_UART_IRQHandler
 .text.UART_DMAAbortOnError
                0x000000000800399c       0x10 build/stm32f1xx_hal_uart.o
 .text.SystemInit
                0x00000000080039ac       0x4c build/system_stm32f1xx.o
                0x00000000080039ac                SystemInit
 .text.Reset_Handler
                0x00000000080039f8       0x48 build/startup_stm32f103xe.o
                0x00000000080039f8                Reset_Handler
 .text.Default_Handler
                0x0000000008003a40        0x2 build/startup_stm32f103xe.o
                0x0000000008003a40                DMA2_Channel3_IRQHandler
                0x0000000008003a40                EXTI2_IRQHandler
                0x0000000008003a40                TIM8_TRG_COM_IRQHandler
                0x0000000008003a40                TIM8_CC_IRQHandler
                0x0000000008003a40                TIM1_CC_IRQHandler
                0x0000000008003a40                TIM6_IRQHandler
                0x0000000008003a40                PVD_IRQHandler
                0x0000000008003a40                SDIO_IRQHandler
                0x0000000008003a40                EXTI3_IRQHandler
                0x0000000008003a40                ADC1_2_IRQHandler
                0x0000000008003a40                SPI1_IRQHandler
                0x0000000008003a40                TAMPER_IRQHandler
                0x0000000008003a40                TIM8_UP_IRQHandler
                0x0000000008003a40                DMA2_Channel2_IRQHandler
                0x0000000008003a40                DMA1_Channel4_IRQHandler
                0x0000000008003a40                USART3_IRQHandler
                0x0000000008003a40                RTC_IRQHandler
                0x0000000008003a40                DMA1_Channel7_IRQHandler
                0x0000000008003a40                CAN1_RX1_IRQHandler
                0x0000000008003a40                ADC3_IRQHandler
                0x0000000008003a40                TIM4_IRQHandler
                0x0000000008003a40                DMA2_Channel1_IRQHandler
                0x0000000008003a40                DMA1_Channel6_IRQHandler
                0x0000000008003a40                TIM3_IRQHandler
                0x0000000008003a40                RCC_IRQHandler
                0x0000000008003a40                TIM1_TRG_COM_IRQHandler
                0x0000000008003a40                DMA1_Channel1_IRQHandler
                0x0000000008003a40                Default_Handler
                0x0000000008003a40                EXTI15_10_IRQHandler
                0x0000000008003a40                TIM7_IRQHandler
                0x0000000008003a40                TIM5_IRQHandler
                0x0000000008003a40                EXTI9_5_IRQHandler
                0x0000000008003a40                SPI2_IRQHandler
                0x0000000008003a40                DMA1_Channel5_IRQHandler
                0x0000000008003a40                EXTI4_IRQHandler
                0x0000000008003a40                USB_LP_CAN1_RX0_IRQHandler
                0x0000000008003a40                USB_HP_CAN1_TX_IRQHandler
                0x0000000008003a40                DMA1_Channel3_IRQHandler
                0x0000000008003a40                FSMC_IRQHandler
                0x0000000008003a40                TIM1_UP_IRQHandler
                0x0000000008003a40                WWDG_IRQHandler
                0x0000000008003a40                TIM2_IRQHandler
                0x0000000008003a40                TIM1_BRK_IRQHandler
                0x0000000008003a40                EXTI1_IRQHandler
                0x0000000008003a40                DMA2_Channel4_5_IRQHandler
                0x0000000008003a40                USART2_IRQHandler
                0x0000000008003a40                I2C2_ER_IRQHandler
                0x0000000008003a40                DMA1_Channel2_IRQHandler
                0x0000000008003a40                TIM8_BRK_IRQHandler
                0x0000000008003a40                CAN1_SCE_IRQHandler
                0x0000000008003a40                FLASH_IRQHandler
                0x0000000008003a40                USART1_IRQHandler
                0x0000000008003a40                SPI3_IRQHandler
                0x0000000008003a40                I2C1_ER_IRQHandler
                0x0000000008003a40                USBWakeUp_IRQHandler
                0x0000000008003a40                RTC_Alarm_IRQHandler
 *fill*         0x0000000008003a42        0x2 
 .text.__libc_init_array
                0x0000000008003a44       0x4c /Users/leixiaoxiang/opt/gcc-arm-none-eabi/bin/../lib/gcc/arm-none-eabi/5.4.1/../../../../arm-none-eabi/lib/armv7-m/libc_nano.a(lib_a-init.o)
                0x0000000008003a44                __libc_init_array
 .text.memset   0x0000000008003a90       0x10 /Users/leixiaoxiang/opt/gcc-arm-none-eabi/bin/../lib/gcc/arm-none-eabi/5.4.1/../../../../arm-none-eabi/lib/armv7-m/libc_nano.a(lib_a-memset.o)
                0x0000000008003a90                memset
 *(.glue_7)
 .glue_7        0x0000000008003aa0        0x0 linker stubs
 *(.glue_7t)
 .glue_7t       0x0000000008003aa0        0x0 linker stubs
 *(.eh_frame)
 .eh_frame      0x0000000008003aa0        0x0 /Users/leixiaoxiang/opt/gcc-arm-none-eabi/bin/../lib/gcc/arm-none-eabi/5.4.1/armv7-m/crtbegin.o
 *(.init)
 .init          0x0000000008003aa0        0x4 /Users/leixiaoxiang/opt/gcc-arm-none-eabi/bin/../lib/gcc/arm-none-eabi/5.4.1/armv7-m/crti.o
                0x0000000008003aa0                _init
 .init          0x0000000008003aa4        0x8 /Users/leixiaoxiang/opt/gcc-arm-none-eabi/bin/../lib/gcc/arm-none-eabi/5.4.1/armv7-m/crtn.o
 *(.fini)
 .fini          0x0000000008003aac        0x4 /Users/leixiaoxiang/opt/gcc-arm-none-eabi/bin/../lib/gcc/arm-none-eabi/5.4.1/armv7-m/crti.o
                0x0000000008003aac                _fini
 .fini          0x0000000008003ab0        0x8 /Users/leixiaoxiang/opt/gcc-arm-none-eabi/bin/../lib/gcc/arm-none-eabi/5.4.1/armv7-m/crtn.o
                0x0000000008003ab8                . = ALIGN (0x4)
                0x0000000008003ab8                _etext = .

.vfp11_veneer   0x0000000008003ab8        0x0
 .vfp11_veneer  0x0000000008003ab8        0x0 linker stubs

.v4_bx          0x0000000008003ab8        0x0
 .v4_bx         0x0000000008003ab8        0x0 linker stubs

.iplt           0x0000000008003ab8        0x0
 .iplt          0x0000000008003ab8        0x0 /Users/leixiaoxiang/opt/gcc-arm-none-eabi/bin/../lib/gcc/arm-none-eabi/5.4.1/armv7-m/crtbegin.o

.rodata         0x0000000008003ab8       0xfc
                0x0000000008003ab8                . = ALIGN (0x4)
 *(.rodata)
 .rodata        0x0000000008003ab8       0x1c build/oled_i2c.o
 .rodata        0x0000000008003ad4       0x12 build/stm32f1xx_hal_rcc.o
 *fill*         0x0000000008003ae6        0x2 
 .rodata        0x0000000008003ae8       0x12 build/stm32f1xx_hal_rcc_ex.o
 *(.rodata*)
 *fill*         0x0000000008003afa        0x2 
 .rodata.number
                0x0000000008003afc       0xa0 build/oled_i2c.o
 .rodata.AHBPrescTable
                0x0000000008003b9c       0x10 build/system_stm32f1xx.o
                0x0000000008003b9c                AHBPrescTable
 .rodata.APBPrescTable
                0x0000000008003bac        0x8 build/system_stm32f1xx.o
                0x0000000008003bac                APBPrescTable
                0x0000000008003bb4                . = ALIGN (0x4)

.rel.dyn        0x0000000008003bb4        0x0
 .rel.iplt      0x0000000008003bb4        0x0 /Users/leixiaoxiang/opt/gcc-arm-none-eabi/bin/../lib/gcc/arm-none-eabi/5.4.1/armv7-m/crtbegin.o

.ARM.extab
 *(.ARM.extab* .gnu.linkonce.armextab.*)

.ARM            0x0000000008003bb4        0x0
                0x0000000008003bb4                __exidx_start = .
 *(.ARM.exidx*)
                0x0000000008003bb4                __exidx_end = .

.preinit_array  0x0000000008003bb4        0x0
                0x0000000008003bb4                PROVIDE (__preinit_array_start, .)
 *(.preinit_array*)
                0x0000000008003bb4                PROVIDE (__preinit_array_end, .)

.init_array     0x0000000008003bb4        0x4
                0x0000000008003bb4                PROVIDE (__init_array_start, .)
 *(SORT(.init_array.*))
 *(.init_array*)
 .init_array    0x0000000008003bb4        0x4 /Users/leixiaoxiang/opt/gcc-arm-none-eabi/bin/../lib/gcc/arm-none-eabi/5.4.1/armv7-m/crtbegin.o
                0x0000000008003bb8                PROVIDE (__init_array_end, .)

.fini_array     0x0000000008003bb8        0x4
                [!provide]                        PROVIDE (__fini_array_start, .)
 *(SORT(.fini_array.*))
 *(.fini_array*)
 .fini_array    0x0000000008003bb8        0x4 /Users/leixiaoxiang/opt/gcc-arm-none-eabi/bin/../lib/gcc/arm-none-eabi/5.4.1/armv7-m/crtbegin.o
                [!provide]                        PROVIDE (__fini_array_end, .)
                0x0000000008003bbc                _sidata = LOADADDR (.data)

.data           0x0000000020000000      0x814 load address 0x0000000008003bbc
                0x0000000020000000                . = ALIGN (0x4)
                0x0000000020000000                _sdata = .
 *(.data)
 *(.data*)
 .data.crc16_data
                0x0000000020000000        0x8 build/main.o
 .data.array1   0x0000000020000008      0x400 build/oled_i2c.o
 .data.array2   0x0000000020000408      0x400 build/oled_i2c.o
 .data.uwTickPrio
                0x0000000020000808        0x4 build/stm32f1xx_hal.o
                0x0000000020000808                uwTickPrio
 .data.uwTickFreq
                0x000000002000080c        0x1 build/stm32f1xx_hal.o
                0x000000002000080c                uwTickFreq
 *fill*         0x000000002000080d        0x3 
 .data.SystemCoreClock
                0x0000000020000810        0x4 build/system_stm32f1xx.o
                0x0000000020000810                SystemCoreClock
                0x0000000020000814                . = ALIGN (0x4)
                0x0000000020000814                _edata = .

.jcr            0x0000000020000814        0x0 load address 0x00000000080043d0
 .jcr           0x0000000020000814        0x0 /Users/leixiaoxiang/opt/gcc-arm-none-eabi/bin/../lib/gcc/arm-none-eabi/5.4.1/armv7-m/crtbegin.o

.igot.plt       0x0000000020000814        0x0 load address 0x00000000080043d0
 .igot.plt      0x0000000020000814        0x0 /Users/leixiaoxiang/opt/gcc-arm-none-eabi/bin/../lib/gcc/arm-none-eabi/5.4.1/armv7-m/crtbegin.o
                0x0000000020000814                . = ALIGN (0x4)

.bss            0x0000000020000814      0x1e4 load address 0x00000000080043d0
                0x0000000020000814                _sbss = .
                0x0000000020000814                __bss_start__ = _sbss
 *(.bss)
 .bss           0x0000000020000814       0x1c /Users/leixiaoxiang/opt/gcc-arm-none-eabi/bin/../lib/gcc/arm-none-eabi/5.4.1/armv7-m/crtbegin.o
 *(.bss*)
 .bss.beer_flag
                0x0000000020000830        0x1 build/gpio.o
                0x0000000020000830                beer_flag
 .bss.err_2.6480
                0x0000000020000831        0x1 build/oled_i2c.o
 .bss.err_1.6479
                0x0000000020000832        0x1 build/oled_i2c.o
 *(COMMON)
 *fill*         0x0000000020000833        0x1 
 COMMON         0x0000000020000834       0x60 build/adc.o
                0x0000000020000834                hadc2
                0x0000000020000864                hadc1
 COMMON         0x0000000020000894       0xa8 build/i2c.o
                0x0000000020000894                hi2c1
                0x00000000200008e8                hi2c2
 COMMON         0x000000002000093c       0xb5 build/usart.o
                0x000000002000093c                uart_data2
                0x0000000020000958                huart5
                0x0000000020000998                huart4
                0x00000000200009d8                uart_data1
 *fill*         0x00000000200009f1        0x3 
 COMMON         0x00000000200009f4        0x4 build/stm32f1xx_hal.o
                0x00000000200009f4                uwTick
                0x00000000200009f8                . = ALIGN (0x4)
                0x00000000200009f8                _ebss = .
                0x00000000200009f8                __bss_end__ = _ebss

._user_heap_stack
                0x00000000200009f8      0x600 load address 0x00000000080043d0
                0x00000000200009f8                . = ALIGN (0x8)
                [!provide]                        PROVIDE (end, .)
                [!provide]                        PROVIDE (_end, .)
                0x0000000020000bf8                . = (. + _Min_Heap_Size)
 *fill*         0x00000000200009f8      0x200 
                0x0000000020000ff8                . = (. + _Min_Stack_Size)
 *fill*         0x0000000020000bf8      0x400 
                0x0000000020000ff8                . = ALIGN (0x8)

/DISCARD/
 libc.a(*)
 libm.a(*)
 libgcc.a(*)

.ARM.attributes
                0x0000000000000000       0x29
 *(.ARM.attributes)
 .ARM.attributes
                0x0000000000000000       0x1d /Users/leixiaoxiang/opt/gcc-arm-none-eabi/bin/../lib/gcc/arm-none-eabi/5.4.1/armv7-m/crti.o
 .ARM.attributes
                0x000000000000001d       0x2d /Users/leixiaoxiang/opt/gcc-arm-none-eabi/bin/../lib/gcc/arm-none-eabi/5.4.1/armv7-m/crtbegin.o
 .ARM.attributes
                0x000000000000004a       0x33 build/main.o
 .ARM.attributes
                0x000000000000007d       0x33 build/gpio.o
 .ARM.attributes
                0x00000000000000b0       0x33 build/adc.o
 .ARM.attributes
                0x00000000000000e3       0x33 build/i2c.o
 .ARM.attributes
                0x0000000000000116       0x33 build/usart.o
 .ARM.attributes
                0x0000000000000149       0x33 build/oled_i2c.o
 .ARM.attributes
                0x000000000000017c       0x33 build/stm32f1xx_it.o
 .ARM.attributes
                0x00000000000001af       0x33 build/stm32f1xx_hal_msp.o
 .ARM.attributes
                0x00000000000001e2       0x33 build/stm32f1xx_hal_adc.o
 .ARM.attributes
                0x0000000000000215       0x33 build/stm32f1xx_hal.o
 .ARM.attributes
                0x0000000000000248       0x33 build/stm32f1xx_hal_rcc.o
 .ARM.attributes
                0x000000000000027b       0x33 build/stm32f1xx_hal_rcc_ex.o
 .ARM.attributes
                0x00000000000002ae       0x33 build/stm32f1xx_hal_gpio.o
 .ARM.attributes
                0x00000000000002e1       0x33 build/stm32f1xx_hal_dma.o
 .ARM.attributes
                0x0000000000000314       0x33 build/stm32f1xx_hal_cortex.o
 .ARM.attributes
                0x0000000000000347       0x33 build/stm32f1xx_hal_i2c.o
 .ARM.attributes
                0x000000000000037a       0x33 build/stm32f1xx_hal_uart.o
 .ARM.attributes
                0x00000000000003ad       0x33 build/system_stm32f1xx.o
 .ARM.attributes
                0x00000000000003e0       0x21 build/startup_stm32f103xe.o
 .ARM.attributes
                0x0000000000000401       0x2d /Users/leixiaoxiang/opt/gcc-arm-none-eabi/bin/../lib/gcc/arm-none-eabi/5.4.1/../../../../arm-none-eabi/lib/armv7-m/libc_nano.a(lib_a-init.o)
 .ARM.attributes
                0x000000000000042e       0x2d /Users/leixiaoxiang/opt/gcc-arm-none-eabi/bin/../lib/gcc/arm-none-eabi/5.4.1/../../../../arm-none-eabi/lib/armv7-m/libc_nano.a(lib_a-memset.o)
 .ARM.attributes
                0x000000000000045b       0x1d /Users/leixiaoxiang/opt/gcc-arm-none-eabi/bin/../lib/gcc/arm-none-eabi/5.4.1/armv7-m/crtn.o
OUTPUT(build/Pro_Stm32.elf elf32-littlearm)

.debug_info     0x0000000000000000     0xe378
 .debug_info    0x0000000000000000      0xf60 build/main.o
 .debug_info    0x0000000000000f60      0x6da build/gpio.o
 .debug_info    0x000000000000163a      0xa72 build/adc.o
 .debug_info    0x00000000000020ac      0xc02 build/i2c.o
 .debug_info    0x0000000000002cae      0xcdb build/usart.o
 .debug_info    0x0000000000003989      0xaee build/oled_i2c.o
 .debug_info    0x0000000000004477      0xa0d build/stm32f1xx_it.o
 .debug_info    0x0000000000004e84      0x24d build/stm32f1xx_hal_msp.o
 .debug_info    0x00000000000050d1      0xed6 build/stm32f1xx_hal_adc.o
 .debug_info    0x0000000000005fa7      0x852 build/stm32f1xx_hal.o
 .debug_info    0x00000000000067f9      0xa65 build/stm32f1xx_hal_rcc.o
 .debug_info    0x000000000000725e      0x485 build/stm32f1xx_hal_rcc_ex.o
 .debug_info    0x00000000000076e3      0x64c build/stm32f1xx_hal_gpio.o
 .debug_info    0x0000000000007d2f      0x82d build/stm32f1xx_hal_dma.o
 .debug_info    0x000000000000855c      0xd3f build/stm32f1xx_hal_cortex.o
 .debug_info    0x000000000000929b     0x34e1 build/stm32f1xx_hal_i2c.o
 .debug_info    0x000000000000c77c     0x1770 build/stm32f1xx_hal_uart.o
 .debug_info    0x000000000000deec      0x42c build/system_stm32f1xx.o
 .debug_info    0x000000000000e318       0x60 build/startup_stm32f103xe.o

.debug_abbrev   0x0000000000000000     0x22ff
 .debug_abbrev  0x0000000000000000      0x1ee build/main.o
 .debug_abbrev  0x00000000000001ee      0x19a build/gpio.o
 .debug_abbrev  0x0000000000000388      0x1cd build/adc.o
 .debug_abbrev  0x0000000000000555      0x1ab build/i2c.o
 .debug_abbrev  0x0000000000000700      0x1bd build/usart.o
 .debug_abbrev  0x00000000000008bd      0x206 build/oled_i2c.o
 .debug_abbrev  0x0000000000000ac3      0x1aa build/stm32f1xx_it.o
 .debug_abbrev  0x0000000000000c6d       0xd8 build/stm32f1xx_hal_msp.o
 .debug_abbrev  0x0000000000000d45      0x218 build/stm32f1xx_hal_adc.o
 .debug_abbrev  0x0000000000000f5d      0x1dd build/stm32f1xx_hal.o
 .debug_abbrev  0x000000000000113a      0x270 build/stm32f1xx_hal_rcc.o
 .debug_abbrev  0x00000000000013aa      0x1b6 build/stm32f1xx_hal_rcc_ex.o
 .debug_abbrev  0x0000000000001560      0x1f9 build/stm32f1xx_hal_gpio.o
 .debug_abbrev  0x0000000000001759      0x239 build/stm32f1xx_hal_dma.o
 .debug_abbrev  0x0000000000001992      0x2ee build/stm32f1xx_hal_cortex.o
 .debug_abbrev  0x0000000000001c80      0x2c8 build/stm32f1xx_hal_i2c.o
 .debug_abbrev  0x0000000000001f48      0x281 build/stm32f1xx_hal_uart.o
 .debug_abbrev  0x00000000000021c9      0x124 build/system_stm32f1xx.o
 .debug_abbrev  0x00000000000022ed       0x12 build/startup_stm32f103xe.o

.debug_loc      0x0000000000000000     0x8a9a
 .debug_loc     0x0000000000000000       0xad build/main.o
 .debug_loc     0x00000000000000ad       0xba build/gpio.o
 .debug_loc     0x0000000000000167      0x1b0 build/adc.o
 .debug_loc     0x0000000000000317      0x10c build/i2c.o
 .debug_loc     0x0000000000000423      0x166 build/usart.o
 .debug_loc     0x0000000000000589      0x284 build/oled_i2c.o
 .debug_loc     0x000000000000080d       0xc0 build/stm32f1xx_it.o
 .debug_loc     0x00000000000008cd       0x2c build/stm32f1xx_hal_msp.o
 .debug_loc     0x00000000000008f9      0xbca build/stm32f1xx_hal_adc.o
 .debug_loc     0x00000000000014c3      0x1b1 build/stm32f1xx_hal.o
 .debug_loc     0x0000000000001674      0x6f2 build/stm32f1xx_hal_rcc.o
 .debug_loc     0x0000000000001d66      0x372 build/stm32f1xx_hal_rcc_ex.o
 .debug_loc     0x00000000000020d8      0x37a build/stm32f1xx_hal_gpio.o
 .debug_loc     0x0000000000002452      0x7be build/stm32f1xx_hal_dma.o
 .debug_loc     0x0000000000002c10      0x59f build/stm32f1xx_hal_cortex.o
 .debug_loc     0x00000000000031af     0x4031 build/stm32f1xx_hal_i2c.o
 .debug_loc     0x00000000000071e0     0x17db build/stm32f1xx_hal_uart.o
 .debug_loc     0x00000000000089bb       0xdf build/system_stm32f1xx.o

.debug_aranges  0x0000000000000000      0xa98
 .debug_aranges
                0x0000000000000000       0x30 build/main.o
 .debug_aranges
                0x0000000000000030       0x38 build/gpio.o
 .debug_aranges
                0x0000000000000068       0x40 build/adc.o
 .debug_aranges
                0x00000000000000a8       0x38 build/i2c.o
 .debug_aranges
                0x00000000000000e0       0x40 build/usart.o
 .debug_aranges
                0x0000000000000120       0x28 build/oled_i2c.o
 .debug_aranges
                0x0000000000000148       0x88 build/stm32f1xx_it.o
 .debug_aranges
                0x00000000000001d0       0x20 build/stm32f1xx_hal_msp.o
 .debug_aranges
                0x00000000000001f0       0xf0 build/stm32f1xx_hal_adc.o
 .debug_aranges
                0x00000000000002e0       0xe0 build/stm32f1xx_hal.o
 .debug_aranges
                0x00000000000003c0       0x90 build/stm32f1xx_hal_rcc.o
 .debug_aranges
                0x0000000000000450       0x30 build/stm32f1xx_hal_rcc_ex.o
 .debug_aranges
                0x0000000000000480       0x58 build/stm32f1xx_hal_gpio.o
 .debug_aranges
                0x00000000000004d8       0x80 build/stm32f1xx_hal_dma.o
 .debug_aranges
                0x0000000000000558       0x90 build/stm32f1xx_hal_cortex.o
 .debug_aranges
                0x00000000000005e8      0x290 build/stm32f1xx_hal_i2c.o
 .debug_aranges
                0x0000000000000878      0x1d0 build/stm32f1xx_hal_uart.o
 .debug_aranges
                0x0000000000000a48       0x28 build/system_stm32f1xx.o
 .debug_aranges
                0x0000000000000a70       0x28 build/startup_stm32f103xe.o

.debug_ranges   0x0000000000000000      0x9a0
 .debug_ranges  0x0000000000000000       0x20 build/main.o
 .debug_ranges  0x0000000000000020       0x28 build/gpio.o
 .debug_ranges  0x0000000000000048       0x30 build/adc.o
 .debug_ranges  0x0000000000000078       0x28 build/i2c.o
 .debug_ranges  0x00000000000000a0       0x30 build/usart.o
 .debug_ranges  0x00000000000000d0       0x18 build/oled_i2c.o
 .debug_ranges  0x00000000000000e8       0x78 build/stm32f1xx_it.o
 .debug_ranges  0x0000000000000160       0x10 build/stm32f1xx_hal_msp.o
 .debug_ranges  0x0000000000000170       0xe0 build/stm32f1xx_hal_adc.o
 .debug_ranges  0x0000000000000250       0xd0 build/stm32f1xx_hal.o
 .debug_ranges  0x0000000000000320       0x98 build/stm32f1xx_hal_rcc.o
 .debug_ranges  0x00000000000003b8       0x38 build/stm32f1xx_hal_rcc_ex.o
 .debug_ranges  0x00000000000003f0       0x48 build/stm32f1xx_hal_gpio.o
 .debug_ranges  0x0000000000000438       0x70 build/stm32f1xx_hal_dma.o
 .debug_ranges  0x00000000000004a8       0x80 build/stm32f1xx_hal_cortex.o
 .debug_ranges  0x0000000000000528      0x280 build/stm32f1xx_hal_i2c.o
 .debug_ranges  0x00000000000007a8      0x1c0 build/stm32f1xx_hal_uart.o
 .debug_ranges  0x0000000000000968       0x18 build/system_stm32f1xx.o
 .debug_ranges  0x0000000000000980       0x20 build/startup_stm32f103xe.o

.debug_line     0x0000000000000000     0x5664
 .debug_line    0x0000000000000000      0x2ca build/main.o
 .debug_line    0x00000000000002ca      0x1e7 build/gpio.o
 .debug_line    0x00000000000004b1      0x25d build/adc.o
 .debug_line    0x000000000000070e      0x24c build/i2c.o
 .debug_line    0x000000000000095a      0x26c build/usart.o
 .debug_line    0x0000000000000bc6      0x2d3 build/oled_i2c.o
 .debug_line    0x0000000000000e99      0x2cf build/stm32f1xx_it.o
 .debug_line    0x0000000000001168      0x158 build/stm32f1xx_hal_msp.o
 .debug_line    0x00000000000012c0      0x73f build/stm32f1xx_hal_adc.o
 .debug_line    0x00000000000019ff      0x3ab build/stm32f1xx_hal.o
 .debug_line    0x0000000000001daa      0x511 build/stm32f1xx_hal_rcc.o
 .debug_line    0x00000000000022bb      0x2bc build/stm32f1xx_hal_rcc_ex.o
 .debug_line    0x0000000000002577      0x338 build/stm32f1xx_hal_gpio.o
 .debug_line    0x00000000000028af      0x78a build/stm32f1xx_hal_dma.o
 .debug_line    0x0000000000003039      0x320 build/stm32f1xx_hal_cortex.o
 .debug_line    0x0000000000003359     0x165d build/stm32f1xx_hal_i2c.o
 .debug_line    0x00000000000049b6      0xaa8 build/stm32f1xx_hal_uart.o
 .debug_line    0x000000000000545e      0x194 build/system_stm32f1xx.o
 .debug_line    0x00000000000055f2       0x72 build/startup_stm32f103xe.o

.debug_str      0x0000000000000000     0x3045
 .debug_str     0x0000000000000000      0xb47 build/main.o
                                        0xc28 (size before relaxing)
 .debug_str     0x0000000000000b47      0x511 build/gpio.o
                                        0x6d7 (size before relaxing)
 .debug_str     0x0000000000001058       0xf3 build/adc.o
                                        0x69f (size before relaxing)
 .debug_str     0x000000000000114b       0x57 build/i2c.o
                                        0xb51 (size before relaxing)
 .debug_str     0x00000000000011a2       0x7b build/usart.o
                                        0xac0 (size before relaxing)
 .debug_str     0x000000000000121d       0x7d build/oled_i2c.o
                                        0x717 (size before relaxing)
 .debug_str     0x000000000000129a      0x14b build/stm32f1xx_it.o
                                        0x91f (size before relaxing)
 .debug_str     0x00000000000013e5       0x52 build/stm32f1xx_hal_msp.o
                                        0x220 (size before relaxing)
 .debug_str     0x0000000000001437      0x323 build/stm32f1xx_hal_adc.o
                                        0x8d9 (size before relaxing)
 .debug_str     0x000000000000175a      0x2cc build/stm32f1xx_hal.o
                                        0x901 (size before relaxing)
 .debug_str     0x0000000000001a26      0x1fe build/stm32f1xx_hal_rcc.o
                                        0x631 (size before relaxing)
 .debug_str     0x0000000000001c24       0x81 build/stm32f1xx_hal_rcc_ex.o
                                        0x417 (size before relaxing)
 .debug_str     0x0000000000001ca5       0xd0 build/stm32f1xx_hal_gpio.o
                                        0x406 (size before relaxing)
 .debug_str     0x0000000000001d75      0x218 build/stm32f1xx_hal_dma.o
                                        0x603 (size before relaxing)
 .debug_str     0x0000000000001f8d      0x391 build/stm32f1xx_hal_cortex.o
                                        0x9ab (size before relaxing)
 .debug_str     0x000000000000231e      0x833 build/stm32f1xx_hal_i2c.o
                                        0xf8b (size before relaxing)
 .debug_str     0x0000000000002b51      0x4aa build/stm32f1xx_hal_uart.o
                                        0xb91 (size before relaxing)
 .debug_str     0x0000000000002ffb       0x4a build/system_stm32f1xx.o
                                        0x2b3 (size before relaxing)

.comment        0x0000000000000000       0x6e
 .comment       0x0000000000000000       0x6e build/main.o
                                         0x6f (size before relaxing)
 .comment       0x000000000000006e       0x6f build/gpio.o
 .comment       0x000000000000006e       0x6f build/adc.o
 .comment       0x000000000000006e       0x6f build/i2c.o
 .comment       0x000000000000006e       0x6f build/usart.o
 .comment       0x000000000000006e       0x6f build/oled_i2c.o
 .comment       0x000000000000006e       0x6f build/stm32f1xx_it.o
 .comment       0x000000000000006e       0x6f build/stm32f1xx_hal_msp.o
 .comment       0x000000000000006e       0x6f build/stm32f1xx_hal_adc.o
 .comment       0x000000000000006e       0x6f build/stm32f1xx_hal.o
 .comment       0x000000000000006e       0x6f build/stm32f1xx_hal_rcc.o
 .comment       0x000000000000006e       0x6f build/stm32f1xx_hal_rcc_ex.o
 .comment       0x000000000000006e       0x6f build/stm32f1xx_hal_gpio.o
 .comment       0x000000000000006e       0x6f build/stm32f1xx_hal_dma.o
 .comment       0x000000000000006e       0x6f build/stm32f1xx_hal_cortex.o
 .comment       0x000000000000006e       0x6f build/stm32f1xx_hal_i2c.o
 .comment       0x000000000000006e       0x6f build/stm32f1xx_hal_uart.o
 .comment       0x000000000000006e       0x6f build/system_stm32f1xx.o

.debug_frame    0x0000000000000000     0x1ee4
 .debug_frame   0x0000000000000000       0x60 build/main.o
 .debug_frame   0x0000000000000060       0x84 build/gpio.o
 .debug_frame   0x00000000000000e4       0xa0 build/adc.o
 .debug_frame   0x0000000000000184       0x84 build/i2c.o
 .debug_frame   0x0000000000000208       0xa4 build/usart.o
 .debug_frame   0x00000000000002ac       0x70 build/oled_i2c.o
 .debug_frame   0x000000000000031c      0x138 build/stm32f1xx_it.o
 .debug_frame   0x0000000000000454       0x28 build/stm32f1xx_hal_msp.o
 .debug_frame   0x000000000000047c      0x32c build/stm32f1xx_hal_adc.o
 .debug_frame   0x00000000000007a8      0x1f0 build/stm32f1xx_hal.o
 .debug_frame   0x0000000000000998      0x1c8 build/stm32f1xx_hal_rcc.o
 .debug_frame   0x0000000000000b60       0x70 build/stm32f1xx_hal_rcc_ex.o
 .debug_frame   0x0000000000000bd0       0xd4 build/stm32f1xx_hal_gpio.o
 .debug_frame   0x0000000000000ca4      0x164 build/stm32f1xx_hal_dma.o
 .debug_frame   0x0000000000000e08      0x134 build/stm32f1xx_hal_cortex.o
 .debug_frame   0x0000000000000f3c      0x9c8 build/stm32f1xx_hal_i2c.o
 .debug_frame   0x0000000000001904      0x564 build/stm32f1xx_hal_uart.o
 .debug_frame   0x0000000000001e68       0x30 build/system_stm32f1xx.o
 .debug_frame   0x0000000000001e98       0x2c /Users/leixiaoxiang/opt/gcc-arm-none-eabi/bin/../lib/gcc/arm-none-eabi/5.4.1/../../../../arm-none-eabi/lib/armv7-m/libc_nano.a(lib_a-init.o)
 .debug_frame   0x0000000000001ec4       0x20 /Users/leixiaoxiang/opt/gcc-arm-none-eabi/bin/../lib/gcc/arm-none-eabi/5.4.1/../../../../arm-none-eabi/lib/armv7-m/libc_nano.a(lib_a-memset.o)

Cross Reference Table

Symbol                                            File
ADC1_2_IRQHandler                                 build/startup_stm32f103xe.o
ADC3_IRQHandler                                   build/startup_stm32f103xe.o
ADC_ConversionStop_Disable                        build/stm32f1xx_hal_adc.o
                                                  build/stm32f1xx_hal_adc_ex.o
ADC_DMAConvCplt                                   build/stm32f1xx_hal_adc.o
                                                  build/stm32f1xx_hal_adc_ex.o
ADC_DMAError                                      build/stm32f1xx_hal_adc.o
                                                  build/stm32f1xx_hal_adc_ex.o
ADC_DMAHalfConvCplt                               build/stm32f1xx_hal_adc.o
                                                  build/stm32f1xx_hal_adc_ex.o
ADC_Enable                                        build/stm32f1xx_hal_adc.o
                                                  build/stm32f1xx_hal_adc_ex.o
AHBPrescTable                                     build/system_stm32f1xx.o
                                                  build/stm32f1xx_hal_rcc.o
APBPrescTable                                     build/system_stm32f1xx.o
                                                  build/stm32f1xx_hal_rcc.o
BusFault_Handler                                  build/stm32f1xx_it.o
CAN1_RX1_IRQHandler                               build/startup_stm32f103xe.o
CAN1_SCE_IRQHandler                               build/startup_stm32f103xe.o
DMA1_Channel1_IRQHandler                          build/startup_stm32f103xe.o
DMA1_Channel2_IRQHandler                          build/startup_stm32f103xe.o
DMA1_Channel3_IRQHandler                          build/startup_stm32f103xe.o
DMA1_Channel4_IRQHandler                          build/startup_stm32f103xe.o
DMA1_Channel5_IRQHandler                          build/startup_stm32f103xe.o
DMA1_Channel6_IRQHandler                          build/startup_stm32f103xe.o
DMA1_Channel7_IRQHandler                          build/startup_stm32f103xe.o
DMA2_Channel1_IRQHandler                          build/startup_stm32f103xe.o
DMA2_Channel2_IRQHandler                          build/startup_stm32f103xe.o
DMA2_Channel3_IRQHandler                          build/startup_stm32f103xe.o
DMA2_Channel4_5_IRQHandler                        build/startup_stm32f103xe.o
DebugMon_Handler                                  build/stm32f1xx_it.o
Default_Handler                                   build/startup_stm32f103xe.o
EXTI0_IRQHandler                                  build/stm32f1xx_it.o
EXTI15_10_IRQHandler                              build/startup_stm32f103xe.o
EXTI1_IRQHandler                                  build/startup_stm32f103xe.o
EXTI2_IRQHandler                                  build/startup_stm32f103xe.o
EXTI3_IRQHandler                                  build/startup_stm32f103xe.o
EXTI4_IRQHandler                                  build/startup_stm32f103xe.o
EXTI9_5_IRQHandler                                build/startup_stm32f103xe.o
Error_Handler                                     build/main.o
                                                  build/usart.o
                                                  build/i2c.o
                                                  build/adc.o
FLASH_IRQHandler                                  build/startup_stm32f103xe.o
FLASH_PageErase                                   build/stm32f1xx_hal_flash_ex.o
                                                  build/stm32f1xx_hal_flash.o
FLASH_WaitForLastOperation                        build/stm32f1xx_hal_flash.o
                                                  build/stm32f1xx_hal_flash_ex.o
FSMC_IRQHandler                                   build/startup_stm32f103xe.o
HAL_ADCEx_Calibration_Start                       build/stm32f1xx_hal_adc_ex.o
HAL_ADCEx_InjectedConfigChannel                   build/stm32f1xx_hal_adc_ex.o
HAL_ADCEx_InjectedConvCpltCallback                build/stm32f1xx_hal_adc_ex.o
                                                  build/stm32f1xx_hal_adc.o
HAL_ADCEx_InjectedGetValue                        build/stm32f1xx_hal_adc_ex.o
HAL_ADCEx_InjectedPollForConversion               build/stm32f1xx_hal_adc_ex.o
HAL_ADCEx_InjectedStart                           build/stm32f1xx_hal_adc_ex.o
HAL_ADCEx_InjectedStart_IT                        build/stm32f1xx_hal_adc_ex.o
HAL_ADCEx_InjectedStop                            build/stm32f1xx_hal_adc_ex.o
HAL_ADCEx_InjectedStop_IT                         build/stm32f1xx_hal_adc_ex.o
HAL_ADCEx_MultiModeConfigChannel                  build/stm32f1xx_hal_adc_ex.o
HAL_ADCEx_MultiModeGetValue                       build/stm32f1xx_hal_adc_ex.o
HAL_ADCEx_MultiModeStart_DMA                      build/stm32f1xx_hal_adc_ex.o
HAL_ADCEx_MultiModeStop_DMA                       build/stm32f1xx_hal_adc_ex.o
HAL_ADC_AnalogWDGConfig                           build/stm32f1xx_hal_adc.o
HAL_ADC_ConfigChannel                             build/stm32f1xx_hal_adc.o
                                                  build/adc.o
HAL_ADC_ConvCpltCallback                          build/stm32f1xx_hal_adc.o
HAL_ADC_ConvHalfCpltCallback                      build/stm32f1xx_hal_adc.o
HAL_ADC_DeInit                                    build/stm32f1xx_hal_adc.o
HAL_ADC_ErrorCallback                             build/stm32f1xx_hal_adc.o
HAL_ADC_GetError                                  build/stm32f1xx_hal_adc.o
HAL_ADC_GetState                                  build/stm32f1xx_hal_adc.o
                                                  build/adc.o
HAL_ADC_GetValue                                  build/stm32f1xx_hal_adc.o
                                                  build/adc.o
HAL_ADC_IRQHandler                                build/stm32f1xx_hal_adc.o
HAL_ADC_Init                                      build/stm32f1xx_hal_adc.o
                                                  build/adc.o
HAL_ADC_LevelOutOfWindowCallback                  build/stm32f1xx_hal_adc.o
HAL_ADC_MspDeInit                                 build/adc.o
HAL_ADC_MspInit                                   build/adc.o
HAL_ADC_PollForConversion                         build/stm32f1xx_hal_adc.o
                                                  build/adc.o
HAL_ADC_PollForEvent                              build/stm32f1xx_hal_adc.o
HAL_ADC_Start                                     build/stm32f1xx_hal_adc.o
                                                  build/adc.o
HAL_ADC_Start_DMA                                 build/stm32f1xx_hal_adc.o
HAL_ADC_Start_IT                                  build/stm32f1xx_hal_adc.o
HAL_ADC_Stop                                      build/stm32f1xx_hal_adc.o
HAL_ADC_Stop_DMA                                  build/stm32f1xx_hal_adc.o
HAL_ADC_Stop_IT                                   build/stm32f1xx_hal_adc.o
HAL_DBGMCU_DisableDBGSleepMode                    build/stm32f1xx_hal.o
HAL_DBGMCU_DisableDBGStandbyMode                  build/stm32f1xx_hal.o
HAL_DBGMCU_DisableDBGStopMode                     build/stm32f1xx_hal.o
HAL_DBGMCU_EnableDBGSleepMode                     build/stm32f1xx_hal.o
HAL_DBGMCU_EnableDBGStandbyMode                   build/stm32f1xx_hal.o
HAL_DBGMCU_EnableDBGStopMode                      build/stm32f1xx_hal.o
HAL_DMA_Abort                                     build/stm32f1xx_hal_dma.o
                                                  build/stm32f1xx_hal_uart.o
                                                  build/stm32f1xx_hal_adc_ex.o
                                                  build/stm32f1xx_hal_adc.o
HAL_DMA_Abort_IT                                  build/stm32f1xx_hal_dma.o
                                                  build/stm32f1xx_hal_uart.o
                                                  build/stm32f1xx_hal_i2c.o
HAL_DMA_DeInit                                    build/stm32f1xx_hal_dma.o
HAL_DMA_GetError                                  build/stm32f1xx_hal_dma.o
                                                  build/stm32f1xx_hal_uart.o
HAL_DMA_GetState                                  build/stm32f1xx_hal_dma.o
                                                  build/stm32f1xx_hal_i2c.o
HAL_DMA_IRQHandler                                build/stm32f1xx_hal_dma.o
HAL_DMA_Init                                      build/stm32f1xx_hal_dma.o
HAL_DMA_PollForTransfer                           build/stm32f1xx_hal_dma.o
HAL_DMA_RegisterCallback                          build/stm32f1xx_hal_dma.o
HAL_DMA_Start                                     build/stm32f1xx_hal_dma.o
HAL_DMA_Start_IT                                  build/stm32f1xx_hal_dma.o
                                                  build/stm32f1xx_hal_uart.o
                                                  build/stm32f1xx_hal_i2c.o
                                                  build/stm32f1xx_hal_adc_ex.o
                                                  build/stm32f1xx_hal_adc.o
HAL_DMA_UnRegisterCallback                        build/stm32f1xx_hal_dma.o
HAL_DeInit                                        build/stm32f1xx_hal.o
HAL_Delay                                         build/stm32f1xx_hal.o
                                                  build/oled_i2c.o
HAL_EXTI_ClearConfigLine                          build/stm32f1xx_hal_exti.o
HAL_EXTI_ClearPending                             build/stm32f1xx_hal_exti.o
HAL_EXTI_GenerateSWI                              build/stm32f1xx_hal_exti.o
HAL_EXTI_GetConfigLine                            build/stm32f1xx_hal_exti.o
HAL_EXTI_GetHandle                                build/stm32f1xx_hal_exti.o
HAL_EXTI_GetPending                               build/stm32f1xx_hal_exti.o
HAL_EXTI_IRQHandler                               build/stm32f1xx_hal_exti.o
HAL_EXTI_RegisterCallback                         build/stm32f1xx_hal_exti.o
HAL_EXTI_SetConfigLine                            build/stm32f1xx_hal_exti.o
HAL_FLASHEx_Erase                                 build/stm32f1xx_hal_flash_ex.o
HAL_FLASHEx_Erase_IT                              build/stm32f1xx_hal_flash_ex.o
HAL_FLASHEx_OBErase                               build/stm32f1xx_hal_flash_ex.o
HAL_FLASHEx_OBGetConfig                           build/stm32f1xx_hal_flash_ex.o
HAL_FLASHEx_OBGetUserData                         build/stm32f1xx_hal_flash_ex.o
HAL_FLASHEx_OBProgram                             build/stm32f1xx_hal_flash_ex.o
HAL_FLASH_EndOfOperationCallback                  build/stm32f1xx_hal_flash.o
HAL_FLASH_GetError                                build/stm32f1xx_hal_flash.o
HAL_FLASH_IRQHandler                              build/stm32f1xx_hal_flash.o
HAL_FLASH_Lock                                    build/stm32f1xx_hal_flash.o
HAL_FLASH_OB_Launch                               build/stm32f1xx_hal_flash.o
HAL_FLASH_OB_Lock                                 build/stm32f1xx_hal_flash.o
HAL_FLASH_OB_Unlock                               build/stm32f1xx_hal_flash.o
HAL_FLASH_OperationErrorCallback                  build/stm32f1xx_hal_flash.o
HAL_FLASH_Program                                 build/stm32f1xx_hal_flash.o
HAL_FLASH_Program_IT                              build/stm32f1xx_hal_flash.o
HAL_FLASH_Unlock                                  build/stm32f1xx_hal_flash.o
HAL_GPIOEx_ConfigEventout                         build/stm32f1xx_hal_gpio_ex.o
HAL_GPIOEx_DisableEventout                        build/stm32f1xx_hal_gpio_ex.o
HAL_GPIOEx_EnableEventout                         build/stm32f1xx_hal_gpio_ex.o
HAL_GPIO_DeInit                                   build/stm32f1xx_hal_gpio.o
                                                  build/usart.o
                                                  build/i2c.o
                                                  build/adc.o
HAL_GPIO_EXTI_Callback                            build/gpio.o
HAL_GPIO_EXTI_IRQHandler                          build/stm32f1xx_hal_gpio.o
                                                  build/stm32f1xx_it.o
HAL_GPIO_Init                                     build/stm32f1xx_hal_gpio.o
                                                  build/stm32f1xx_hal_rcc.o
                                                  build/usart.o
                                                  build/i2c.o
                                                  build/adc.o
                                                  build/gpio.o
HAL_GPIO_LockPin                                  build/stm32f1xx_hal_gpio.o
HAL_GPIO_ReadPin                                  build/stm32f1xx_hal_gpio.o
HAL_GPIO_TogglePin                                build/stm32f1xx_hal_gpio.o
HAL_GPIO_WritePin                                 build/stm32f1xx_hal_gpio.o
                                                  build/gpio.o
HAL_GetDEVID                                      build/stm32f1xx_hal.o
HAL_GetHalVersion                                 build/stm32f1xx_hal.o
HAL_GetREVID                                      build/stm32f1xx_hal.o
HAL_GetTick                                       build/stm32f1xx_hal.o
                                                  build/stm32f1xx_hal_uart.o
                                                  build/stm32f1xx_hal_i2c.o
                                                  build/stm32f1xx_hal_flash.o
                                                  build/stm32f1xx_hal_dma.o
                                                  build/stm32f1xx_hal_rcc_ex.o
                                                  build/stm32f1xx_hal_rcc.o
                                                  build/stm32f1xx_hal_adc_ex.o
                                                  build/stm32f1xx_hal_adc.o
HAL_GetTickFreq                                   build/stm32f1xx_hal.o
HAL_GetTickPrio                                   build/stm32f1xx_hal.o
HAL_GetUIDw0                                      build/stm32f1xx_hal.o
HAL_GetUIDw1                                      build/stm32f1xx_hal.o
HAL_GetUIDw2                                      build/stm32f1xx_hal.o
HAL_HalfDuplex_EnableReceiver                     build/stm32f1xx_hal_uart.o
HAL_HalfDuplex_EnableTransmitter                  build/stm32f1xx_hal_uart.o
HAL_HalfDuplex_Init                               build/stm32f1xx_hal_uart.o
HAL_I2C_AbortCpltCallback                         build/stm32f1xx_hal_i2c.o
HAL_I2C_AddrCallback                              build/stm32f1xx_hal_i2c.o
HAL_I2C_DeInit                                    build/stm32f1xx_hal_i2c.o
HAL_I2C_DisableListen_IT                          build/stm32f1xx_hal_i2c.o
HAL_I2C_ER_IRQHandler                             build/stm32f1xx_hal_i2c.o
HAL_I2C_EV_IRQHandler                             build/stm32f1xx_hal_i2c.o
                                                  build/stm32f1xx_it.o
HAL_I2C_EnableListen_IT                           build/stm32f1xx_hal_i2c.o
HAL_I2C_ErrorCallback                             build/stm32f1xx_hal_i2c.o
HAL_I2C_GetError                                  build/stm32f1xx_hal_i2c.o
HAL_I2C_GetMode                                   build/stm32f1xx_hal_i2c.o
HAL_I2C_GetState                                  build/stm32f1xx_hal_i2c.o
HAL_I2C_Init                                      build/stm32f1xx_hal_i2c.o
                                                  build/i2c.o
HAL_I2C_IsDeviceReady                             build/stm32f1xx_hal_i2c.o
HAL_I2C_ListenCpltCallback                        build/stm32f1xx_hal_i2c.o
HAL_I2C_MasterRxCpltCallback                      build/stm32f1xx_hal_i2c.o
HAL_I2C_MasterTxCpltCallback                      build/stm32f1xx_hal_i2c.o
HAL_I2C_Master_Abort_IT                           build/stm32f1xx_hal_i2c.o
HAL_I2C_Master_Receive                            build/stm32f1xx_hal_i2c.o
HAL_I2C_Master_Receive_DMA                        build/stm32f1xx_hal_i2c.o
HAL_I2C_Master_Receive_IT                         build/stm32f1xx_hal_i2c.o
HAL_I2C_Master_Seq_Receive_DMA                    build/stm32f1xx_hal_i2c.o
HAL_I2C_Master_Seq_Receive_IT                     build/stm32f1xx_hal_i2c.o
HAL_I2C_Master_Seq_Transmit_DMA                   build/stm32f1xx_hal_i2c.o
HAL_I2C_Master_Seq_Transmit_IT                    build/stm32f1xx_hal_i2c.o
HAL_I2C_Master_Transmit                           build/stm32f1xx_hal_i2c.o
HAL_I2C_Master_Transmit_DMA                       build/stm32f1xx_hal_i2c.o
HAL_I2C_Master_Transmit_IT                        build/stm32f1xx_hal_i2c.o
HAL_I2C_MemRxCpltCallback                         build/stm32f1xx_hal_i2c.o
HAL_I2C_MemTxCpltCallback                         build/stm32f1xx_hal_i2c.o
HAL_I2C_Mem_Read                                  build/stm32f1xx_hal_i2c.o
HAL_I2C_Mem_Read_DMA                              build/stm32f1xx_hal_i2c.o
HAL_I2C_Mem_Read_IT                               build/stm32f1xx_hal_i2c.o
HAL_I2C_Mem_Write                                 build/stm32f1xx_hal_i2c.o
                                                  build/oled_i2c.o
HAL_I2C_Mem_Write_DMA                             build/stm32f1xx_hal_i2c.o
HAL_I2C_Mem_Write_IT                              build/stm32f1xx_hal_i2c.o
HAL_I2C_MspDeInit                                 build/i2c.o
HAL_I2C_MspInit                                   build/i2c.o
HAL_I2C_SlaveRxCpltCallback                       build/stm32f1xx_hal_i2c.o
HAL_I2C_SlaveTxCpltCallback                       build/stm32f1xx_hal_i2c.o
HAL_I2C_Slave_Receive                             build/stm32f1xx_hal_i2c.o
HAL_I2C_Slave_Receive_DMA                         build/stm32f1xx_hal_i2c.o
HAL_I2C_Slave_Receive_IT                          build/stm32f1xx_hal_i2c.o
HAL_I2C_Slave_Seq_Receive_DMA                     build/stm32f1xx_hal_i2c.o
HAL_I2C_Slave_Seq_Receive_IT                      build/stm32f1xx_hal_i2c.o
HAL_I2C_Slave_Seq_Transmit_DMA                    build/stm32f1xx_hal_i2c.o
HAL_I2C_Slave_Seq_Transmit_IT                     build/stm32f1xx_hal_i2c.o
HAL_I2C_Slave_Transmit                            build/stm32f1xx_hal_i2c.o
HAL_I2C_Slave_Transmit_DMA                        build/stm32f1xx_hal_i2c.o
HAL_I2C_Slave_Transmit_IT                         build/stm32f1xx_hal_i2c.o
HAL_IncTick                                       build/stm32f1xx_hal.o
                                                  build/stm32f1xx_it.o
HAL_Init                                          build/stm32f1xx_hal.o
                                                  build/main.o
HAL_InitTick                                      build/stm32f1xx_hal.o
                                                  build/stm32f1xx_hal_rcc.o
HAL_LIN_Init                                      build/stm32f1xx_hal_uart.o
HAL_LIN_SendBreak                                 build/stm32f1xx_hal_uart.o
HAL_MspDeInit                                     build/stm32f1xx_hal.o
HAL_MspInit                                       build/stm32f1xx_hal_msp.o
HAL_MultiProcessor_EnterMuteMode                  build/stm32f1xx_hal_uart.o
HAL_MultiProcessor_ExitMuteMode                   build/stm32f1xx_hal_uart.o
HAL_MultiProcessor_Init                           build/stm32f1xx_hal_uart.o
HAL_NVIC_ClearPendingIRQ                          build/stm32f1xx_hal_cortex.o
HAL_NVIC_DisableIRQ                               build/stm32f1xx_hal_cortex.o
                                                  build/usart.o
                                                  build/i2c.o
HAL_NVIC_EnableIRQ                                build/stm32f1xx_hal_cortex.o
                                                  build/usart.o
                                                  build/i2c.o
                                                  build/gpio.o
HAL_NVIC_GetActive                                build/stm32f1xx_hal_cortex.o
HAL_NVIC_GetPendingIRQ                            build/stm32f1xx_hal_cortex.o
HAL_NVIC_GetPriority                              build/stm32f1xx_hal_cortex.o
HAL_NVIC_GetPriorityGrouping                      build/stm32f1xx_hal_cortex.o
HAL_NVIC_SetPendingIRQ                            build/stm32f1xx_hal_cortex.o
HAL_NVIC_SetPriority                              build/stm32f1xx_hal_cortex.o
                                                  build/stm32f1xx_hal.o
                                                  build/usart.o
                                                  build/i2c.o
                                                  build/gpio.o
HAL_NVIC_SetPriorityGrouping                      build/stm32f1xx_hal_cortex.o
                                                  build/stm32f1xx_hal.o
HAL_NVIC_SystemReset                              build/stm32f1xx_hal_cortex.o
                                                  build/stm32f1xx_hal_flash.o
HAL_PWR_ConfigPVD                                 build/stm32f1xx_hal_pwr.o
HAL_PWR_DeInit                                    build/stm32f1xx_hal_pwr.o
HAL_PWR_DisableBkUpAccess                         build/stm32f1xx_hal_pwr.o
HAL_PWR_DisablePVD                                build/stm32f1xx_hal_pwr.o
HAL_PWR_DisableSEVOnPend                          build/stm32f1xx_hal_pwr.o
HAL_PWR_DisableSleepOnExit                        build/stm32f1xx_hal_pwr.o
HAL_PWR_DisableWakeUpPin                          build/stm32f1xx_hal_pwr.o
HAL_PWR_EnableBkUpAccess                          build/stm32f1xx_hal_pwr.o
HAL_PWR_EnablePVD                                 build/stm32f1xx_hal_pwr.o
HAL_PWR_EnableSEVOnPend                           build/stm32f1xx_hal_pwr.o
HAL_PWR_EnableSleepOnExit                         build/stm32f1xx_hal_pwr.o
HAL_PWR_EnableWakeUpPin                           build/stm32f1xx_hal_pwr.o
HAL_PWR_EnterSLEEPMode                            build/stm32f1xx_hal_pwr.o
HAL_PWR_EnterSTANDBYMode                          build/stm32f1xx_hal_pwr.o
HAL_PWR_EnterSTOPMode                             build/stm32f1xx_hal_pwr.o
HAL_PWR_PVDCallback                               build/stm32f1xx_hal_pwr.o
HAL_PWR_PVD_IRQHandler                            build/stm32f1xx_hal_pwr.o
HAL_RCCEx_GetPeriphCLKConfig                      build/stm32f1xx_hal_rcc_ex.o
HAL_RCCEx_GetPeriphCLKFreq                        build/stm32f1xx_hal_rcc_ex.o
                                                  build/stm32f1xx_hal_adc_ex.o
                                                  build/stm32f1xx_hal_adc.o
HAL_RCCEx_PeriphCLKConfig                         build/stm32f1xx_hal_rcc_ex.o
                                                  build/main.o
HAL_RCC_CSSCallback                               build/stm32f1xx_hal_rcc.o
HAL_RCC_ClockConfig                               build/stm32f1xx_hal_rcc.o
                                                  build/main.o
HAL_RCC_DeInit                                    build/stm32f1xx_hal_rcc.o
HAL_RCC_DisableCSS                                build/stm32f1xx_hal_rcc.o
HAL_RCC_EnableCSS                                 build/stm32f1xx_hal_rcc.o
HAL_RCC_GetClockConfig                            build/stm32f1xx_hal_rcc.o
HAL_RCC_GetHCLKFreq                               build/stm32f1xx_hal_rcc.o
HAL_RCC_GetOscConfig                              build/stm32f1xx_hal_rcc.o
HAL_RCC_GetPCLK1Freq                              build/stm32f1xx_hal_rcc.o
                                                  build/stm32f1xx_hal_uart.o
                                                  build/stm32f1xx_hal_i2c.o
HAL_RCC_GetPCLK2Freq                              build/stm32f1xx_hal_rcc.o
                                                  build/stm32f1xx_hal_uart.o
                                                  build/stm32f1xx_hal_rcc_ex.o
HAL_RCC_GetSysClockFreq                           build/stm32f1xx_hal_rcc.o
                                                  build/stm32f1xx_hal_rcc_ex.o
HAL_RCC_MCOConfig                                 build/stm32f1xx_hal_rcc.o
HAL_RCC_NMI_IRQHandler                            build/stm32f1xx_hal_rcc.o
HAL_RCC_OscConfig                                 build/stm32f1xx_hal_rcc.o
                                                  build/main.o
HAL_ResumeTick                                    build/stm32f1xx_hal.o
HAL_SYSTICK_CLKSourceConfig                       build/stm32f1xx_hal_cortex.o
HAL_SYSTICK_Callback                              build/stm32f1xx_hal_cortex.o
HAL_SYSTICK_Config                                build/stm32f1xx_hal_cortex.o
                                                  build/stm32f1xx_hal.o
HAL_SYSTICK_IRQHandler                            build/stm32f1xx_hal_cortex.o
HAL_SetTickFreq                                   build/stm32f1xx_hal.o
HAL_SuspendTick                                   build/stm32f1xx_hal.o
HAL_UART_Abort                                    build/stm32f1xx_hal_uart.o
HAL_UART_AbortCpltCallback                        build/stm32f1xx_hal_uart.o
HAL_UART_AbortReceive                             build/stm32f1xx_hal_uart.o
HAL_UART_AbortReceiveCpltCallback                 build/stm32f1xx_hal_uart.o
HAL_UART_AbortReceive_IT                          build/stm32f1xx_hal_uart.o
HAL_UART_AbortTransmit                            build/stm32f1xx_hal_uart.o
HAL_UART_AbortTransmitCpltCallback                build/stm32f1xx_hal_uart.o
HAL_UART_AbortTransmit_IT                         build/stm32f1xx_hal_uart.o
HAL_UART_Abort_IT                                 build/stm32f1xx_hal_uart.o
HAL_UART_DMAPause                                 build/stm32f1xx_hal_uart.o
HAL_UART_DMAResume                                build/stm32f1xx_hal_uart.o
HAL_UART_DMAStop                                  build/stm32f1xx_hal_uart.o
HAL_UART_DeInit                                   build/stm32f1xx_hal_uart.o
HAL_UART_ErrorCallback                            build/stm32f1xx_hal_uart.o
HAL_UART_GetError                                 build/stm32f1xx_hal_uart.o
HAL_UART_GetState                                 build/stm32f1xx_hal_uart.o
HAL_UART_IRQHandler                               build/stm32f1xx_hal_uart.o
                                                  build/stm32f1xx_it.o
HAL_UART_Init                                     build/stm32f1xx_hal_uart.o
                                                  build/usart.o
HAL_UART_MspDeInit                                build/usart.o
HAL_UART_MspInit                                  build/usart.o
HAL_UART_Receive                                  build/stm32f1xx_hal_uart.o
HAL_UART_Receive_DMA                              build/stm32f1xx_hal_uart.o
HAL_UART_Receive_IT                               build/stm32f1xx_hal_uart.o
                                                  build/usart.o
HAL_UART_RxCpltCallback                           build/usart.o
HAL_UART_RxHalfCpltCallback                       build/stm32f1xx_hal_uart.o
HAL_UART_Transmit                                 build/stm32f1xx_hal_uart.o
                                                  build/main.o
HAL_UART_Transmit_DMA                             build/stm32f1xx_hal_uart.o
HAL_UART_Transmit_IT                              build/stm32f1xx_hal_uart.o
HAL_UART_TxCpltCallback                           build/stm32f1xx_hal_uart.o
HAL_UART_TxHalfCpltCallback                       build/stm32f1xx_hal_uart.o
HardFault_Handler                                 build/stm32f1xx_it.o
I2C1_ER_IRQHandler                                build/startup_stm32f103xe.o
I2C1_EV_IRQHandler                                build/stm32f1xx_it.o
I2C2_ER_IRQHandler                                build/startup_stm32f103xe.o
I2C2_EV_IRQHandler                                build/stm32f1xx_it.o
MMX_ADC_Conversion                                build/adc.o
                                                  build/main.o
MX_ADC1_Init                                      build/adc.o
                                                  build/main.o
MX_ADC2_Init                                      build/adc.o
                                                  build/main.o
MX_GPIO1_TEST_Error                               build/gpio.o
                                                  build/oled_i2c.o
MX_GPIO2_TEST_Error                               build/gpio.o
                                                  build/oled_i2c.o
MX_GPIO_Init                                      build/gpio.o
                                                  build/main.o
MX_I2C1_Init                                      build/i2c.o
                                                  build/main.o
MX_I2C2_Init                                      build/i2c.o
                                                  build/main.o
MX_UART4_Init                                     build/usart.o
                                                  build/main.o
MX_UART5_Init                                     build/usart.o
                                                  build/main.o
MemManage_Handler                                 build/stm32f1xx_it.o
NMI_Handler                                       build/stm32f1xx_it.o
OLED_Init                                         build/oled_i2c.o
                                                  build/main.o
PVD_IRQHandler                                    build/startup_stm32f103xe.o
PendSV_Handler                                    build/stm32f1xx_it.o
RCC_IRQHandler                                    build/startup_stm32f103xe.o
RTC_Alarm_IRQHandler                              build/startup_stm32f103xe.o
RTC_IRQHandler                                    build/startup_stm32f103xe.o
Reset_Handler                                     build/startup_stm32f103xe.o
SDIO_IRQHandler                                   build/startup_stm32f103xe.o
SPI1_IRQHandler                                   build/startup_stm32f103xe.o
SPI2_IRQHandler                                   build/startup_stm32f103xe.o
SPI3_IRQHandler                                   build/startup_stm32f103xe.o
SVC_Handler                                       build/stm32f1xx_it.o
SysTick_Handler                                   build/stm32f1xx_it.o
SystemClock_Config                                build/main.o
SystemCoreClock                                   build/system_stm32f1xx.o
                                                  build/stm32f1xx_hal_i2c.o
                                                  build/stm32f1xx_hal_rcc.o
                                                  build/stm32f1xx_hal.o
                                                  build/stm32f1xx_hal_adc_ex.o
                                                  build/stm32f1xx_hal_adc.o
SystemCoreClockUpdate                             build/system_stm32f1xx.o
SystemInit                                        build/system_stm32f1xx.o
                                                  build/startup_stm32f103xe.o
TAMPER_IRQHandler                                 build/startup_stm32f103xe.o
TIM1_BRK_IRQHandler                               build/startup_stm32f103xe.o
TIM1_CC_IRQHandler                                build/startup_stm32f103xe.o
TIM1_TRG_COM_IRQHandler                           build/startup_stm32f103xe.o
TIM1_UP_IRQHandler                                build/startup_stm32f103xe.o
TIM2_IRQHandler                                   build/startup_stm32f103xe.o
TIM3_IRQHandler                                   build/startup_stm32f103xe.o
TIM4_IRQHandler                                   build/startup_stm32f103xe.o
TIM5_IRQHandler                                   build/startup_stm32f103xe.o
TIM6_IRQHandler                                   build/startup_stm32f103xe.o
TIM7_IRQHandler                                   build/startup_stm32f103xe.o
TIM8_BRK_IRQHandler                               build/startup_stm32f103xe.o
TIM8_CC_IRQHandler                                build/startup_stm32f103xe.o
TIM8_TRG_COM_IRQHandler                           build/startup_stm32f103xe.o
TIM8_UP_IRQHandler                                build/startup_stm32f103xe.o
UART4_IRQHandler                                  build/stm32f1xx_it.o
UART5_IRQHandler                                  build/stm32f1xx_it.o
USART1_IRQHandler                                 build/startup_stm32f103xe.o
USART2_IRQHandler                                 build/startup_stm32f103xe.o
USART3_IRQHandler                                 build/startup_stm32f103xe.o
USBWakeUp_IRQHandler                              build/startup_stm32f103xe.o
USB_HP_CAN1_TX_IRQHandler                         build/startup_stm32f103xe.o
USB_LP_CAN1_RX0_IRQHandler                        build/startup_stm32f103xe.o
UsageFault_Handler                                build/stm32f1xx_it.o
WWDG_IRQHandler                                   build/startup_stm32f103xe.o
_Jv_RegisterClasses                               /Users/leixiaoxiang/opt/gcc-arm-none-eabi/bin/../lib/gcc/arm-none-eabi/5.4.1/armv7-m/crtbegin.o
__bss_end__                                       /Users/leixiaoxiang/opt/gcc-arm-none-eabi/bin/../lib/gcc/arm-none-eabi/5.4.1/../../../../arm-none-eabi/lib/armv7-m/crt0.o
__bss_start__                                     /Users/leixiaoxiang/opt/gcc-arm-none-eabi/bin/../lib/gcc/arm-none-eabi/5.4.1/../../../../arm-none-eabi/lib/armv7-m/crt0.o
__call_exitprocs                                  /Users/leixiaoxiang/opt/gcc-arm-none-eabi/bin/../lib/gcc/arm-none-eabi/5.4.1/../../../../arm-none-eabi/lib/armv7-m/libc_nano.a(lib_a-exit.o)
__deregister_frame_info                           /Users/leixiaoxiang/opt/gcc-arm-none-eabi/bin/../lib/gcc/arm-none-eabi/5.4.1/armv7-m/crtbegin.o
__dso_handle                                      /Users/leixiaoxiang/opt/gcc-arm-none-eabi/bin/../lib/gcc/arm-none-eabi/5.4.1/armv7-m/crtbegin.o
__init_array_end                                  /Users/leixiaoxiang/opt/gcc-arm-none-eabi/bin/../lib/gcc/arm-none-eabi/5.4.1/../../../../arm-none-eabi/lib/armv7-m/libc_nano.a(lib_a-init.o)
__init_array_start                                /Users/leixiaoxiang/opt/gcc-arm-none-eabi/bin/../lib/gcc/arm-none-eabi/5.4.1/../../../../arm-none-eabi/lib/armv7-m/libc_nano.a(lib_a-init.o)
__libc_fini_array                                 /Users/leixiaoxiang/opt/gcc-arm-none-eabi/bin/../lib/gcc/arm-none-eabi/5.4.1/../../../../arm-none-eabi/lib/armv7-m/crt0.o
__libc_init_array                                 /Users/leixiaoxiang/opt/gcc-arm-none-eabi/bin/../lib/gcc/arm-none-eabi/5.4.1/../../../../arm-none-eabi/lib/armv7-m/libc_nano.a(lib_a-init.o)
                                                  build/startup_stm32f103xe.o
                                                  /Users/leixiaoxiang/opt/gcc-arm-none-eabi/bin/../lib/gcc/arm-none-eabi/5.4.1/../../../../arm-none-eabi/lib/armv7-m/crt0.o
__preinit_array_end                               /Users/leixiaoxiang/opt/gcc-arm-none-eabi/bin/../lib/gcc/arm-none-eabi/5.4.1/../../../../arm-none-eabi/lib/armv7-m/libc_nano.a(lib_a-init.o)
__preinit_array_start                             /Users/leixiaoxiang/opt/gcc-arm-none-eabi/bin/../lib/gcc/arm-none-eabi/5.4.1/../../../../arm-none-eabi/lib/armv7-m/libc_nano.a(lib_a-init.o)
__register_frame_info                             /Users/leixiaoxiang/opt/gcc-arm-none-eabi/bin/../lib/gcc/arm-none-eabi/5.4.1/armv7-m/crtbegin.o
__sf_fake_stderr                                  /Users/leixiaoxiang/opt/gcc-arm-none-eabi/bin/../lib/gcc/arm-none-eabi/5.4.1/../../../../arm-none-eabi/lib/armv7-m/libc_nano.a(lib_a-impure.o)
__sf_fake_stdin                                   /Users/leixiaoxiang/opt/gcc-arm-none-eabi/bin/../lib/gcc/arm-none-eabi/5.4.1/../../../../arm-none-eabi/lib/armv7-m/libc_nano.a(lib_a-impure.o)
__sf_fake_stdout                                  /Users/leixiaoxiang/opt/gcc-arm-none-eabi/bin/../lib/gcc/arm-none-eabi/5.4.1/../../../../arm-none-eabi/lib/armv7-m/libc_nano.a(lib_a-impure.o)
__stack                                           /Users/leixiaoxiang/opt/gcc-arm-none-eabi/bin/../lib/gcc/arm-none-eabi/5.4.1/../../../../arm-none-eabi/lib/armv7-m/crt0.o
_ebss                                             build/startup_stm32f103xe.o
_edata                                            build/startup_stm32f103xe.o
_estack                                           build/startup_stm32f103xe.o
_exit                                             /Users/leixiaoxiang/opt/gcc-arm-none-eabi/bin/../lib/gcc/arm-none-eabi/5.4.1/../../../../arm-none-eabi/lib/armv7-m/libnosys.a(_exit.o)
                                                  /Users/leixiaoxiang/opt/gcc-arm-none-eabi/bin/../lib/gcc/arm-none-eabi/5.4.1/../../../../arm-none-eabi/lib/armv7-m/libc_nano.a(lib_a-exit.o)
_fini                                             /Users/leixiaoxiang/opt/gcc-arm-none-eabi/bin/../lib/gcc/arm-none-eabi/5.4.1/armv7-m/crti.o
_global_impure_ptr                                /Users/leixiaoxiang/opt/gcc-arm-none-eabi/bin/../lib/gcc/arm-none-eabi/5.4.1/../../../../arm-none-eabi/lib/armv7-m/libc_nano.a(lib_a-impure.o)
                                                  /Users/leixiaoxiang/opt/gcc-arm-none-eabi/bin/../lib/gcc/arm-none-eabi/5.4.1/../../../../arm-none-eabi/lib/armv7-m/libc_nano.a(lib_a-exit.o)
_impure_ptr                                       /Users/leixiaoxiang/opt/gcc-arm-none-eabi/bin/../lib/gcc/arm-none-eabi/5.4.1/../../../../arm-none-eabi/lib/armv7-m/libc_nano.a(lib_a-impure.o)
_init                                             /Users/leixiaoxiang/opt/gcc-arm-none-eabi/bin/../lib/gcc/arm-none-eabi/5.4.1/armv7-m/crti.o
                                                  /Users/leixiaoxiang/opt/gcc-arm-none-eabi/bin/../lib/gcc/arm-none-eabi/5.4.1/../../../../arm-none-eabi/lib/armv7-m/libc_nano.a(lib_a-init.o)
_mainCRTStartup                                   /Users/leixiaoxiang/opt/gcc-arm-none-eabi/bin/../lib/gcc/arm-none-eabi/5.4.1/../../../../arm-none-eabi/lib/armv7-m/crt0.o
_sbss                                             build/startup_stm32f103xe.o
_sdata                                            build/startup_stm32f103xe.o
_sidata                                           build/startup_stm32f103xe.o
_start                                            /Users/leixiaoxiang/opt/gcc-arm-none-eabi/bin/../lib/gcc/arm-none-eabi/5.4.1/../../../../arm-none-eabi/lib/armv7-m/crt0.o
atexit                                            /Users/leixiaoxiang/opt/gcc-arm-none-eabi/bin/../lib/gcc/arm-none-eabi/5.4.1/../../../../arm-none-eabi/lib/armv7-m/crt0.o
beer_flag                                         build/gpio.o
                                                  build/oled_i2c.o
display_ctrl                                      build/oled_i2c.o
                                                  build/main.o
exit                                              /Users/leixiaoxiang/opt/gcc-arm-none-eabi/bin/../lib/gcc/arm-none-eabi/5.4.1/../../../../arm-none-eabi/lib/armv7-m/libc_nano.a(lib_a-exit.o)
                                                  /Users/leixiaoxiang/opt/gcc-arm-none-eabi/bin/../lib/gcc/arm-none-eabi/5.4.1/../../../../arm-none-eabi/lib/armv7-m/crt0.o
g_pfnVectors                                      build/startup_stm32f103xe.o
hadc1                                             build/adc.o
                                                  build/main.o
hadc2                                             build/adc.o
                                                  build/main.o
hardware_init_hook                                /Users/leixiaoxiang/opt/gcc-arm-none-eabi/bin/../lib/gcc/arm-none-eabi/5.4.1/../../../../arm-none-eabi/lib/armv7-m/crt0.o
hi2c1                                             build/i2c.o
                                                  build/stm32f1xx_it.o
                                                  build/oled_i2c.o
                                                  build/main.o
hi2c2                                             build/i2c.o
                                                  build/stm32f1xx_it.o
                                                  build/oled_i2c.o
                                                  build/main.o
huart4                                            build/usart.o
                                                  build/stm32f1xx_it.o
                                                  build/main.o
huart5                                            build/usart.o
                                                  build/stm32f1xx_it.o
                                                  build/main.o
main                                              build/main.o
                                                  build/startup_stm32f103xe.o
                                                  /Users/leixiaoxiang/opt/gcc-arm-none-eabi/bin/../lib/gcc/arm-none-eabi/5.4.1/../../../../arm-none-eabi/lib/armv7-m/crt0.o
memset                                            /Users/leixiaoxiang/opt/gcc-arm-none-eabi/bin/../lib/gcc/arm-none-eabi/5.4.1/../../../../arm-none-eabi/lib/armv7-m/libc_nano.a(lib_a-memset.o)
                                                  build/main.o
                                                  /Users/leixiaoxiang/opt/gcc-arm-none-eabi/bin/../lib/gcc/arm-none-eabi/5.4.1/../../../../arm-none-eabi/lib/armv7-m/crt0.o
pFlash                                            build/stm32f1xx_hal_flash.o
                                                  build/stm32f1xx_hal_flash_ex.o
software_init_hook                                /Users/leixiaoxiang/opt/gcc-arm-none-eabi/bin/../lib/gcc/arm-none-eabi/5.4.1/../../../../arm-none-eabi/lib/armv7-m/crt0.o
uart_data1                                        build/usart.o
                                                  build/main.o
uart_data2                                        build/usart.o
                                                  build/main.o
uwTick                                            build/stm32f1xx_hal.o
uwTickFreq                                        build/stm32f1xx_hal.o
uwTickPrio                                        build/stm32f1xx_hal.o
                                                  build/stm32f1xx_hal_rcc.o
