Archive member included to satisfy reference by file (symbol)

/Users/leixiaoxiang/opt/gcc-arm-none-eabi/bin/../lib/gcc/arm-none-eabi/5.4.1/../../../../arm-none-eabi/lib/armv7-m/libc_nano.a(lib_a-exit.o)
                              /Users/leixiaoxiang/opt/gcc-arm-none-eabi/bin/../lib/gcc/arm-none-eabi/5.4.1/../../../../arm-none-eabi/lib/armv7-m/crt0.o (exit)
/Users/leixiaoxiang/opt/gcc-arm-none-eabi/bin/../lib/gcc/arm-none-eabi/5.4.1/../../../../arm-none-eabi/lib/armv7-m/libc_nano.a(lib_a-impure.o)
                              /Users/leixiaoxiang/opt/gcc-arm-none-eabi/bin/../lib/gcc/arm-none-eabi/5.4.1/../../../../arm-none-eabi/lib/armv7-m/libc_nano.a(lib_a-exit.o) (_global_impure_ptr)
/Users/leixiaoxiang/opt/gcc-arm-none-eabi/bin/../lib/gcc/arm-none-eabi/5.4.1/../../../../arm-none-eabi/lib/armv7-m/libc_nano.a(lib_a-init.o)
                              /Users/leixiaoxiang/opt/gcc-arm-none-eabi/bin/../lib/gcc/arm-none-eabi/5.4.1/../../../../arm-none-eabi/lib/armv7-m/crt0.o (__libc_init_array)
/Users/leixiaoxiang/opt/gcc-arm-none-eabi/bin/../lib/gcc/arm-none-eabi/5.4.1/../../../../arm-none-eabi/lib/armv7-m/libc_nano.a(lib_a-memset.o)
                              /Users/leixiaoxiang/opt/gcc-arm-none-eabi/bin/../lib/gcc/arm-none-eabi/5.4.1/../../../../arm-none-eabi/lib/armv7-m/crt0.o (memset)
/Users/leixiaoxiang/opt/gcc-arm-none-eabi/bin/../lib/gcc/arm-none-eabi/5.4.1/../../../../arm-none-eabi/lib/armv7-m/libnosys.a(_exit.o)
                              /Users/leixiaoxiang/opt/gcc-arm-none-eabi/bin/../lib/gcc/arm-none-eabi/5.4.1/../../../../arm-none-eabi/lib/armv7-m/libc_nano.a(lib_a-exit.o) (_exit)

Allocating common symbols
Common symbol       size              file

uart_data2          0x19              build/usart.o
hadc2               0x30              build/adc.o
hi2c1               0x54              build/i2c.o
hi2c2               0x54              build/i2c.o
uwTick              0x4               build/stm32f1xx_hal.o
pFlash              0x20              build/stm32f1xx_hal_flash.o
huart5              0x40              build/usart.o
hadc1               0x30              build/adc.o
huart4              0x40              build/usart.o
uart_data1          0x19              build/usart.o

Discarded input sections

 .text          0x0000000000000000        0x0 /Users/leixiaoxiang/opt/gcc-arm-none-eabi/bin/../lib/gcc/arm-none-eabi/5.4.1/armv7-m/crti.o
 .data          0x0000000000000000        0x0 /Users/leixiaoxiang/opt/gcc-arm-none-eabi/bin/../lib/gcc/arm-none-eabi/5.4.1/armv7-m/crti.o
 .bss           0x0000000000000000        0x0 /Users/leixiaoxiang/opt/gcc-arm-none-eabi/bin/../lib/gcc/arm-none-eabi/5.4.1/armv7-m/crti.o
 .data          0x0000000000000000        0x4 /Users/leixiaoxiang/opt/gcc-arm-none-eabi/bin/../lib/gcc/arm-none-eabi/5.4.1/armv7-m/crtbegin.o
 .text          0x0000000000000000       0x74 /Users/leixiaoxiang/opt/gcc-arm-none-eabi/bin/../lib/gcc/arm-none-eabi/5.4.1/../../../../arm-none-eabi/lib/armv7-m/crt0.o
 .data          0x0000000000000000        0x0 /Users/leixiaoxiang/opt/gcc-arm-none-eabi/bin/../lib/gcc/arm-none-eabi/5.4.1/../../../../arm-none-eabi/lib/armv7-m/crt0.o
 .bss           0x0000000000000000        0x0 /Users/leixiaoxiang/opt/gcc-arm-none-eabi/bin/../lib/gcc/arm-none-eabi/5.4.1/../../../../arm-none-eabi/lib/armv7-m/crt0.o
 .ARM.extab     0x0000000000000000        0x0 /Users/leixiaoxiang/opt/gcc-arm-none-eabi/bin/../lib/gcc/arm-none-eabi/5.4.1/../../../../arm-none-eabi/lib/armv7-m/crt0.o
 .ARM.exidx     0x0000000000000000        0x8 /Users/leixiaoxiang/opt/gcc-arm-none-eabi/bin/../lib/gcc/arm-none-eabi/5.4.1/../../../../arm-none-eabi/lib/armv7-m/crt0.o
 .ARM.attributes
                0x0000000000000000       0x1b /Users/leixiaoxiang/opt/gcc-arm-none-eabi/bin/../lib/gcc/arm-none-eabi/5.4.1/../../../../arm-none-eabi/lib/armv7-m/crt0.o
 .text          0x0000000000000000        0x0 build/main.o
 .data          0x0000000000000000        0x0 build/main.o
 .bss           0x0000000000000000        0x0 build/main.o
 .text          0x0000000000000000        0x0 build/gpio.o
 .data          0x0000000000000000        0x0 build/gpio.o
 .bss           0x0000000000000000        0x0 build/gpio.o
 .text          0x0000000000000000        0x0 build/adc.o
 .data          0x0000000000000000        0x0 build/adc.o
 .bss           0x0000000000000000        0x0 build/adc.o
 .text.HAL_ADC_MspDeInit
                0x0000000000000000       0x48 build/adc.o
 .text          0x0000000000000000        0x0 build/i2c.o
 .data          0x0000000000000000        0x0 build/i2c.o
 .bss           0x0000000000000000        0x0 build/i2c.o
 .text.HAL_I2C_MspDeInit
                0x0000000000000000       0x58 build/i2c.o
 .text          0x0000000000000000        0x0 build/usart.o
 .data          0x0000000000000000        0x0 build/usart.o
 .bss           0x0000000000000000        0x0 build/usart.o
 .text.HAL_UART_MspDeInit
                0x0000000000000000       0x64 build/usart.o
[...]
Memory Configuration

Name             Origin             Length             Attributes
RAM              0x0000000020000000 0x0000000000010000 xrw
FLASH            0x0000000008000000 0x0000000000080000 xr
*default*        0x0000000000000000 0xffffffffffffffff

Linker script and memory map

LOAD /Users/leixiaoxiang/opt/gcc-arm-none-eabi/bin/../lib/gcc/arm-none-eabi/5.4.1/armv7-m/crti.o
LOAD /Users/leixiaoxiang/opt/gcc-arm-none-eabi/bin/../lib/gcc/arm-none-eabi/5.4.1/armv7-m/crtbegin.o
LOAD /Users/leixiaoxiang/opt/gcc-arm-none-eabi/bin/../lib/gcc/arm-none-eabi/5.4.1/../../../../arm-none-eabi/lib/armv7-m/crt0.o
LOAD build/main.o
LOAD build/gpio.o
LOAD build/adc.o
LOAD build/i2c.o
LOAD build/usart.o
LOAD build/oled_i2c.o
LOAD build/stm32f1xx_it.o
LOAD build/stm32f1xx_hal_msp.o
LOAD build/stm32f1xx_hal_gpio_ex.o
LOAD build/stm32f1xx_hal_adc.o
LOAD build/stm32f1xx_hal_adc_ex.o
LOAD build/stm32f1xx_hal.o
LOAD build/stm32f1xx_hal_rcc.o
LOAD build/stm32f1xx_hal_rcc_ex.o
LOAD build/stm32f1xx_hal_gpio.o
LOAD build/stm32f1xx_hal_dma.o
LOAD build/stm32f1xx_hal_cortex.o
LOAD build/stm32f1xx_hal_pwr.o
LOAD build/stm32f1xx_hal_flash.o
LOAD build/stm32f1xx_hal_flash_ex.o
LOAD build/stm32f1xx_hal_exti.o
LOAD build/stm32f1xx_hal_i2c.o
LOAD build/stm32f1xx_hal_tim.o
LOAD build/stm32f1xx_hal_tim_ex.o
LOAD build/stm32f1xx_hal_uart.o
LOAD build/system_stm32f1xx.o
LOAD build/startup_stm32f103xe.o
LOAD /Users/leixiaoxiang/opt/gcc-arm-none-eabi/bin/../lib/gcc/arm-none-eabi/5.4.1/../../../../arm-none-eabi/lib/armv7-m/libc_nano.a
LOAD /Users/leixiaoxiang/opt/gcc-arm-none-eabi/bin/../lib/gcc/arm-none-eabi/5.4.1/../../../../arm-none-eabi/lib/armv7-m/libm.a
LOAD /Users/leixiaoxiang/opt/gcc-arm-none-eabi/bin/../lib/gcc/arm-none-eabi/5.4.1/../../../../arm-none-eabi/lib/armv7-m/libnosys.a
START GROUP
LOAD /Users/leixiaoxiang/opt/gcc-arm-none-eabi/bin/../lib/gcc/arm-none-eabi/5.4.1/armv7-m/libgcc.a
LOAD /Users/leixiaoxiang/opt/gcc-arm-none-eabi/bin/../lib/gcc/arm-none-eabi/5.4.1/../../../../arm-none-eabi/lib/armv7-m/libc_nano.a
END GROUP
START GROUP
LOAD /Users/leixiaoxiang/opt/gcc-arm-none-eabi/bin/../lib/gcc/arm-none-eabi/5.4.1/armv7-m/libgcc.a
LOAD /Users/leixiaoxiang/opt/gcc-arm-none-eabi/bin/../lib/gcc/arm-none-eabi/5.4.1/../../../../arm-none-eabi/lib/armv7-m/libc_nano.a
END GROUP
LOAD /Users/leixiaoxiang/opt/gcc-arm-none-eabi/bin/../lib/gcc/arm-none-eabi/5.4.1/armv7-m/crtend.o
LOAD /Users/leixiaoxiang/opt/gcc-arm-none-eabi/bin/../lib/gcc/arm-none-eabi/5.4.1/armv7-m/crtn.o
                0x0000000020010000                _estack = 0x20010000
                0x0000000000000200                _Min_Heap_Size = 0x200
                0x0000000000000400                _Min_Stack_Size = 0x400

.isr_vector     0x0000000008000000      0x1e4
                0x0000000008000000                . = ALIGN (0x4)
 *(.isr_vector)
 .isr_vector    0x0000000008000000      0x1e4 build/startup_stm32f103xe.o
                0x0000000008000000                g_pfnVectors
                0x00000000080001e4                . = ALIGN (0x4)

.text           0x00000000080001e4     0x3864
                0x00000000080001e4                . = ALIGN (0x4)
 *(.text)
 .text          0x00000000080001e4       0x5c /Users/leixiaoxiang/opt/gcc-arm-none-eabi/bin/../lib/gcc/arm-none-eabi/5.4.1/armv7-m/crtbegin.o
 *(.text*)
 .text.SystemClock_Config
                0x0000000008000240       0x70 build/main.o
                0x0000000008000240                SystemClock_Config
 .text.main     0x00000000080002b0       0xa0 build/main.o
                0x00000000080002b0                main
 .text.Error_Handler
                0x0000000008000350        0x4 build/main.o
                0x0000000008000350                Error_Handler
 .text.MX_GPIO_Init
                0x0000000008000354       0xdc build/gpio.o
                0x0000000008000354                MX_GPIO_Init
 .text.MX_GPIO1_TEST_Error
                0x0000000008000430       0x28 build/gpio.o
                0x0000000008000430                MX_GPIO1_TEST_Error
 .text.MX_GPIO2_TEST_Error
                0x0000000008000458       0x28 build/gpio.o
                0x0000000008000458                MX_GPIO2_TEST_Error
 .text.MX_ADC1_Init
                0x0000000008000480       0x58 build/adc.o
                0x0000000008000480                MX_ADC1_Init
 .text.MX_ADC2_Init
                0x00000000080004d8       0x58 build/adc.o
                0x00000000080004d8                MX_ADC2_Init
 .text.HAL_ADC_MspInit
                0x0000000008000530       0xa0 build/adc.o
                0x0000000008000530                HAL_ADC_MspInit
 .text.MMX_ADC_Conversion
                0x00000000080005d0       0x28 build/adc.o
                0x00000000080005d0                MMX_ADC_Conversion
 .text.MX_I2C1_Init
                0x00000000080005f8       0x38 build/i2c.o
                0x00000000080005f8                MX_I2C1_Init
 .text.MX_I2C2_Init
                0x0000000008000630       0x38 build/i2c.o
                0x0000000008000630                MX_I2C2_Init
 .text.HAL_I2C_MspInit
                0x0000000008000668       0xc8 build/i2c.o
                0x0000000008000668                HAL_I2C_MspInit
 .text.MX_UART4_Init
                0x0000000008000730       0x40 build/usart.o
                0x0000000008000730                MX_UART4_Init
 .text.MX_UART5_Init
                0x0000000008000770       0x40 build/usart.o
                0x0000000008000770                MX_UART5_Init
 .text.HAL_UART_MspInit
                0x00000000080007b0      0x108 build/usart.o
                0x00000000080007b0                HAL_UART_MspInit
 .text.HAL_UART_RxCpltCallback
                0x00000000080008b8       0x30 build/usart.o
                0x00000000080008b8                HAL_UART_RxCpltCallback
 .text.OLED_Init
                0x00000000080008e8       0x68 build/oled_i2c.o
                0x00000000080008e8                OLED_Init
 .text.display_ctrl
                0x0000000008000950      0x3a0 build/oled_i2c.o
                0x0000000008000950                display_ctrl
 .text.NMI_Handler
                0x0000000008000cf0        0x4 build/stm32f1xx_it.o
                0x0000000008000cf0                NMI_Handler
 .text.HardFault_Handler
                0x0000000008000cf4        0x4 build/stm32f1xx_it.o
                0x0000000008000cf4                HardFault_Handler
 .text.MemManage_Handler
                0x0000000008000cf8        0x4 build/stm32f1xx_it.o
                0x0000000008000cf8                MemManage_Handler
 .text.BusFault_Handler
                0x0000000008000cfc        0x4 build/stm32f1xx_it.o
                0x0000000008000cfc                BusFault_Handler
 .text.UsageFault_Handler
                0x0000000008000d00        0x4 build/stm32f1xx_it.o
                0x0000000008000d00                UsageFault_Handler
 .text.SVC_Handler
                0x0000000008000d04        0x4 build/stm32f1xx_it.o
                0x0000000008000d04                SVC_Handler
 .text.DebugMon_Handler
                0x0000000008000d08        0x4 build/stm32f1xx_it.o
                0x0000000008000d08                DebugMon_Handler
 .text.PendSV_Handler
                0x0000000008000d0c        0x4 build/stm32f1xx_it.o
                0x0000000008000d0c                PendSV_Handler
 .text.SysTick_Handler
                0x0000000008000d10        0x8 build/stm32f1xx_it.o
                0x0000000008000d10                SysTick_Handler
 .text.I2C1_EV_IRQHandler
                0x0000000008000d18       0x10 build/stm32f1xx_it.o
                0x0000000008000d18                I2C1_EV_IRQHandler
 .text.I2C2_EV_IRQHandler
                0x0000000008000d28       0x10 build/stm32f1xx_it.o
                0x0000000008000d28                I2C2_EV_IRQHandler
 .text.UART4_IRQHandler
                0x0000000008000d38       0x10 build/stm32f1xx_it.o
                0x0000000008000d38                UART4_IRQHandler
 .text.UART5_IRQHandler
                0x0000000008000d48       0x10 build/stm32f1xx_it.o
                0x0000000008000d48                UART5_IRQHandler
 .text.HAL_MspInit
                0x0000000008000d58       0x44 build/stm32f1xx_hal_msp.o
                0x0000000008000d58                HAL_MspInit
 .text.HAL_ADC_PollForConversion
                0x0000000008000d9c      0x174 build/stm32f1xx_hal_adc.o
                0x0000000008000d9c                HAL_ADC_PollForConversion
 .text.HAL_ADC_GetValue
                0x0000000008000f10        0x8 build/stm32f1xx_hal_adc.o
                0x0000000008000f10                HAL_ADC_GetValue
 .text.HAL_ADC_ConfigChannel
                0x0000000008000f18      0x138 build/stm32f1xx_hal_adc.o
                0x0000000008000f18                HAL_ADC_ConfigChannel
 .text.HAL_ADC_GetState
                0x0000000008001050        0x4 build/stm32f1xx_hal_adc.o
                0x0000000008001050                HAL_ADC_GetState
 .text.ADC_Enable
                0x0000000008001054       0x80 build/stm32f1xx_hal_adc.o
                0x0000000008001054                ADC_Enable
 .text.HAL_ADC_Start
                0x00000000080010d4       0xf8 build/stm32f1xx_hal_adc.o
                0x00000000080010d4                HAL_ADC_Start
 .text.ADC_ConversionStop_Disable
                0x00000000080011cc       0x50 build/stm32f1xx_hal_adc.o
                0x00000000080011cc                ADC_ConversionStop_Disable
 .text.HAL_ADC_Init
                0x000000000800121c      0x128 build/stm32f1xx_hal_adc.o
                0x000000000800121c                HAL_ADC_Init
 .text.HAL_InitTick
                0x0000000008001344       0x4c build/stm32f1xx_hal.o
                0x0000000008001344                HAL_InitTick
 .text.HAL_Init
                0x0000000008001390       0x24 build/stm32f1xx_hal.o
                0x0000000008001390                HAL_Init
 .text.HAL_IncTick
                0x00000000080013b4       0x18 build/stm32f1xx_hal.o
                0x00000000080013b4                HAL_IncTick
 .text.HAL_GetTick
                0x00000000080013cc        0xc build/stm32f1xx_hal.o
                0x00000000080013cc                HAL_GetTick
 .text.HAL_Delay
                0x00000000080013d8       0x28 build/stm32f1xx_hal.o
                0x00000000080013d8                HAL_Delay
 .text.RCC_Delay
                0x0000000008001400       0x2c build/stm32f1xx_hal_rcc.o
 .text.HAL_RCC_OscConfig
                0x000000000800142c      0x434 build/stm32f1xx_hal_rcc.o
                0x000000000800142c                HAL_RCC_OscConfig
 .text.HAL_RCC_GetSysClockFreq
                0x0000000008001860       0x70 build/stm32f1xx_hal_rcc.o
                0x0000000008001860                HAL_RCC_GetSysClockFreq
 .text.HAL_RCC_ClockConfig
                0x00000000080018d0      0x170 build/stm32f1xx_hal_rcc.o
                0x00000000080018d0                HAL_RCC_ClockConfig
 .text.HAL_RCC_GetHCLKFreq
                0x0000000008001a40        0xc build/stm32f1xx_hal_rcc.o
                0x0000000008001a40                HAL_RCC_GetHCLKFreq
 .text.HAL_RCC_GetPCLK1Freq
                0x0000000008001a4c       0x20 build/stm32f1xx_hal_rcc.o
                0x0000000008001a4c                HAL_RCC_GetPCLK1Freq
 .text.HAL_RCC_GetPCLK2Freq
                0x0000000008001a6c       0x20 build/stm32f1xx_hal_rcc.o
                0x0000000008001a6c                HAL_RCC_GetPCLK2Freq
 .text.HAL_RCCEx_PeriphCLKConfig
                0x0000000008001a8c      0x114 build/stm32f1xx_hal_rcc_ex.o
                0x0000000008001a8c                HAL_RCCEx_PeriphCLKConfig
 .text.HAL_RCCEx_GetPeriphCLKFreq
                0x0000000008001ba0      0x120 build/stm32f1xx_hal_rcc_ex.o
                0x0000000008001ba0                HAL_RCCEx_GetPeriphCLKFreq
 .text.HAL_GPIO_Init
                0x0000000008001cc0      0x1f0 build/stm32f1xx_hal_gpio.o
                0x0000000008001cc0                HAL_GPIO_Init
 .text.HAL_GPIO_ReadPin
                0x0000000008001eb0       0x10 build/stm32f1xx_hal_gpio.o
                0x0000000008001eb0                HAL_GPIO_ReadPin
 .text.HAL_GPIO_WritePin
                0x0000000008001ec0        0xc build/stm32f1xx_hal_gpio.o
                0x0000000008001ec0                HAL_GPIO_WritePin
 .text.HAL_DMA_Abort_IT
                0x0000000008001ecc      0x168 build/stm32f1xx_hal_dma.o
                0x0000000008001ecc                HAL_DMA_Abort_IT
 .text.HAL_DMA_GetState
                0x0000000008002034        0x8 build/stm32f1xx_hal_dma.o
                0x0000000008002034                HAL_DMA_GetState
 .text.HAL_NVIC_SetPriorityGrouping
                0x000000000800203c       0x24 build/stm32f1xx_hal_cortex.o
                0x000000000800203c                HAL_NVIC_SetPriorityGrouping
 .text.HAL_NVIC_SetPriority
                0x0000000008002060       0x64 build/stm32f1xx_hal_cortex.o
                0x0000000008002060                HAL_NVIC_SetPriority
 .text.HAL_NVIC_EnableIRQ
                0x00000000080020c4       0x1c build/stm32f1xx_hal_cortex.o
                0x00000000080020c4                HAL_NVIC_EnableIRQ
 .text.HAL_SYSTICK_Config
                0x00000000080020e0       0x2c build/stm32f1xx_hal_cortex.o
                0x00000000080020e0                HAL_SYSTICK_Config
 .text.I2C_Master_SB
                0x000000000800210c       0xa0 build/stm32f1xx_hal_i2c.o
 .text.I2C_Master_ADD10
                0x00000000080021ac       0x28 build/stm32f1xx_hal_i2c.o
 .text.I2C_Master_ADDR
                0x00000000080021d4      0x214 build/stm32f1xx_hal_i2c.o
 .text.I2C_SlaveTransmit_BTF
                0x00000000080023e8       0x20 build/stm32f1xx_hal_i2c.o
 .text.I2C_SlaveReceive_BTF
                0x0000000008002408       0x20 build/stm32f1xx_hal_i2c.o
 .text.I2C_IsAcknowledgeFailed
                0x0000000008002428       0x34 build/stm32f1xx_hal_i2c.o
 .text.I2C_ConvertOtherXferOptions
                0x000000000800245c       0x1c build/stm32f1xx_hal_i2c.o
 .text.I2C_WaitOnFlagUntilTimeout
                0x0000000008002478       0x70 build/stm32f1xx_hal_i2c.o
 .text.I2C_WaitOnMasterAddressFlagUntilTimeout
                0x00000000080024e8       0xa8 build/stm32f1xx_hal_i2c.o
 .text.I2C_WaitOnTXEFlagUntilTimeout
                0x0000000008002590       0x54 build/stm32f1xx_hal_i2c.o
 .text.I2C_RequestMemoryWrite
                0x00000000080025e4       0xd0 build/stm32f1xx_hal_i2c.o
 .text.I2C_WaitOnBTFFlagUntilTimeout
                0x00000000080026b4       0x54 build/stm32f1xx_hal_i2c.o
 .text.HAL_I2C_Init
                0x0000000008002708      0x1a0 build/stm32f1xx_hal_i2c.o
                0x0000000008002708                HAL_I2C_Init
 .text.HAL_I2C_Mem_Write
                0x00000000080028a8      0x16c build/stm32f1xx_hal_i2c.o
                0x00000000080028a8                HAL_I2C_Mem_Write
 .text.HAL_I2C_MasterTxCpltCallback
                0x0000000008002a14        0x4 build/stm32f1xx_hal_i2c.o
                0x0000000008002a14                HAL_I2C_MasterTxCpltCallback
 .text.HAL_I2C_MasterRxCpltCallback
                0x0000000008002a18        0x4 build/stm32f1xx_hal_i2c.o
                0x0000000008002a18                HAL_I2C_MasterRxCpltCallback
 .text.HAL_I2C_SlaveTxCpltCallback
                0x0000000008002a1c        0x4 build/stm32f1xx_hal_i2c.o
                0x0000000008002a1c                HAL_I2C_SlaveTxCpltCallback
 .text.I2C_SlaveTransmit_TXE
                0x0000000008002a20       0x4c build/stm32f1xx_hal_i2c.o
 .text.HAL_I2C_SlaveRxCpltCallback
                0x0000000008002a6c        0x4 build/stm32f1xx_hal_i2c.o
                0x0000000008002a6c                HAL_I2C_SlaveRxCpltCallback
 .text.I2C_SlaveReceive_RXNE
                0x0000000008002a70       0x4c build/stm32f1xx_hal_i2c.o
 .text.HAL_I2C_AddrCallback
                0x0000000008002abc        0x4 build/stm32f1xx_hal_i2c.o
                0x0000000008002abc                HAL_I2C_AddrCallback
 .text.I2C_Slave_ADDR
                0x0000000008002ac0       0x50 build/stm32f1xx_hal_i2c.o
 .text.HAL_I2C_ListenCpltCallback
                0x0000000008002b10        0x4 build/stm32f1xx_hal_i2c.o
                0x0000000008002b10                HAL_I2C_ListenCpltCallback
 .text.HAL_I2C_MemTxCpltCallback
                0x0000000008002b14        0x4 build/stm32f1xx_hal_i2c.o
                0x0000000008002b14                HAL_I2C_MemTxCpltCallback
 .text.I2C_MasterTransmit_TXE
                0x0000000008002b18      0x14c build/stm32f1xx_hal_i2c.o
 .text.I2C_MasterTransmit_BTF
                0x0000000008002c64       0x9c build/stm32f1xx_hal_i2c.o
 .text.HAL_I2C_MemRxCpltCallback
                0x0000000008002d00        0x4 build/stm32f1xx_hal_i2c.o
                0x0000000008002d00                HAL_I2C_MemRxCpltCallback
 .text.I2C_MasterReceive_RXNE
                0x0000000008002d04       0xa4 build/stm32f1xx_hal_i2c.o
 .text.I2C_MasterReceive_BTF
                0x0000000008002da8      0x12c build/stm32f1xx_hal_i2c.o
 .text.HAL_I2C_ErrorCallback
                0x0000000008002ed4        0x4 build/stm32f1xx_hal_i2c.o
                0x0000000008002ed4                HAL_I2C_ErrorCallback
 .text.HAL_I2C_AbortCpltCallback
                0x0000000008002ed8        0x4 build/stm32f1xx_hal_i2c.o
                0x0000000008002ed8                HAL_I2C_AbortCpltCallback
 .text.I2C_DMAAbort
                0x0000000008002edc       0x8c build/stm32f1xx_hal_i2c.o
 .text.I2C_ITError
                0x0000000008002f68      0x164 build/stm32f1xx_hal_i2c.o
 .text.I2C_Slave_STOPF
                0x00000000080030cc      0x188 build/stm32f1xx_hal_i2c.o
 .text.HAL_I2C_EV_IRQHandler
                0x0000000008003254      0x198 build/stm32f1xx_hal_i2c.o
                0x0000000008003254                HAL_I2C_EV_IRQHandler
 .text.UART_EndRxTransfer
                0x00000000080033ec       0x1c build/stm32f1xx_hal_uart.o
 .text.UART_Transmit_IT
                0x0000000008003408       0x6c build/stm32f1xx_hal_uart.o
 .text.UART_SetConfig
                0x0000000008003474       0xcc build/stm32f1xx_hal_uart.o
 .text.UART_WaitOnFlagUntilTimeout
                0x0000000008003540       0x68 build/stm32f1xx_hal_uart.o
 .text.HAL_UART_Init
                0x00000000080035a8       0x64 build/stm32f1xx_hal_uart.o
                0x00000000080035a8                HAL_UART_Init
 .text.HAL_UART_Transmit
                0x000000000800360c       0xe4 build/stm32f1xx_hal_uart.o
                0x000000000800360c                HAL_UART_Transmit
 .text.HAL_UART_Receive_IT
                0x00000000080036f0       0x5c build/stm32f1xx_hal_uart.o
                0x00000000080036f0                HAL_UART_Receive_IT
 .text.HAL_UART_TxCpltCallback
                0x000000000800374c        0x4 build/stm32f1xx_hal_uart.o
                0x000000000800374c                HAL_UART_TxCpltCallback
 .text.UART_EndTransmit_IT
                0x0000000008003750       0x1c build/stm32f1xx_hal_uart.o
 .text.UART_Receive_IT
                0x000000000800376c       0xa0 build/stm32f1xx_hal_uart.o
 .text.HAL_UART_ErrorCallback
                0x000000000800380c        0x4 build/stm32f1xx_hal_uart.o
                0x000000000800380c                HAL_UART_ErrorCallback
 .text.HAL_UART_IRQHandler
                0x0000000008003810      0x11c build/stm32f1xx_hal_uart.o
                0x0000000008003810                HAL_UART_IRQHandler
 .text.UART_DMAAbortOnError
                0x000000000800392c       0x10 build/stm32f1xx_hal_uart.o
 .text.SystemInit
                0x000000000800393c       0x4c build/system_stm32f1xx.o
                0x000000000800393c                SystemInit
 .text.Reset_Handler
                0x0000000008003988       0x48 build/startup_stm32f103xe.o
                0x0000000008003988                Reset_Handler
 .text.Default_Handler
                0x00000000080039d0        0x2 build/startup_stm32f103xe.o
                0x00000000080039d0                DMA2_Channel3_IRQHandler
                0x00000000080039d0                EXTI2_IRQHandler
                0x00000000080039d0                TIM8_TRG_COM_IRQHandler
                0x00000000080039d0                TIM8_CC_IRQHandler
                0x00000000080039d0                TIM1_CC_IRQHandler
                0x00000000080039d0                TIM6_IRQHandler
                0x00000000080039d0                PVD_IRQHandler
                0x00000000080039d0                SDIO_IRQHandler
                0x00000000080039d0                EXTI3_IRQHandler
                0x00000000080039d0                EXTI0_IRQHandler
                0x00000000080039d0                ADC1_2_IRQHandler
                0x00000000080039d0                SPI1_IRQHandler
                0x00000000080039d0                TAMPER_IRQHandler
                0x00000000080039d0                TIM8_UP_IRQHandler
                0x00000000080039d0                DMA2_Channel2_IRQHandler
                0x00000000080039d0                DMA1_Channel4_IRQHandler
                0x00000000080039d0                USART3_IRQHandler
                0x00000000080039d0                RTC_IRQHandler
                0x00000000080039d0                DMA1_Channel7_IRQHandler
                0x00000000080039d0                CAN1_RX1_IRQHandler
                0x00000000080039d0                ADC3_IRQHandler
                0x00000000080039d0                TIM4_IRQHandler
                0x00000000080039d0                DMA2_Channel1_IRQHandler
                0x00000000080039d0                DMA1_Channel6_IRQHandler
                0x00000000080039d0                TIM3_IRQHandler
                0x00000000080039d0                RCC_IRQHandler
                0x00000000080039d0                TIM1_TRG_COM_IRQHandler
                0x00000000080039d0                DMA1_Channel1_IRQHandler
                0x00000000080039d0                Default_Handler
                0x00000000080039d0                EXTI15_10_IRQHandler
                0x00000000080039d0                TIM7_IRQHandler
                0x00000000080039d0                TIM5_IRQHandler
                0x00000000080039d0                EXTI9_5_IRQHandler
                0x00000000080039d0                SPI2_IRQHandler
                0x00000000080039d0                DMA1_Channel5_IRQHandler
                0x00000000080039d0                EXTI4_IRQHandler
                0x00000000080039d0                USB_LP_CAN1_RX0_IRQHandler
                0x00000000080039d0                USB_HP_CAN1_TX_IRQHandler
                0x00000000080039d0                DMA1_Channel3_IRQHandler
                0x00000000080039d0                FSMC_IRQHandler
                0x00000000080039d0                TIM1_UP_IRQHandler
                0x00000000080039d0                WWDG_IRQHandler
                0x00000000080039d0                TIM2_IRQHandler
                0x00000000080039d0                TIM1_BRK_IRQHandler
                0x00000000080039d0                EXTI1_IRQHandler
                0x00000000080039d0                DMA2_Channel4_5_IRQHandler
                0x00000000080039d0                USART2_IRQHandler
                0x00000000080039d0                I2C2_ER_IRQHandler
                0x00000000080039d0                DMA1_Channel2_IRQHandler
                0x00000000080039d0                TIM8_BRK_IRQHandler
                0x00000000080039d0                CAN1_SCE_IRQHandler
                0x00000000080039d0                FLASH_IRQHandler
                0x00000000080039d0                USART1_IRQHandler
                0x00000000080039d0                SPI3_IRQHandler
                0x00000000080039d0                I2C1_ER_IRQHandler
                0x00000000080039d0                USBWakeUp_IRQHandler
                0x00000000080039d0                RTC_Alarm_IRQHandler
 *fill*         0x00000000080039d2        0x2 
 .text.__libc_init_array
                0x00000000080039d4       0x4c /Users/leixiaoxiang/opt/gcc-arm-none-eabi/bin/../lib/gcc/arm-none-eabi/5.4.1/../../../../arm-none-eabi/lib/armv7-m/libc_nano.a(lib_a-init.o)
                0x00000000080039d4                __libc_init_array
 .text.memset   0x0000000008003a20       0x10 /Users/leixiaoxiang/opt/gcc-arm-none-eabi/bin/../lib/gcc/arm-none-eabi/5.4.1/../../../../arm-none-eabi/lib/armv7-m/libc_nano.a(lib_a-memset.o)
                0x0000000008003a20                memset
 *(.glue_7)
 .glue_7        0x0000000008003a30        0x0 linker stubs
 *(.glue_7t)
 .glue_7t       0x0000000008003a30        0x0 linker stubs
 *(.eh_frame)
 .eh_frame      0x0000000008003a30        0x0 /Users/leixiaoxiang/opt/gcc-arm-none-eabi/bin/../lib/gcc/arm-none-eabi/5.4.1/armv7-m/crtbegin.o
 *(.init)
 .init          0x0000000008003a30        0x4 /Users/leixiaoxiang/opt/gcc-arm-none-eabi/bin/../lib/gcc/arm-none-eabi/5.4.1/armv7-m/crti.o
                0x0000000008003a30                _init
 .init          0x0000000008003a34        0x8 /Users/leixiaoxiang/opt/gcc-arm-none-eabi/bin/../lib/gcc/arm-none-eabi/5.4.1/armv7-m/crtn.o
 *(.fini)
 .fini          0x0000000008003a3c        0x4 /Users/leixiaoxiang/opt/gcc-arm-none-eabi/bin/../lib/gcc/arm-none-eabi/5.4.1/armv7-m/crti.o
                0x0000000008003a3c                _fini
 .fini          0x0000000008003a40        0x8 /Users/leixiaoxiang/opt/gcc-arm-none-eabi/bin/../lib/gcc/arm-none-eabi/5.4.1/armv7-m/crtn.o
                0x0000000008003a48                . = ALIGN (0x4)
                0x0000000008003a48                _etext = .

.vfp11_veneer   0x0000000008003a48        0x0
 .vfp11_veneer  0x0000000008003a48        0x0 linker stubs

.v4_bx          0x0000000008003a48        0x0
 .v4_bx         0x0000000008003a48        0x0 linker stubs

.iplt           0x0000000008003a48        0x0
 .iplt          0x0000000008003a48        0x0 /Users/leixiaoxiang/opt/gcc-arm-none-eabi/bin/../lib/gcc/arm-none-eabi/5.4.1/armv7-m/crtbegin.o

.rodata         0x0000000008003a48       0xfc
                0x0000000008003a48                . = ALIGN (0x4)
 *(.rodata)
 .rodata        0x0000000008003a48       0x1c build/oled_i2c.o
 .rodata        0x0000000008003a64       0x12 build/stm32f1xx_hal_rcc.o
 *fill*         0x0000000008003a76        0x2 
 .rodata        0x0000000008003a78       0x12 build/stm32f1xx_hal_rcc_ex.o
 *(.rodata*)
 *fill*         0x0000000008003a8a        0x2 
 .rodata.number
                0x0000000008003a8c       0xa0 build/oled_i2c.o
 .rodata.AHBPrescTable
                0x0000000008003b2c       0x10 build/system_stm32f1xx.o
                0x0000000008003b2c                AHBPrescTable
 .rodata.APBPrescTable
                0x0000000008003b3c        0x8 build/system_stm32f1xx.o
                0x0000000008003b3c                APBPrescTable
                0x0000000008003b44                . = ALIGN (0x4)

.rel.dyn        0x0000000008003b44        0x0
 .rel.iplt      0x0000000008003b44        0x0 /Users/leixiaoxiang/opt/gcc-arm-none-eabi/bin/../lib/gcc/arm-none-eabi/5.4.1/armv7-m/crtbegin.o

.ARM.extab
 *(.ARM.extab* .gnu.linkonce.armextab.*)

.ARM            0x0000000008003b44        0x0
                0x0000000008003b44                __exidx_start = .
 *(.ARM.exidx*)
                0x0000000008003b44                __exidx_end = .

.preinit_array  0x0000000008003b44        0x0
                0x0000000008003b44                PROVIDE (__preinit_array_start, .)
 *(.preinit_array*)
                0x0000000008003b44                PROVIDE (__preinit_array_end, .)

.init_array     0x0000000008003b44        0x4
                0x0000000008003b44                PROVIDE (__init_array_start, .)
 *(SORT(.init_array.*))
 *(.init_array*)
 .init_array    0x0000000008003b44        0x4 /Users/leixiaoxiang/opt/gcc-arm-none-eabi/bin/../lib/gcc/arm-none-eabi/5.4.1/armv7-m/crtbegin.o
                0x0000000008003b48                PROVIDE (__init_array_end, .)

.fini_array     0x0000000008003b48        0x4
                [!provide]                        PROVIDE (__fini_array_start, .)
 *(SORT(.fini_array.*))
 *(.fini_array*)
 .fini_array    0x0000000008003b48        0x4 /Users/leixiaoxiang/opt/gcc-arm-none-eabi/bin/../lib/gcc/arm-none-eabi/5.4.1/armv7-m/crtbegin.o
                [!provide]                        PROVIDE (__fini_array_end, .)
                0x0000000008003b4c                _sidata = LOADADDR (.data)

.data           0x0000000020000000      0x814 load address 0x0000000008003b4c
                0x0000000020000000                . = ALIGN (0x4)
                0x0000000020000000                _sdata = .
 *(.data)
 *(.data*)
 .data.crc16_data
                0x0000000020000000        0x8 build/main.o
 .data.array1   0x0000000020000008      0x400 build/oled_i2c.o
 .data.array2   0x0000000020000408      0x400 build/oled_i2c.o
 .data.uwTickPrio
                0x0000000020000808        0x4 build/stm32f1xx_hal.o
                0x0000000020000808                uwTickPrio
 .data.uwTickFreq
                0x000000002000080c        0x1 build/stm32f1xx_hal.o
                0x000000002000080c                uwTickFreq
 *fill*         0x000000002000080d        0x3 
 .data.SystemCoreClock
                0x0000000020000810        0x4 build/system_stm32f1xx.o
                0x0000000020000810                SystemCoreClock
                0x0000000020000814                . = ALIGN (0x4)
                0x0000000020000814                _edata = .

.jcr            0x0000000020000814        0x0 load address 0x0000000008004360
 .jcr           0x0000000020000814        0x0 /Users/leixiaoxiang/opt/gcc-arm-none-eabi/bin/../lib/gcc/arm-none-eabi/5.4.1/armv7-m/crtbegin.o

.igot.plt       0x0000000020000814        0x0 load address 0x0000000008004360
 .igot.plt      0x0000000020000814        0x0 /Users/leixiaoxiang/opt/gcc-arm-none-eabi/bin/../lib/gcc/arm-none-eabi/5.4.1/armv7-m/crtbegin.o
                0x0000000020000814                . = ALIGN (0x4)

.bss            0x0000000020000814      0x1e0 load address 0x0000000008004360
                0x0000000020000814                _sbss = .
                0x0000000020000814                __bss_start__ = _sbss
 *(.bss)
 .bss           0x0000000020000814       0x1c /Users/leixiaoxiang/opt/gcc-arm-none-eabi/bin/../lib/gcc/arm-none-eabi/5.4.1/armv7-m/crtbegin.o
 *(.bss*)
 *(COMMON)
 COMMON         0x0000000020000830       0x60 build/adc.o
                0x0000000020000830                hadc2
                0x0000000020000860                hadc1
 COMMON         0x0000000020000890       0xa8 build/i2c.o
                0x0000000020000890                hi2c1
                0x00000000200008e4                hi2c2
 COMMON         0x0000000020000938       0xb5 build/usart.o
                0x0000000020000938                uart_data2
                0x0000000020000954                huart5
                0x0000000020000994                huart4
                0x00000000200009d4                uart_data1
 *fill*         0x00000000200009ed        0x3 
 COMMON         0x00000000200009f0        0x4 build/stm32f1xx_hal.o
                0x00000000200009f0                uwTick
                0x00000000200009f4                . = ALIGN (0x4)
                0x00000000200009f4                _ebss = .
                0x00000000200009f4                __bss_end__ = _ebss

._user_heap_stack
                0x00000000200009f4      0x604 load address 0x0000000008004360
                0x00000000200009f8                . = ALIGN (0x8)
 *fill*         0x00000000200009f4        0x4 
                [!provide]                        PROVIDE (end, .)
                [!provide]                        PROVIDE (_end, .)
                0x0000000020000bf8                . = (. + _Min_Heap_Size)
 *fill*         0x00000000200009f8      0x200 
                0x0000000020000ff8                . = (. + _Min_Stack_Size)
 *fill*         0x0000000020000bf8      0x400 
                0x0000000020000ff8                . = ALIGN (0x8)

/DISCARD/
 libc.a(*)
 libm.a(*)
 libgcc.a(*)

.ARM.attributes
                0x0000000000000000       0x29
 *(.ARM.attributes)
 .ARM.attributes
                0x0000000000000000       0x1d /Users/leixiaoxiang/opt/gcc-arm-none-eabi/bin/../lib/gcc/arm-none-eabi/5.4.1/armv7-m/crti.o
 .ARM.attributes
                0x000000000000001d       0x2d /Users/leixiaoxiang/opt/gcc-arm-none-eabi/bin/../lib/gcc/arm-none-eabi/5.4.1/armv7-m/crtbegin.o
 .ARM.attributes
                0x000000000000004a       0x33 build/main.o
 .ARM.attributes
                0x000000000000007d       0x33 build/gpio.o
 .ARM.attributes
                0x00000000000000b0       0x33 build/adc.o
 .ARM.attributes
                0x00000000000000e3       0x33 build/i2c.o
 .ARM.attributes
                0x0000000000000116       0x33 build/usart.o
 .ARM.attributes
                0x0000000000000149       0x33 build/oled_i2c.o
 .ARM.attributes
                0x000000000000017c       0x33 build/stm32f1xx_it.o
 .ARM.attributes
                0x00000000000001af       0x33 build/stm32f1xx_hal_msp.o
 .ARM.attributes
                0x00000000000001e2       0x33 build/stm32f1xx_hal_adc.o
 .ARM.attributes
                0x0000000000000215       0x33 build/stm32f1xx_hal.o
 .ARM.attributes
                0x0000000000000248       0x33 build/stm32f1xx_hal_rcc.o
 .ARM.attributes
                0x000000000000027b       0x33 build/stm32f1xx_hal_rcc_ex.o
 .ARM.attributes
                0x00000000000002ae       0x33 build/stm32f1xx_hal_gpio.o
 .ARM.attributes
                0x00000000000002e1       0x33 build/stm32f1xx_hal_dma.o
 .ARM.attributes
                0x0000000000000314       0x33 build/stm32f1xx_hal_cortex.o
 .ARM.attributes
                0x0000000000000347       0x33 build/stm32f1xx_hal_i2c.o
 .ARM.attributes
                0x000000000000037a       0x33 build/stm32f1xx_hal_uart.o
 .ARM.attributes
                0x00000000000003ad       0x33 build/system_stm32f1xx.o
 .ARM.attributes
                0x00000000000003e0       0x21 build/startup_stm32f103xe.o
 .ARM.attributes
                0x0000000000000401       0x2d /Users/leixiaoxiang/opt/gcc-arm-none-eabi/bin/../lib/gcc/arm-none-eabi/5.4.1/../../../../arm-none-eabi/lib/armv7-m/libc_nano.a(lib_a-init.o)
 .ARM.attributes
                0x000000000000042e       0x2d /Users/leixiaoxiang/opt/gcc-arm-none-eabi/bin/../lib/gcc/arm-none-eabi/5.4.1/../../../../arm-none-eabi/lib/armv7-m/libc_nano.a(lib_a-memset.o)
 .ARM.attributes
                0x000000000000045b       0x1d /Users/leixiaoxiang/opt/gcc-arm-none-eabi/bin/../lib/gcc/arm-none-eabi/5.4.1/armv7-m/crtn.o
OUTPUT(build/Pro_Stm32.elf elf32-littlearm)

.debug_info     0x0000000000000000     0xe144
 .debug_info    0x0000000000000000      0xf60 build/main.o
 .debug_info    0x0000000000000f60      0x4a7 build/gpio.o
 .debug_info    0x0000000000001407      0xa72 build/adc.o
 .debug_info    0x0000000000001e79      0xc02 build/i2c.o
 .debug_info    0x0000000000002a7b      0xcdb build/usart.o
 .debug_info    0x0000000000003756      0xb25 build/oled_i2c.o
 .debug_info    0x000000000000427b      0x9d5 build/stm32f1xx_it.o
 .debug_info    0x0000000000004c50      0x24d build/stm32f1xx_hal_msp.o
 .debug_info    0x0000000000004e9d      0xed6 build/stm32f1xx_hal_adc.o
 .debug_info    0x0000000000005d73      0x852 build/stm32f1xx_hal.o
 .debug_info    0x00000000000065c5      0xa65 build/stm32f1xx_hal_rcc.o
 .debug_info    0x000000000000702a      0x485 build/stm32f1xx_hal_rcc_ex.o
 .debug_info    0x00000000000074af      0x64c build/stm32f1xx_hal_gpio.o
 .debug_info    0x0000000000007afb      0x82d build/stm32f1xx_hal_dma.o
 .debug_info    0x0000000000008328      0xd3f build/stm32f1xx_hal_cortex.o
 .debug_info    0x0000000000009067     0x34e1 build/stm32f1xx_hal_i2c.o
 .debug_info    0x000000000000c548     0x1770 build/stm32f1xx_hal_uart.o
 .debug_info    0x000000000000dcb8      0x42c build/system_stm32f1xx.o
 .debug_info    0x000000000000e0e4       0x60 build/startup_stm32f103xe.o

.debug_abbrev   0x0000000000000000     0x2267
 .debug_abbrev  0x0000000000000000      0x1ee build/main.o
 .debug_abbrev  0x00000000000001ee      0x145 build/gpio.o
 .debug_abbrev  0x0000000000000333      0x1cd build/adc.o
 .debug_abbrev  0x0000000000000500      0x1ab build/i2c.o
 .debug_abbrev  0x00000000000006ab      0x1bd build/usart.o
 .debug_abbrev  0x0000000000000868      0x206 build/oled_i2c.o
 .debug_abbrev  0x0000000000000a6e      0x167 build/stm32f1xx_it.o
 .debug_abbrev  0x0000000000000bd5       0xd8 build/stm32f1xx_hal_msp.o
 .debug_abbrev  0x0000000000000cad      0x218 build/stm32f1xx_hal_adc.o
 .debug_abbrev  0x0000000000000ec5      0x1dd build/stm32f1xx_hal.o
 .debug_abbrev  0x00000000000010a2      0x270 build/stm32f1xx_hal_rcc.o
 .debug_abbrev  0x0000000000001312      0x1b6 build/stm32f1xx_hal_rcc_ex.o
 .debug_abbrev  0x00000000000014c8      0x1f9 build/stm32f1xx_hal_gpio.o
 .debug_abbrev  0x00000000000016c1      0x239 build/stm32f1xx_hal_dma.o
 .debug_abbrev  0x00000000000018fa      0x2ee build/stm32f1xx_hal_cortex.o
 .debug_abbrev  0x0000000000001be8      0x2c8 build/stm32f1xx_hal_i2c.o
 .debug_abbrev  0x0000000000001eb0      0x281 build/stm32f1xx_hal_uart.o
 .debug_abbrev  0x0000000000002131      0x124 build/system_stm32f1xx.o
 .debug_abbrev  0x0000000000002255       0x12 build/startup_stm32f103xe.o

.debug_loc      0x0000000000000000     0x8a5b
 .debug_loc     0x0000000000000000       0xad build/main.o
 .debug_loc     0x00000000000000ad       0xba build/gpio.o
 .debug_loc     0x0000000000000167      0x1b0 build/adc.o
 .debug_loc     0x0000000000000317      0x10c build/i2c.o
 .debug_loc     0x0000000000000423      0x166 build/usart.o
 .debug_loc     0x0000000000000589      0x265 build/oled_i2c.o
 .debug_loc     0x00000000000007ee       0xa0 build/stm32f1xx_it.o
 .debug_loc     0x000000000000088e       0x2c build/stm32f1xx_hal_msp.o
 .debug_loc     0x00000000000008ba      0xbca build/stm32f1xx_hal_adc.o
 .debug_loc     0x0000000000001484      0x1b1 build/stm32f1xx_hal.o
 .debug_loc     0x0000000000001635      0x6f2 build/stm32f1xx_hal_rcc.o
 .debug_loc     0x0000000000001d27      0x372 build/stm32f1xx_hal_rcc_ex.o
 .debug_loc     0x0000000000002099      0x37a build/stm32f1xx_hal_gpio.o
 .debug_loc     0x0000000000002413      0x7be build/stm32f1xx_hal_dma.o
 .debug_loc     0x0000000000002bd1      0x59f build/stm32f1xx_hal_cortex.o
 .debug_loc     0x0000000000003170     0x4031 build/stm32f1xx_hal_i2c.o
 .debug_loc     0x00000000000071a1     0x17db build/stm32f1xx_hal_uart.o
 .debug_loc     0x000000000000897c       0xdf build/system_stm32f1xx.o

.debug_aranges  0x0000000000000000      0xa88
 .debug_aranges
                0x0000000000000000       0x30 build/main.o
 .debug_aranges
                0x0000000000000030       0x30 build/gpio.o
 .debug_aranges
                0x0000000000000060       0x40 build/adc.o
 .debug_aranges
                0x00000000000000a0       0x38 build/i2c.o
 .debug_aranges
                0x00000000000000d8       0x40 build/usart.o
 .debug_aranges
                0x0000000000000118       0x28 build/oled_i2c.o
 .debug_aranges
                0x0000000000000140       0x80 build/stm32f1xx_it.o
 .debug_aranges
                0x00000000000001c0       0x20 build/stm32f1xx_hal_msp.o
 .debug_aranges
                0x00000000000001e0       0xf0 build/stm32f1xx_hal_adc.o
 .debug_aranges
                0x00000000000002d0       0xe0 build/stm32f1xx_hal.o
 .debug_aranges
                0x00000000000003b0       0x90 build/stm32f1xx_hal_rcc.o
 .debug_aranges
                0x0000000000000440       0x30 build/stm32f1xx_hal_rcc_ex.o
 .debug_aranges
                0x0000000000000470       0x58 build/stm32f1xx_hal_gpio.o
 .debug_aranges
                0x00000000000004c8       0x80 build/stm32f1xx_hal_dma.o
 .debug_aranges
                0x0000000000000548       0x90 build/stm32f1xx_hal_cortex.o
 .debug_aranges
                0x00000000000005d8      0x290 build/stm32f1xx_hal_i2c.o
 .debug_aranges
                0x0000000000000868      0x1d0 build/stm32f1xx_hal_uart.o
 .debug_aranges
                0x0000000000000a38       0x28 build/system_stm32f1xx.o
 .debug_aranges
                0x0000000000000a60       0x28 build/startup_stm32f103xe.o

.debug_ranges   0x0000000000000000      0x990
 .debug_ranges  0x0000000000000000       0x20 build/main.o
 .debug_ranges  0x0000000000000020       0x20 build/gpio.o
 .debug_ranges  0x0000000000000040       0x30 build/adc.o
 .debug_ranges  0x0000000000000070       0x28 build/i2c.o
 .debug_ranges  0x0000000000000098       0x30 build/usart.o
 .debug_ranges  0x00000000000000c8       0x18 build/oled_i2c.o
 .debug_ranges  0x00000000000000e0       0x70 build/stm32f1xx_it.o
 .debug_ranges  0x0000000000000150       0x10 build/stm32f1xx_hal_msp.o
 .debug_ranges  0x0000000000000160       0xe0 build/stm32f1xx_hal_adc.o
 .debug_ranges  0x0000000000000240       0xd0 build/stm32f1xx_hal.o
 .debug_ranges  0x0000000000000310       0x98 build/stm32f1xx_hal_rcc.o
 .debug_ranges  0x00000000000003a8       0x38 build/stm32f1xx_hal_rcc_ex.o
 .debug_ranges  0x00000000000003e0       0x48 build/stm32f1xx_hal_gpio.o
 .debug_ranges  0x0000000000000428       0x70 build/stm32f1xx_hal_dma.o
 .debug_ranges  0x0000000000000498       0x80 build/stm32f1xx_hal_cortex.o
 .debug_ranges  0x0000000000000518      0x280 build/stm32f1xx_hal_i2c.o
 .debug_ranges  0x0000000000000798      0x1c0 build/stm32f1xx_hal_uart.o
 .debug_ranges  0x0000000000000958       0x18 build/system_stm32f1xx.o
 .debug_ranges  0x0000000000000970       0x20 build/startup_stm32f103xe.o

.debug_line     0x0000000000000000     0x5613
 .debug_line    0x0000000000000000      0x2ca build/main.o
 .debug_line    0x00000000000002ca      0x1bd build/gpio.o
 .debug_line    0x0000000000000487      0x25d build/adc.o
 .debug_line    0x00000000000006e4      0x24c build/i2c.o
 .debug_line    0x0000000000000930      0x26c build/usart.o
 .debug_line    0x0000000000000b9c      0x2d5 build/oled_i2c.o
 .debug_line    0x0000000000000e71      0x2a6 build/stm32f1xx_it.o
 .debug_line    0x0000000000001117      0x158 build/stm32f1xx_hal_msp.o
 .debug_line    0x000000000000126f      0x73f build/stm32f1xx_hal_adc.o
 .debug_line    0x00000000000019ae      0x3ab build/stm32f1xx_hal.o
 .debug_line    0x0000000000001d59      0x511 build/stm32f1xx_hal_rcc.o
 .debug_line    0x000000000000226a      0x2bc build/stm32f1xx_hal_rcc_ex.o
 .debug_line    0x0000000000002526      0x338 build/stm32f1xx_hal_gpio.o
 .debug_line    0x000000000000285e      0x78a build/stm32f1xx_hal_dma.o
 .debug_line    0x0000000000002fe8      0x320 build/stm32f1xx_hal_cortex.o
 .debug_line    0x0000000000003308     0x165d build/stm32f1xx_hal_i2c.o
 .debug_line    0x0000000000004965      0xaa8 build/stm32f1xx_hal_uart.o
 .debug_line    0x000000000000540d      0x194 build/system_stm32f1xx.o
 .debug_line    0x00000000000055a1       0x72 build/startup_stm32f103xe.o

.debug_str      0x0000000000000000     0x301e
 .debug_str     0x0000000000000000      0xb47 build/main.o
                                        0xc28 (size before relaxing)
 .debug_str     0x0000000000000b47      0x106 build/gpio.o
                                        0x2ba (size before relaxing)
 .debug_str     0x0000000000000c4d       0xf3 build/adc.o
                                        0x69f (size before relaxing)
 .debug_str     0x0000000000000d40      0x438 build/i2c.o
                                        0xb51 (size before relaxing)
 .debug_str     0x0000000000001178       0x7b build/usart.o
                                        0xac0 (size before relaxing)
 .debug_str     0x00000000000011f3       0x82 build/oled_i2c.o
                                        0x729 (size before relaxing)
 .debug_str     0x0000000000001275      0x121 build/stm32f1xx_it.o
                                        0x8f5 (size before relaxing)
 .debug_str     0x0000000000001396       0x52 build/stm32f1xx_hal_msp.o
                                        0x220 (size before relaxing)
 .debug_str     0x00000000000013e8      0x323 build/stm32f1xx_hal_adc.o
                                        0x8d9 (size before relaxing)
 .debug_str     0x000000000000170b      0x2cc build/stm32f1xx_hal.o
                                        0x901 (size before relaxing)
 .debug_str     0x00000000000019d7      0x1fe build/stm32f1xx_hal_rcc.o
                                        0x631 (size before relaxing)
 .debug_str     0x0000000000001bd5       0x81 build/stm32f1xx_hal_rcc_ex.o
                                        0x417 (size before relaxing)
 .debug_str     0x0000000000001c56       0xf8 build/stm32f1xx_hal_gpio.o
                                        0x406 (size before relaxing)
 .debug_str     0x0000000000001d4e      0x218 build/stm32f1xx_hal_dma.o
                                        0x603 (size before relaxing)
 .debug_str     0x0000000000001f66      0x391 build/stm32f1xx_hal_cortex.o
                                        0x9ab (size before relaxing)
 .debug_str     0x00000000000022f7      0x833 build/stm32f1xx_hal_i2c.o
                                        0xf8b (size before relaxing)
 .debug_str     0x0000000000002b2a      0x4aa build/stm32f1xx_hal_uart.o
                                        0xb91 (size before relaxing)
 .debug_str     0x0000000000002fd4       0x4a build/system_stm32f1xx.o
                                        0x2b3 (size before relaxing)

.comment        0x0000000000000000       0x6e
 .comment       0x0000000000000000       0x6e build/main.o
                                         0x6f (size before relaxing)
 .comment       0x000000000000006e       0x6f build/gpio.o
 .comment       0x000000000000006e       0x6f build/adc.o
 .comment       0x000000000000006e       0x6f build/i2c.o
 .comment       0x000000000000006e       0x6f build/usart.o
 .comment       0x000000000000006e       0x6f build/oled_i2c.o
 .comment       0x000000000000006e       0x6f build/stm32f1xx_it.o
 .comment       0x000000000000006e       0x6f build/stm32f1xx_hal_msp.o
 .comment       0x000000000000006e       0x6f build/stm32f1xx_hal_adc.o
 .comment       0x000000000000006e       0x6f build/stm32f1xx_hal.o
 .comment       0x000000000000006e       0x6f build/stm32f1xx_hal_rcc.o
 .comment       0x000000000000006e       0x6f build/stm32f1xx_hal_rcc_ex.o
 .comment       0x000000000000006e       0x6f build/stm32f1xx_hal_gpio.o
 .comment       0x000000000000006e       0x6f build/stm32f1xx_hal_dma.o
 .comment       0x000000000000006e       0x6f build/stm32f1xx_hal_cortex.o
 .comment       0x000000000000006e       0x6f build/stm32f1xx_hal_i2c.o
 .comment       0x000000000000006e       0x6f build/stm32f1xx_hal_uart.o
 .comment       0x000000000000006e       0x6f build/system_stm32f1xx.o

.debug_frame    0x0000000000000000     0x1eb8
 .debug_frame   0x0000000000000000       0x60 build/main.o
 .debug_frame   0x0000000000000060       0x74 build/gpio.o
 .debug_frame   0x00000000000000d4       0xa0 build/adc.o
 .debug_frame   0x0000000000000174       0x84 build/i2c.o
 .debug_frame   0x00000000000001f8       0xa4 build/usart.o
 .debug_frame   0x000000000000029c       0x70 build/oled_i2c.o
 .debug_frame   0x000000000000030c      0x11c build/stm32f1xx_it.o
 .debug_frame   0x0000000000000428       0x28 build/stm32f1xx_hal_msp.o
 .debug_frame   0x0000000000000450      0x32c build/stm32f1xx_hal_adc.o
 .debug_frame   0x000000000000077c      0x1f0 build/stm32f1xx_hal.o
 .debug_frame   0x000000000000096c      0x1c8 build/stm32f1xx_hal_rcc.o
 .debug_frame   0x0000000000000b34       0x70 build/stm32f1xx_hal_rcc_ex.o
 .debug_frame   0x0000000000000ba4       0xd4 build/stm32f1xx_hal_gpio.o
 .debug_frame   0x0000000000000c78      0x164 build/stm32f1xx_hal_dma.o
 .debug_frame   0x0000000000000ddc      0x134 build/stm32f1xx_hal_cortex.o
 .debug_frame   0x0000000000000f10      0x9c8 build/stm32f1xx_hal_i2c.o
 .debug_frame   0x00000000000018d8      0x564 build/stm32f1xx_hal_uart.o
 .debug_frame   0x0000000000001e3c       0x30 build/system_stm32f1xx.o
 .debug_frame   0x0000000000001e6c       0x2c /Users/leixiaoxiang/opt/gcc-arm-none-eabi/bin/../lib/gcc/arm-none-eabi/5.4.1/../../../../arm-none-eabi/lib/armv7-m/libc_nano.a(lib_a-init.o)
 .debug_frame   0x0000000000001e98       0x20 /Users/leixiaoxiang/opt/gcc-arm-none-eabi/bin/../lib/gcc/arm-none-eabi/5.4.1/../../../../arm-none-eabi/lib/armv7-m/libc_nano.a(lib_a-memset.o)

Cross Reference Table

Symbol                                            File
ADC1_2_IRQHandler                                 build/startup_stm32f103xe.o
ADC3_IRQHandler                                   build/startup_stm32f103xe.o
ADC_ConversionStop_Disable                        build/stm32f1xx_hal_adc.o
                                                  build/stm32f1xx_hal_adc_ex.o
ADC_DMAConvCplt                                   build/stm32f1xx_hal_adc.o
                                                  build/stm32f1xx_hal_adc_ex.o
ADC_DMAError                                      build/stm32f1xx_hal_adc.o
                                                  build/stm32f1xx_hal_adc_ex.o
ADC_DMAHalfConvCplt                               build/stm32f1xx_hal_adc.o
                                                  build/stm32f1xx_hal_adc_ex.o
ADC_Enable                                        build/stm32f1xx_hal_adc.o
                                                  build/stm32f1xx_hal_adc_ex.o
AHBPrescTable                                     build/system_stm32f1xx.o
                                                  build/stm32f1xx_hal_rcc.o
APBPrescTable                                     build/system_stm32f1xx.o
                                                  build/stm32f1xx_hal_rcc.o
BusFault_Handler                                  build/stm32f1xx_it.o
CAN1_RX1_IRQHandler                               build/startup_stm32f103xe.o
CAN1_SCE_IRQHandler                               build/startup_stm32f103xe.o
DMA1_Channel1_IRQHandler                          build/startup_stm32f103xe.o
DMA1_Channel2_IRQHandler                          build/startup_stm32f103xe.o
DMA1_Channel3_IRQHandler                          build/startup_stm32f103xe.o
DMA1_Channel4_IRQHandler                          build/startup_stm32f103xe.o
DMA1_Channel5_IRQHandler                          build/startup_stm32f103xe.o
DMA1_Channel6_IRQHandler                          build/startup_stm32f103xe.o
DMA1_Channel7_IRQHandler                          build/startup_stm32f103xe.o
DMA2_Channel1_IRQHandler                          build/startup_stm32f103xe.o
DMA2_Channel2_IRQHandler                          build/startup_stm32f103xe.o
DMA2_Channel3_IRQHandler                          build/startup_stm32f103xe.o
DMA2_Channel4_5_IRQHandler                        build/startup_stm32f103xe.o
DebugMon_Handler                                  build/stm32f1xx_it.o
Default_Handler                                   build/startup_stm32f103xe.o
EXTI0_IRQHandler                                  build/startup_stm32f103xe.o
EXTI15_10_IRQHandler                              build/startup_stm32f103xe.o
EXTI1_IRQHandler                                  build/startup_stm32f103xe.o
EXTI2_IRQHandler                                  build/startup_stm32f103xe.o
EXTI3_IRQHandler                                  build/startup_stm32f103xe.o
EXTI4_IRQHandler                                  build/startup_stm32f103xe.o
EXTI9_5_IRQHandler                                build/startup_stm32f103xe.o
Error_Handler                                     build/main.o
                                                  build/usart.o
                                                  build/i2c.o
                                                  build/adc.o
FLASH_IRQHandler                                  build/startup_stm32f103xe.o
FLASH_PageErase                                   build/stm32f1xx_hal_flash_ex.o
                                                  build/stm32f1xx_hal_flash.o
FLASH_WaitForLastOperation                        build/stm32f1xx_hal_flash.o
                                                  build/stm32f1xx_hal_flash_ex.o
FSMC_IRQHandler                                   build/startup_stm32f103xe.o
HAL_ADCEx_Calibration_Start                       build/stm32f1xx_hal_adc_ex.o
HAL_ADCEx_InjectedConfigChannel                   build/stm32f1xx_hal_adc_ex.o
HAL_ADCEx_InjectedConvCpltCallback                build/stm32f1xx_hal_adc_ex.o
                                                  build/stm32f1xx_hal_adc.o
HAL_ADCEx_InjectedGetValue                        build/stm32f1xx_hal_adc_ex.o
HAL_ADCEx_InjectedPollForConversion               build/stm32f1xx_hal_adc_ex.o
HAL_ADCEx_InjectedStart                           build/stm32f1xx_hal_adc_ex.o
HAL_ADCEx_InjectedStart_IT                        build/stm32f1xx_hal_adc_ex.o
HAL_ADCEx_InjectedStop                            build/stm32f1xx_hal_adc_ex.o
HAL_ADCEx_InjectedStop_IT                         build/stm32f1xx_hal_adc_ex.o
HAL_ADCEx_MultiModeConfigChannel                  build/stm32f1xx_hal_adc_ex.o
HAL_ADCEx_MultiModeGetValue                       build/stm32f1xx_hal_adc_ex.o
HAL_ADCEx_MultiModeStart_DMA                      build/stm32f1xx_hal_adc_ex.o
HAL_ADCEx_MultiModeStop_DMA                       build/stm32f1xx_hal_adc_ex.o
HAL_ADC_AnalogWDGConfig                           build/stm32f1xx_hal_adc.o
HAL_ADC_ConfigChannel                             build/stm32f1xx_hal_adc.o
                                                  build/adc.o
HAL_ADC_ConvCpltCallback                          build/stm32f1xx_hal_adc.o
HAL_ADC_ConvHalfCpltCallback                      build/stm32f1xx_hal_adc.o
HAL_ADC_DeInit                                    build/stm32f1xx_hal_adc.o
HAL_ADC_ErrorCallback                             build/stm32f1xx_hal_adc.o
HAL_ADC_GetError                                  build/stm32f1xx_hal_adc.o
HAL_ADC_GetState                                  build/stm32f1xx_hal_adc.o
                                                  build/adc.o
HAL_ADC_GetValue                                  build/stm32f1xx_hal_adc.o
                                                  build/adc.o
HAL_ADC_IRQHandler                                build/stm32f1xx_hal_adc.o
HAL_ADC_Init                                      build/stm32f1xx_hal_adc.o
                                                  build/adc.o
HAL_ADC_LevelOutOfWindowCallback                  build/stm32f1xx_hal_adc.o
HAL_ADC_MspDeInit                                 build/adc.o
HAL_ADC_MspInit                                   build/adc.o
HAL_ADC_PollForConversion                         build/stm32f1xx_hal_adc.o
                                                  build/adc.o
HAL_ADC_PollForEvent                              build/stm32f1xx_hal_adc.o
HAL_ADC_Start                                     build/stm32f1xx_hal_adc.o
                                                  build/adc.o
HAL_ADC_Start_DMA                                 build/stm32f1xx_hal_adc.o
HAL_ADC_Start_IT                                  build/stm32f1xx_hal_adc.o
HAL_ADC_Stop                                      build/stm32f1xx_hal_adc.o
HAL_ADC_Stop_DMA                                  build/stm32f1xx_hal_adc.o
HAL_ADC_Stop_IT                                   build/stm32f1xx_hal_adc.o
HAL_DBGMCU_DisableDBGSleepMode                    build/stm32f1xx_hal.o
HAL_DBGMCU_DisableDBGStandbyMode                  build/stm32f1xx_hal.o
HAL_DBGMCU_DisableDBGStopMode                     build/stm32f1xx_hal.o
HAL_DBGMCU_EnableDBGSleepMode                     build/stm32f1xx_hal.o
HAL_DBGMCU_EnableDBGStandbyMode                   build/stm32f1xx_hal.o
HAL_DBGMCU_EnableDBGStopMode                      build/stm32f1xx_hal.o
HAL_DMA_Abort                                     build/stm32f1xx_hal_dma.o
                                                  build/stm32f1xx_hal_uart.o
                                                  build/stm32f1xx_hal_adc_ex.o
                                                  build/stm32f1xx_hal_adc.o
HAL_DMA_Abort_IT                                  build/stm32f1xx_hal_dma.o
                                                  build/stm32f1xx_hal_uart.o
                                                  build/stm32f1xx_hal_i2c.o
HAL_DMA_DeInit                                    build/stm32f1xx_hal_dma.o
HAL_DMA_GetError                                  build/stm32f1xx_hal_dma.o
                                                  build/stm32f1xx_hal_uart.o
HAL_DMA_GetState                                  build/stm32f1xx_hal_dma.o
                                                  build/stm32f1xx_hal_i2c.o
HAL_DMA_IRQHandler                                build/stm32f1xx_hal_dma.o
HAL_DMA_Init                                      build/stm32f1xx_hal_dma.o
HAL_DMA_PollForTransfer                           build/stm32f1xx_hal_dma.o
HAL_DMA_RegisterCallback                          build/stm32f1xx_hal_dma.o
HAL_DMA_Start                                     build/stm32f1xx_hal_dma.o
HAL_DMA_Start_IT                                  build/stm32f1xx_hal_dma.o
                                                  build/stm32f1xx_hal_uart.o
                                                  build/stm32f1xx_hal_i2c.o
                                                  build/stm32f1xx_hal_adc_ex.o
                                                  build/stm32f1xx_hal_adc.o
HAL_DMA_UnRegisterCallback                        build/stm32f1xx_hal_dma.o
HAL_DeInit                                        build/stm32f1xx_hal.o
HAL_Delay                                         build/stm32f1xx_hal.o
                                                  build/oled_i2c.o
HAL_EXTI_ClearConfigLine                          build/stm32f1xx_hal_exti.o
HAL_EXTI_ClearPending                             build/stm32f1xx_hal_exti.o
HAL_EXTI_GenerateSWI                              build/stm32f1xx_hal_exti.o
HAL_EXTI_GetConfigLine                            build/stm32f1xx_hal_exti.o
HAL_EXTI_GetHandle                                build/stm32f1xx_hal_exti.o
HAL_EXTI_GetPending                               build/stm32f1xx_hal_exti.o
HAL_EXTI_IRQHandler                               build/stm32f1xx_hal_exti.o
HAL_EXTI_RegisterCallback                         build/stm32f1xx_hal_exti.o
HAL_EXTI_SetConfigLine                            build/stm32f1xx_hal_exti.o
HAL_FLASHEx_Erase                                 build/stm32f1xx_hal_flash_ex.o
HAL_FLASHEx_Erase_IT                              build/stm32f1xx_hal_flash_ex.o
HAL_FLASHEx_OBErase                               build/stm32f1xx_hal_flash_ex.o
HAL_FLASHEx_OBGetConfig                           build/stm32f1xx_hal_flash_ex.o
HAL_FLASHEx_OBGetUserData                         build/stm32f1xx_hal_flash_ex.o
HAL_FLASHEx_OBProgram                             build/stm32f1xx_hal_flash_ex.o
HAL_FLASH_EndOfOperationCallback                  build/stm32f1xx_hal_flash.o
HAL_FLASH_GetError                                build/stm32f1xx_hal_flash.o
HAL_FLASH_IRQHandler                              build/stm32f1xx_hal_flash.o
HAL_FLASH_Lock                                    build/stm32f1xx_hal_flash.o
HAL_FLASH_OB_Launch                               build/stm32f1xx_hal_flash.o
HAL_FLASH_OB_Lock                                 build/stm32f1xx_hal_flash.o
HAL_FLASH_OB_Unlock                               build/stm32f1xx_hal_flash.o
HAL_FLASH_OperationErrorCallback                  build/stm32f1xx_hal_flash.o
HAL_FLASH_Program                                 build/stm32f1xx_hal_flash.o
HAL_FLASH_Program_IT                              build/stm32f1xx_hal_flash.o
HAL_FLASH_Unlock                                  build/stm32f1xx_hal_flash.o
HAL_GPIOEx_ConfigEventout                         build/stm32f1xx_hal_gpio_ex.o
HAL_GPIOEx_DisableEventout                        build/stm32f1xx_hal_gpio_ex.o
HAL_GPIOEx_EnableEventout                         build/stm32f1xx_hal_gpio_ex.o
HAL_GPIO_DeInit                                   build/stm32f1xx_hal_gpio.o
                                                  build/usart.o
                                                  build/i2c.o
                                                  build/adc.o
HAL_GPIO_EXTI_Callback                            build/stm32f1xx_hal_gpio.o
HAL_GPIO_EXTI_IRQHandler                          build/stm32f1xx_hal_gpio.o
HAL_GPIO_Init                                     build/stm32f1xx_hal_gpio.o
                                                  build/stm32f1xx_hal_rcc.o
                                                  build/usart.o
                                                  build/i2c.o
                                                  build/adc.o
                                                  build/gpio.o
HAL_GPIO_LockPin                                  build/stm32f1xx_hal_gpio.o
HAL_GPIO_ReadPin                                  build/stm32f1xx_hal_gpio.o
                                                  build/oled_i2c.o
HAL_GPIO_TogglePin                                build/stm32f1xx_hal_gpio.o
HAL_GPIO_WritePin                                 build/stm32f1xx_hal_gpio.o
                                                  build/gpio.o
HAL_GetDEVID                                      build/stm32f1xx_hal.o
HAL_GetHalVersion                                 build/stm32f1xx_hal.o
HAL_GetREVID                                      build/stm32f1xx_hal.o
HAL_GetTick                                       build/stm32f1xx_hal.o
                                                  build/stm32f1xx_hal_uart.o
                                                  build/stm32f1xx_hal_i2c.o
                                                  build/stm32f1xx_hal_flash.o
                                                  build/stm32f1xx_hal_dma.o
                                                  build/stm32f1xx_hal_rcc_ex.o
                                                  build/stm32f1xx_hal_rcc.o
                                                  build/stm32f1xx_hal_adc_ex.o
                                                  build/stm32f1xx_hal_adc.o
HAL_GetTickFreq                                   build/stm32f1xx_hal.o
HAL_GetTickPrio                                   build/stm32f1xx_hal.o
HAL_GetUIDw0                                      build/stm32f1xx_hal.o
HAL_GetUIDw1                                      build/stm32f1xx_hal.o
HAL_GetUIDw2                                      build/stm32f1xx_hal.o
HAL_HalfDuplex_EnableReceiver                     build/stm32f1xx_hal_uart.o
HAL_HalfDuplex_EnableTransmitter                  build/stm32f1xx_hal_uart.o
HAL_HalfDuplex_Init                               build/stm32f1xx_hal_uart.o
HAL_I2C_AbortCpltCallback                         build/stm32f1xx_hal_i2c.o
HAL_I2C_AddrCallback                              build/stm32f1xx_hal_i2c.o
HAL_I2C_DeInit                                    build/stm32f1xx_hal_i2c.o
HAL_I2C_DisableListen_IT                          build/stm32f1xx_hal_i2c.o
HAL_I2C_ER_IRQHandler                             build/stm32f1xx_hal_i2c.o
HAL_I2C_EV_IRQHandler                             build/stm32f1xx_hal_i2c.o
                                                  build/stm32f1xx_it.o
HAL_I2C_EnableListen_IT                           build/stm32f1xx_hal_i2c.o
HAL_I2C_ErrorCallback                             build/stm32f1xx_hal_i2c.o
HAL_I2C_GetError                                  build/stm32f1xx_hal_i2c.o
HAL_I2C_GetMode                                   build/stm32f1xx_hal_i2c.o
HAL_I2C_GetState                                  build/stm32f1xx_hal_i2c.o
HAL_I2C_Init                                      build/stm32f1xx_hal_i2c.o
                                                  build/i2c.o
HAL_I2C_IsDeviceReady                             build/stm32f1xx_hal_i2c.o
HAL_I2C_ListenCpltCallback                        build/stm32f1xx_hal_i2c.o
HAL_I2C_MasterRxCpltCallback                      build/stm32f1xx_hal_i2c.o
HAL_I2C_MasterTxCpltCallback                      build/stm32f1xx_hal_i2c.o
HAL_I2C_Master_Abort_IT                           build/stm32f1xx_hal_i2c.o
HAL_I2C_Master_Receive                            build/stm32f1xx_hal_i2c.o
HAL_I2C_Master_Receive_DMA                        build/stm32f1xx_hal_i2c.o
HAL_I2C_Master_Receive_IT                         build/stm32f1xx_hal_i2c.o
HAL_I2C_Master_Seq_Receive_DMA                    build/stm32f1xx_hal_i2c.o
HAL_I2C_Master_Seq_Receive_IT                     build/stm32f1xx_hal_i2c.o
HAL_I2C_Master_Seq_Transmit_DMA                   build/stm32f1xx_hal_i2c.o
HAL_I2C_Master_Seq_Transmit_IT                    build/stm32f1xx_hal_i2c.o
HAL_I2C_Master_Transmit                           build/stm32f1xx_hal_i2c.o
HAL_I2C_Master_Transmit_DMA                       build/stm32f1xx_hal_i2c.o
HAL_I2C_Master_Transmit_IT                        build/stm32f1xx_hal_i2c.o
HAL_I2C_MemRxCpltCallback                         build/stm32f1xx_hal_i2c.o
HAL_I2C_MemTxCpltCallback                         build/stm32f1xx_hal_i2c.o
HAL_I2C_Mem_Read                                  build/stm32f1xx_hal_i2c.o
HAL_I2C_Mem_Read_DMA                              build/stm32f1xx_hal_i2c.o
HAL_I2C_Mem_Read_IT                               build/stm32f1xx_hal_i2c.o
HAL_I2C_Mem_Write                                 build/stm32f1xx_hal_i2c.o
                                                  build/oled_i2c.o
HAL_I2C_Mem_Write_DMA                             build/stm32f1xx_hal_i2c.o
HAL_I2C_Mem_Write_IT                              build/stm32f1xx_hal_i2c.o
HAL_I2C_MspDeInit                                 build/i2c.o
HAL_I2C_MspInit                                   build/i2c.o
HAL_I2C_SlaveRxCpltCallback                       build/stm32f1xx_hal_i2c.o
HAL_I2C_SlaveTxCpltCallback                       build/stm32f1xx_hal_i2c.o
HAL_I2C_Slave_Receive                             build/stm32f1xx_hal_i2c.o
HAL_I2C_Slave_Receive_DMA                         build/stm32f1xx_hal_i2c.o
HAL_I2C_Slave_Receive_IT                          build/stm32f1xx_hal_i2c.o
HAL_I2C_Slave_Seq_Receive_DMA                     build/stm32f1xx_hal_i2c.o
HAL_I2C_Slave_Seq_Receive_IT                      build/stm32f1xx_hal_i2c.o
HAL_I2C_Slave_Seq_Transmit_DMA                    build/stm32f1xx_hal_i2c.o
HAL_I2C_Slave_Seq_Transmit_IT                     build/stm32f1xx_hal_i2c.o
HAL_I2C_Slave_Transmit                            build/stm32f1xx_hal_i2c.o
HAL_I2C_Slave_Transmit_DMA                        build/stm32f1xx_hal_i2c.o
HAL_I2C_Slave_Transmit_IT                         build/stm32f1xx_hal_i2c.o
HAL_IncTick                                       build/stm32f1xx_hal.o
                                                  build/stm32f1xx_it.o
HAL_Init                                          build/stm32f1xx_hal.o
                                                  build/main.o
HAL_InitTick                                      build/stm32f1xx_hal.o
                                                  build/stm32f1xx_hal_rcc.o
HAL_LIN_Init                                      build/stm32f1xx_hal_uart.o
HAL_LIN_SendBreak                                 build/stm32f1xx_hal_uart.o
HAL_MspDeInit                                     build/stm32f1xx_hal.o
HAL_MspInit                                       build/stm32f1xx_hal_msp.o
HAL_MultiProcessor_EnterMuteMode                  build/stm32f1xx_hal_uart.o
HAL_MultiProcessor_ExitMuteMode                   build/stm32f1xx_hal_uart.o
HAL_MultiProcessor_Init                           build/stm32f1xx_hal_uart.o
HAL_NVIC_ClearPendingIRQ                          build/stm32f1xx_hal_cortex.o
HAL_NVIC_DisableIRQ                               build/stm32f1xx_hal_cortex.o
                                                  build/usart.o
                                                  build/i2c.o
HAL_NVIC_EnableIRQ                                build/stm32f1xx_hal_cortex.o
                                                  build/usart.o
                                                  build/i2c.o
HAL_NVIC_GetActive                                build/stm32f1xx_hal_cortex.o
HAL_NVIC_GetPendingIRQ                            build/stm32f1xx_hal_cortex.o
HAL_NVIC_GetPriority                              build/stm32f1xx_hal_cortex.o
HAL_NVIC_GetPriorityGrouping                      build/stm32f1xx_hal_cortex.o
HAL_NVIC_SetPendingIRQ                            build/stm32f1xx_hal_cortex.o
HAL_NVIC_SetPriority                              build/stm32f1xx_hal_cortex.o
                                                  build/stm32f1xx_hal.o
                                                  build/usart.o
                                                  build/i2c.o
HAL_NVIC_SetPriorityGrouping                      build/stm32f1xx_hal_cortex.o
                                                  build/stm32f1xx_hal.o
HAL_NVIC_SystemReset                              build/stm32f1xx_hal_cortex.o
                                                  build/stm32f1xx_hal_flash.o
HAL_PWR_ConfigPVD                                 build/stm32f1xx_hal_pwr.o
HAL_PWR_DeInit                                    build/stm32f1xx_hal_pwr.o
HAL_PWR_DisableBkUpAccess                         build/stm32f1xx_hal_pwr.o
HAL_PWR_DisablePVD                                build/stm32f1xx_hal_pwr.o
HAL_PWR_DisableSEVOnPend                          build/stm32f1xx_hal_pwr.o
HAL_PWR_DisableSleepOnExit                        build/stm32f1xx_hal_pwr.o
HAL_PWR_DisableWakeUpPin                          build/stm32f1xx_hal_pwr.o
HAL_PWR_EnableBkUpAccess                          build/stm32f1xx_hal_pwr.o
HAL_PWR_EnablePVD                                 build/stm32f1xx_hal_pwr.o
HAL_PWR_EnableSEVOnPend                           build/stm32f1xx_hal_pwr.o
HAL_PWR_EnableSleepOnExit                         build/stm32f1xx_hal_pwr.o
HAL_PWR_EnableWakeUpPin                           build/stm32f1xx_hal_pwr.o
HAL_PWR_EnterSLEEPMode                            build/stm32f1xx_hal_pwr.o
HAL_PWR_EnterSTANDBYMode                          build/stm32f1xx_hal_pwr.o
HAL_PWR_EnterSTOPMode                             build/stm32f1xx_hal_pwr.o
HAL_PWR_PVDCallback                               build/stm32f1xx_hal_pwr.o
HAL_PWR_PVD_IRQHandler                            build/stm32f1xx_hal_pwr.o
HAL_RCCEx_GetPeriphCLKConfig                      build/stm32f1xx_hal_rcc_ex.o
HAL_RCCEx_GetPeriphCLKFreq                        build/stm32f1xx_hal_rcc_ex.o
                                                  build/stm32f1xx_hal_adc_ex.o
                                                  build/stm32f1xx_hal_adc.o
HAL_RCCEx_PeriphCLKConfig                         build/stm32f1xx_hal_rcc_ex.o
                                                  build/main.o
HAL_RCC_CSSCallback                               build/stm32f1xx_hal_rcc.o
HAL_RCC_ClockConfig                               build/stm32f1xx_hal_rcc.o
                                                  build/main.o
HAL_RCC_DeInit                                    build/stm32f1xx_hal_rcc.o
HAL_RCC_DisableCSS                                build/stm32f1xx_hal_rcc.o
HAL_RCC_EnableCSS                                 build/stm32f1xx_hal_rcc.o
HAL_RCC_GetClockConfig                            build/stm32f1xx_hal_rcc.o
HAL_RCC_GetHCLKFreq                               build/stm32f1xx_hal_rcc.o
HAL_RCC_GetOscConfig                              build/stm32f1xx_hal_rcc.o
HAL_RCC_GetPCLK1Freq                              build/stm32f1xx_hal_rcc.o
                                                  build/stm32f1xx_hal_uart.o
                                                  build/stm32f1xx_hal_i2c.o
HAL_RCC_GetPCLK2Freq                              build/stm32f1xx_hal_rcc.o
                                                  build/stm32f1xx_hal_uart.o
                                                  build/stm32f1xx_hal_rcc_ex.o
HAL_RCC_GetSysClockFreq                           build/stm32f1xx_hal_rcc.o
                                                  build/stm32f1xx_hal_rcc_ex.o
HAL_RCC_MCOConfig                                 build/stm32f1xx_hal_rcc.o
HAL_RCC_NMI_IRQHandler                            build/stm32f1xx_hal_rcc.o
HAL_RCC_OscConfig                                 build/stm32f1xx_hal_rcc.o
                                                  build/main.o
HAL_ResumeTick                                    build/stm32f1xx_hal.o
HAL_SYSTICK_CLKSourceConfig                       build/stm32f1xx_hal_cortex.o
HAL_SYSTICK_Callback                              build/stm32f1xx_hal_cortex.o
HAL_SYSTICK_Config                                build/stm32f1xx_hal_cortex.o
                                                  build/stm32f1xx_hal.o
HAL_SYSTICK_IRQHandler                            build/stm32f1xx_hal_cortex.o
HAL_SetTickFreq                                   build/stm32f1xx_hal.o
HAL_SuspendTick                                   build/stm32f1xx_hal.o
HAL_UART_Abort                                    build/stm32f1xx_hal_uart.o
HAL_UART_AbortCpltCallback                        build/stm32f1xx_hal_uart.o
HAL_UART_AbortReceive                             build/stm32f1xx_hal_uart.o
HAL_UART_AbortReceiveCpltCallback                 build/stm32f1xx_hal_uart.o
HAL_UART_AbortReceive_IT                          build/stm32f1xx_hal_uart.o
HAL_UART_AbortTransmit                            build/stm32f1xx_hal_uart.o
HAL_UART_AbortTransmitCpltCallback                build/stm32f1xx_hal_uart.o
HAL_UART_AbortTransmit_IT                         build/stm32f1xx_hal_uart.o
HAL_UART_Abort_IT                                 build/stm32f1xx_hal_uart.o
HAL_UART_DMAPause                                 build/stm32f1xx_hal_uart.o
HAL_UART_DMAResume                                build/stm32f1xx_hal_uart.o
HAL_UART_DMAStop                                  build/stm32f1xx_hal_uart.o
HAL_UART_DeInit                                   build/stm32f1xx_hal_uart.o
HAL_UART_ErrorCallback                            build/stm32f1xx_hal_uart.o
HAL_UART_GetError                                 build/stm32f1xx_hal_uart.o
HAL_UART_GetState                                 build/stm32f1xx_hal_uart.o
HAL_UART_IRQHandler                               build/stm32f1xx_hal_uart.o
                                                  build/stm32f1xx_it.o
HAL_UART_Init                                     build/stm32f1xx_hal_uart.o
                                                  build/usart.o
HAL_UART_MspDeInit                                build/usart.o
HAL_UART_MspInit                                  build/usart.o
HAL_UART_Receive                                  build/stm32f1xx_hal_uart.o
HAL_UART_Receive_DMA                              build/stm32f1xx_hal_uart.o
HAL_UART_Receive_IT                               build/stm32f1xx_hal_uart.o
                                                  build/usart.o
HAL_UART_RxCpltCallback                           build/usart.o
HAL_UART_RxHalfCpltCallback                       build/stm32f1xx_hal_uart.o
HAL_UART_Transmit                                 build/stm32f1xx_hal_uart.o
                                                  build/main.o
HAL_UART_Transmit_DMA                             build/stm32f1xx_hal_uart.o
HAL_UART_Transmit_IT                              build/stm32f1xx_hal_uart.o
HAL_UART_TxCpltCallback                           build/stm32f1xx_hal_uart.o
HAL_UART_TxHalfCpltCallback                       build/stm32f1xx_hal_uart.o
HardFault_Handler                                 build/stm32f1xx_it.o
I2C1_ER_IRQHandler                                build/startup_stm32f103xe.o
I2C1_EV_IRQHandler                                build/stm32f1xx_it.o
I2C2_ER_IRQHandler                                build/startup_stm32f103xe.o
I2C2_EV_IRQHandler                                build/stm32f1xx_it.o
MMX_ADC_Conversion                                build/adc.o
                                                  build/main.o
MX_ADC1_Init                                      build/adc.o
                                                  build/main.o
MX_ADC2_Init                                      build/adc.o
                                                  build/main.o
MX_GPIO1_TEST_Error                               build/gpio.o
                                                  build/oled_i2c.o
MX_GPIO2_TEST_Error                               build/gpio.o
                                                  build/oled_i2c.o
MX_GPIO_Init                                      build/gpio.o
                                                  build/main.o
MX_I2C1_Init                                      build/i2c.o
                                                  build/main.o
MX_I2C2_Init                                      build/i2c.o
                                                  build/main.o
MX_UART4_Init                                     build/usart.o
                                                  build/main.o
MX_UART5_Init                                     build/usart.o
                                                  build/main.o
MemManage_Handler                                 build/stm32f1xx_it.o
NMI_Handler                                       build/stm32f1xx_it.o
OLED_Init                                         build/oled_i2c.o
                                                  build/main.o
PVD_IRQHandler                                    build/startup_stm32f103xe.o
PendSV_Handler                                    build/stm32f1xx_it.o
RCC_IRQHandler                                    build/startup_stm32f103xe.o
RTC_Alarm_IRQHandler                              build/startup_stm32f103xe.o
RTC_IRQHandler                                    build/startup_stm32f103xe.o
Reset_Handler                                     build/startup_stm32f103xe.o
SDIO_IRQHandler                                   build/startup_stm32f103xe.o
SPI1_IRQHandler                                   build/startup_stm32f103xe.o
SPI2_IRQHandler                                   build/startup_stm32f103xe.o
SPI3_IRQHandler                                   build/startup_stm32f103xe.o
SVC_Handler                                       build/stm32f1xx_it.o
SysTick_Handler                                   build/stm32f1xx_it.o
SystemClock_Config                                build/main.o
SystemCoreClock                                   build/system_stm32f1xx.o
                                                  build/stm32f1xx_hal_i2c.o
                                                  build/stm32f1xx_hal_rcc.o
                                                  build/stm32f1xx_hal.o
                                                  build/stm32f1xx_hal_adc_ex.o
                                                  build/stm32f1xx_hal_adc.o
SystemCoreClockUpdate                             build/system_stm32f1xx.o
SystemInit                                        build/system_stm32f1xx.o
                                                  build/startup_stm32f103xe.o
TAMPER_IRQHandler                                 build/startup_stm32f103xe.o
TIM1_BRK_IRQHandler                               build/startup_stm32f103xe.o
TIM1_CC_IRQHandler                                build/startup_stm32f103xe.o
TIM1_TRG_COM_IRQHandler                           build/startup_stm32f103xe.o
TIM1_UP_IRQHandler                                build/startup_stm32f103xe.o
TIM2_IRQHandler                                   build/startup_stm32f103xe.o
TIM3_IRQHandler                                   build/startup_stm32f103xe.o
TIM4_IRQHandler                                   build/startup_stm32f103xe.o
TIM5_IRQHandler                                   build/startup_stm32f103xe.o
TIM6_IRQHandler                                   build/startup_stm32f103xe.o
TIM7_IRQHandler                                   build/startup_stm32f103xe.o
TIM8_BRK_IRQHandler                               build/startup_stm32f103xe.o
TIM8_CC_IRQHandler                                build/startup_stm32f103xe.o
TIM8_TRG_COM_IRQHandler                           build/startup_stm32f103xe.o
TIM8_UP_IRQHandler                                build/startup_stm32f103xe.o
UART4_IRQHandler                                  build/stm32f1xx_it.o
UART5_IRQHandler                                  build/stm32f1xx_it.o
USART1_IRQHandler                                 build/startup_stm32f103xe.o
USART2_IRQHandler                                 build/startup_stm32f103xe.o
USART3_IRQHandler                                 build/startup_stm32f103xe.o
USBWakeUp_IRQHandler                              build/startup_stm32f103xe.o
USB_HP_CAN1_TX_IRQHandler                         build/startup_stm32f103xe.o
USB_LP_CAN1_RX0_IRQHandler                        build/startup_stm32f103xe.o
UsageFault_Handler                                build/stm32f1xx_it.o
WWDG_IRQHandler                                   build/startup_stm32f103xe.o
_Jv_RegisterClasses                               /Users/leixiaoxiang/opt/gcc-arm-none-eabi/bin/../lib/gcc/arm-none-eabi/5.4.1/armv7-m/crtbegin.o
__bss_end__                                       /Users/leixiaoxiang/opt/gcc-arm-none-eabi/bin/../lib/gcc/arm-none-eabi/5.4.1/../../../../arm-none-eabi/lib/armv7-m/crt0.o
__bss_start__                                     /Users/leixiaoxiang/opt/gcc-arm-none-eabi/bin/../lib/gcc/arm-none-eabi/5.4.1/../../../../arm-none-eabi/lib/armv7-m/crt0.o
__call_exitprocs                                  /Users/leixiaoxiang/opt/gcc-arm-none-eabi/bin/../lib/gcc/arm-none-eabi/5.4.1/../../../../arm-none-eabi/lib/armv7-m/libc_nano.a(lib_a-exit.o)
__deregister_frame_info                           /Users/leixiaoxiang/opt/gcc-arm-none-eabi/bin/../lib/gcc/arm-none-eabi/5.4.1/armv7-m/crtbegin.o
__dso_handle                                      /Users/leixiaoxiang/opt/gcc-arm-none-eabi/bin/../lib/gcc/arm-none-eabi/5.4.1/armv7-m/crtbegin.o
__init_array_end                                  /Users/leixiaoxiang/opt/gcc-arm-none-eabi/bin/../lib/gcc/arm-none-eabi/5.4.1/../../../../arm-none-eabi/lib/armv7-m/libc_nano.a(lib_a-init.o)
__init_array_start                                /Users/leixiaoxiang/opt/gcc-arm-none-eabi/bin/../lib/gcc/arm-none-eabi/5.4.1/../../../../arm-none-eabi/lib/armv7-m/libc_nano.a(lib_a-init.o)
__libc_fini_array                                 /Users/leixiaoxiang/opt/gcc-arm-none-eabi/bin/../lib/gcc/arm-none-eabi/5.4.1/../../../../arm-none-eabi/lib/armv7-m/crt0.o
__libc_init_array                                 /Users/leixiaoxiang/opt/gcc-arm-none-eabi/bin/../lib/gcc/arm-none-eabi/5.4.1/../../../../arm-none-eabi/lib/armv7-m/libc_nano.a(lib_a-init.o)
                                                  build/startup_stm32f103xe.o
                                                  /Users/leixiaoxiang/opt/gcc-arm-none-eabi/bin/../lib/gcc/arm-none-eabi/5.4.1/../../../../arm-none-eabi/lib/armv7-m/crt0.o
__preinit_array_end                               /Users/leixiaoxiang/opt/gcc-arm-none-eabi/bin/../lib/gcc/arm-none-eabi/5.4.1/../../../../arm-none-eabi/lib/armv7-m/libc_nano.a(lib_a-init.o)
__preinit_array_start                             /Users/leixiaoxiang/opt/gcc-arm-none-eabi/bin/../lib/gcc/arm-none-eabi/5.4.1/../../../../arm-none-eabi/lib/armv7-m/libc_nano.a(lib_a-init.o)
__register_frame_info                             /Users/leixiaoxiang/opt/gcc-arm-none-eabi/bin/../lib/gcc/arm-none-eabi/5.4.1/armv7-m/crtbegin.o
__sf_fake_stderr                                  /Users/leixiaoxiang/opt/gcc-arm-none-eabi/bin/../lib/gcc/arm-none-eabi/5.4.1/../../../../arm-none-eabi/lib/armv7-m/libc_nano.a(lib_a-impure.o)
__sf_fake_stdin                                   /Users/leixiaoxiang/opt/gcc-arm-none-eabi/bin/../lib/gcc/arm-none-eabi/5.4.1/../../../../arm-none-eabi/lib/armv7-m/libc_nano.a(lib_a-impure.o)
__sf_fake_stdout                                  /Users/leixiaoxiang/opt/gcc-arm-none-eabi/bin/../lib/gcc/arm-none-eabi/5.4.1/../../../../arm-none-eabi/lib/armv7-m/libc_nano.a(lib_a-impure.o)
__stack                                           /Users/leixiaoxiang/opt/gcc-arm-none-eabi/bin/../lib/gcc/arm-none-eabi/5.4.1/../../../../arm-none-eabi/lib/armv7-m/crt0.o
_ebss                                             build/startup_stm32f103xe.o
_edata                                            build/startup_stm32f103xe.o
_estack                                           build/startup_stm32f103xe.o
_exit                                             /Users/leixiaoxiang/opt/gcc-arm-none-eabi/bin/../lib/gcc/arm-none-eabi/5.4.1/../../../../arm-none-eabi/lib/armv7-m/libnosys.a(_exit.o)
                                                  /Users/leixiaoxiang/opt/gcc-arm-none-eabi/bin/../lib/gcc/arm-none-eabi/5.4.1/../../../../arm-none-eabi/lib/armv7-m/libc_nano.a(lib_a-exit.o)
_fini                                             /Users/leixiaoxiang/opt/gcc-arm-none-eabi/bin/../lib/gcc/arm-none-eabi/5.4.1/armv7-m/crti.o
_global_impure_ptr                                /Users/leixiaoxiang/opt/gcc-arm-none-eabi/bin/../lib/gcc/arm-none-eabi/5.4.1/../../../../arm-none-eabi/lib/armv7-m/libc_nano.a(lib_a-impure.o)
                                                  /Users/leixiaoxiang/opt/gcc-arm-none-eabi/bin/../lib/gcc/arm-none-eabi/5.4.1/../../../../arm-none-eabi/lib/armv7-m/libc_nano.a(lib_a-exit.o)
_impure_ptr                                       /Users/leixiaoxiang/opt/gcc-arm-none-eabi/bin/../lib/gcc/arm-none-eabi/5.4.1/../../../../arm-none-eabi/lib/armv7-m/libc_nano.a(lib_a-impure.o)
_init                                             /Users/leixiaoxiang/opt/gcc-arm-none-eabi/bin/../lib/gcc/arm-none-eabi/5.4.1/armv7-m/crti.o
                                                  /Users/leixiaoxiang/opt/gcc-arm-none-eabi/bin/../lib/gcc/arm-none-eabi/5.4.1/../../../../arm-none-eabi/lib/armv7-m/libc_nano.a(lib_a-init.o)
_mainCRTStartup                                   /Users/leixiaoxiang/opt/gcc-arm-none-eabi/bin/../lib/gcc/arm-none-eabi/5.4.1/../../../../arm-none-eabi/lib/armv7-m/crt0.o
_sbss                                             build/startup_stm32f103xe.o
_sdata                                            build/startup_stm32f103xe.o
_sidata                                           build/startup_stm32f103xe.o
_start                                            /Users/leixiaoxiang/opt/gcc-arm-none-eabi/bin/../lib/gcc/arm-none-eabi/5.4.1/../../../../arm-none-eabi/lib/armv7-m/crt0.o
atexit                                            /Users/leixiaoxiang/opt/gcc-arm-none-eabi/bin/../lib/gcc/arm-none-eabi/5.4.1/../../../../arm-none-eabi/lib/armv7-m/crt0.o
display_ctrl                                      build/oled_i2c.o
                                                  build/main.o
exit                                              /Users/leixiaoxiang/opt/gcc-arm-none-eabi/bin/../lib/gcc/arm-none-eabi/5.4.1/../../../../arm-none-eabi/lib/armv7-m/libc_nano.a(lib_a-exit.o)
                                                  /Users/leixiaoxiang/opt/gcc-arm-none-eabi/bin/../lib/gcc/arm-none-eabi/5.4.1/../../../../arm-none-eabi/lib/armv7-m/crt0.o
g_pfnVectors                                      build/startup_stm32f103xe.o
hadc1                                             build/adc.o
                                                  build/main.o
hadc2                                             build/adc.o
                                                  build/main.o
hardware_init_hook                                /Users/leixiaoxiang/opt/gcc-arm-none-eabi/bin/../lib/gcc/arm-none-eabi/5.4.1/../../../../arm-none-eabi/lib/armv7-m/crt0.o
hi2c1                                             build/i2c.o
                                                  build/stm32f1xx_it.o
                                                  build/oled_i2c.o
                                                  build/main.o
hi2c2                                             build/i2c.o
                                                  build/stm32f1xx_it.o
                                                  build/oled_i2c.o
                                                  build/main.o
huart4                                            build/usart.o
                                                  build/stm32f1xx_it.o
                                                  build/main.o
huart5                                            build/usart.o
                                                  build/stm32f1xx_it.o
                                                  build/main.o
main                                              build/main.o
                                                  build/startup_stm32f103xe.o
                                                  /Users/leixiaoxiang/opt/gcc-arm-none-eabi/bin/../lib/gcc/arm-none-eabi/5.4.1/../../../../arm-none-eabi/lib/armv7-m/crt0.o
memset                                            /Users/leixiaoxiang/opt/gcc-arm-none-eabi/bin/../lib/gcc/arm-none-eabi/5.4.1/../../../../arm-none-eabi/lib/armv7-m/libc_nano.a(lib_a-memset.o)
                                                  build/main.o
                                                  /Users/leixiaoxiang/opt/gcc-arm-none-eabi/bin/../lib/gcc/arm-none-eabi/5.4.1/../../../../arm-none-eabi/lib/armv7-m/crt0.o
pFlash                                            build/stm32f1xx_hal_flash.o
                                                  build/stm32f1xx_hal_flash_ex.o
software_init_hook                                /Users/leixiaoxiang/opt/gcc-arm-none-eabi/bin/../lib/gcc/arm-none-eabi/5.4.1/../../../../arm-none-eabi/lib/armv7-m/crt0.o
uart_data1                                        build/usart.o
                                                  build/main.o
uart_data2                                        build/usart.o
                                                  build/main.o
uwTick                                            build/stm32f1xx_hal.o
uwTickFreq                                        build/stm32f1xx_hal.o
uwTickPrio                                        build/stm32f1xx_hal.o
                                                  build/stm32f1xx_hal_rcc.o
